**********************************************
* Logging started at 週三 六月 3 16:33:13 2026
* By flac3d Version 6.00 Release 069
* 
* 
* Job Title: 
**********************************************
flac3d>model restore 'D:/FLAC_AI/3D_far/0603/initial_state_0603'
********************************************
Save file created by FLAC3D 6.00.69.0
on 週三 六月 3 03:23:03 2026
Total Cycles: 27597  Super Cycles: 27597
Title: 
Customer: 
        : 
********************************************
flac3d>
flac3d>[global G = array.create(5)]
flac3d>fish define set_names
   Def>    G(1) = 'SS_NK'
   Def>    G(2) = 'Interbedded_ST'
   Def>    G(3) = 'SH_ST'
   Def>    G(4) = 'SS_NC'
   Def>    G(5) = 'Fault'
   Def>end
flac3d>@set_names
flac3d>
flac3d>[global b1_tot = array.create(5)]
flac3d>[global b1_ten = array.create(5)]
flac3d>[global b2_tot = array.create(5)]
flac3d>[global b2_ten = array.create(5)]
flac3d>[global znk_min =  1e30]
flac3d>[global znk_max = -1e30]
flac3d>[global zib_min =  1e30]
flac3d>[global zib_max = -1e30]
flac3d>[global szzmin =  1e30]
flac3d>[global szzmin_z = 0.0]
flac3d>
flac3d>fish define gidx(nm)
   Def>    gidx = 0
   Def>    local k
   Def>    loop k (1, 5)
   Def>        if nm = G(k)
   Def>            gidx = k
   Def>        endif
   Def>    endloop
   Def>end
flac3d>
flac3d>fish define in_box(xx, yy, zz, xlo, xhi)
   Def>    in_box = 0
   Def>    if xx >= xlo
   Def>        if xx <= xhi
   Def>            if yy >= 4775.0
   Def>                if yy <= 4825.0
   Def>                    if zz >= 192.0
   Def>                        if zz <= 242.0
   Def>                            in_box = 1
   Def>                        endif
   Def>                    endif
   Def>                endif
   Def>            endif
   Def>        endif
   Def>    endif
   Def>end
flac3d>
flac3d>fish define run_box
   Def>    local k
   Def>    loop k (1, 5)
   Def>        b1_tot(k) = 0
   Def>        b1_ten(k) = 0
   Def>        b2_tot(k) = 0
   Def>        b2_ten(k) = 0
   Def>    endloop
   Def>    loop foreach local z zone.list
   Def>        if zone.model(z) # 'null'
   Def>            local xx = zone.pos.x(z)
   Def>            local yy = zone.pos.y(z)
   Def>            local zz = zone.pos.z(z)
   Def>            local szz = zone.stress.zz(z)
   Def>            if szz < szzmin
   Def>                szzmin = szz
   Def>                szzmin_z = zz
   Def>            endif
   Def>            local gi = gidx(zone.group(z,'lithology'))
   Def>            if gi = 1
   Def>                if zz < znk_min
   Def>                    znk_min = zz
   Def>                endif
   Def>                if zz > znk_max
   Def>                    znk_max = zz
   Def>                endif
   Def>            endif
   Def>            if gi = 2
   Def>                if zz < zib_min
   Def>                    zib_min = zz
   Def>                endif
   Def>                if zz > zib_max
   Def>                    zib_max = zz
   Def>                endif
   Def>            endif
   Def>            if gi > 0
   Def>                local ten = 0
   Def>                if math.and(zone.state(z,1), 12) # 0
   Def>                    ten = 1
   Def>                endif
   Def>                if in_box(xx, yy, zz, 2558.0, 2658.0) = 1
   Def>                    b1_tot(gi) = b1_tot(gi) + 1
   Def>                    b1_ten(gi) = b1_ten(gi) + ten
   Def>                endif
   Def>                if in_box(xx, yy, zz, 2846.0, 2946.0) = 1
   Def>                    b2_tot(gi) = b2_tot(gi) + 1
   Def>                    b2_ten(gi) = b2_ten(gi) + ten
   Def>                endif
   Def>            endif
   Def>        endif
   Def>    endloop
   Def>    io.out('=== BOX 2608 (x2558-2658,z192-242) yield by lithology ===')
   Def>    loop k (1, 5)
   Def>        io.out(G(k) + '  tot=' + string(b1_tot(k)) + '  tension=' + string(b1_ten(k)))
   Def>    endloop
   Def>    io.out('=== BOX 2896 (x2846-2946,z192-242) yield by lithology ===')
   Def>    loop k (1, 5)
   Def>        io.out(G(k) + '  tot=' + string(b2_tot(k)) + '  tension=' + string(b2_ten(k)))
   Def>    endloop
   Def>    io.out('=== SS_NK z-range = ' + string(znk_min) + ' .. ' + string(znk_max))
   Def>    io.out('=== Interbedded_ST z-range = ' + string(zib_min) + ' .. ' + string(zib_max))
   Def>    io.out('=== most-compressive szz = ' + string(szzmin) + ' at z=' + string(szzmin_z))
   Def>end
flac3d>@run_box
=== BOX 2608 (x2558-2658,z192-242) yield by lithology ===
SS_NK  tot=0  tension=0
Interbedded_ST  tot=0  tension=0
SH_ST  tot=0  tension=0
SS_NC  tot=26257  tension=0
Fault  tot=11243  tension=0
=== BOX 2896 (x2846-2946,z192-242) yield by lithology ===
SS_NK  tot=0  tension=0
Interbedded_ST  tot=0  tension=0
SH_ST  tot=36449  tension=0
SS_NC  tot=0  tension=0
Fault  tot=1051  tension=0
=== SS_NK z-range = 384.056 .. 471.812
=== Interbedded_ST z-range = 282.839 .. 430.12
=== most-compressive szz = -6.44606e+06 at z=177.568
flac3d>
flac3d>program echo-line '=== DIAG BOX DONE ==='
=== DIAG BOX DONE === 
flac3d>program quit
