**********************************************
* Logging started at 週三 六月 3 16:27:50 2026
* By flac3d Version 6.00 Release 069
* 
* 
* Job Title: 
**********************************************
flac3d>model restore 'D:/FLAC_AI/3D_far/0603/initial_state_0603'
********************************************
Save file created by FLAC3D 6.00.69.0
on 週三 六月 3 03:23:03 2026
Total Cycles: 27597  Super Cycles: 27597
Title: 
Customer: 
        : 
********************************************
flac3d>
flac3d>[global G = array.create(5)]
flac3d>[global ig = 0]
flac3d>fish define set_names
   Def>    G(1) = 'SS_NK'
   Def>    G(2) = 'Interbedded_ST'
   Def>    G(3) = 'SH_ST'
   Def>    G(4) = 'SS_NC'
   Def>    G(5) = 'Fault'
   Def>end
flac3d>@set_names
flac3d>
flac3d>[global c_tot = array.create(5)]
flac3d>[global c_ten = array.create(5)]
flac3d>[global c_shr = array.create(5)]
flac3d>[global c_any = array.create(5)]
flac3d>[global szz_min =  1e30]
flac3d>[global szz_max = -1e30]
flac3d>[global sxx_min =  1e30]
flac3d>
flac3d>fish define gidx(nm)
   Def>    gidx = 0
   Def>    local k
   Def>    loop k (1, 5)
   Def>        if nm = G(k)
   Def>            gidx = k
   Def>        endif
   Def>    endloop
   Def>end
flac3d>
flac3d>fish define run_diag
   Def>    local k
   Def>    loop k (1, 5)
   Def>        c_tot(k) = 0
   Def>        c_ten(k) = 0
   Def>        c_shr(k) = 0
   Def>        c_any(k) = 0
   Def>    endloop
   Def>    loop foreach local z zone.list
   Def>        if zone.model(z) # 'null'
   Def>            local szz = zone.stress.zz(z)
   Def>            local sxx = zone.stress.xx(z)
   Def>            if szz < szz_min
   Def>                szz_min = szz
   Def>            endif
   Def>            if szz > szz_max
   Def>                szz_max = szz
   Def>            endif
   Def>            if sxx < sxx_min
   Def>                sxx_min = sxx
   Def>            endif
   Def>            local gi = gidx(zone.group(z,'lithology'))
   Def>            if gi > 0
   Def>                c_tot(gi) = c_tot(gi) + 1
   Def>                local st = zone.state(z,1)
   Def>                if math.and(st, 12) # 0
   Def>                    c_ten(gi) = c_ten(gi) + 1
   Def>                endif
   Def>                if math.and(st, 3) # 0
   Def>                    c_shr(gi) = c_shr(gi) + 1
   Def>                endif
   Def>                if math.and(st, 15) # 0
   Def>                    c_any(gi) = c_any(gi) + 1
   Def>                endif
   Def>            endif
   Def>        endif
   Def>    endloop
   Def>    io.out('=== 0603 initial-state yield by lithology ===')
   Def>    io.out('group            total    tension(%)     shear(%)      any(%)')
   Def>    loop k (1, 5)
   Def>        local tt = c_tot(k)
   Def>        local pt = 0.0
   Def>        local ps = 0.0
   Def>        local pa = 0.0
   Def>        if tt > 0
   Def>            pt = 100.0 * c_ten(k) / tt
   Def>            ps = 100.0 * c_shr(k) / tt
   Def>            pa = 100.0 * c_any(k) / tt
   Def>        endif
   Def>        io.out(G(k) + '   tot=' + string(tt) + '  ten=' + string(c_ten(k)) + '(' + string(pt) + '%)  shr=' + string(c_shr(k)) + '(' + string(ps) + '%)  any=' + string(c_any(k)) + '(' + string(pa) + '%)')
   Def>    endloop
   Def>    io.out('=== stress sanity (Pa) ===')
   Def>    io.out('szz_min(most compressive) = ' + string(szz_min))
   Def>    io.out('szz_max(least/ tensile?)  = ' + string(szz_max))
   Def>    io.out('sxx_min(most compressive) = ' + string(sxx_min))
   Def>end
flac3d>@run_diag
=== 0603 initial-state yield by lithology ===
group            total    tension(%)     shear(%)      any(%)
SS_NK   tot=608  ten=572(0%)  shr=178(0%)  any=572(0%)
Interbedded_ST   tot=8063  ten=4838(0%)  shr=625(0%)  any=4838(0%)
SH_ST   tot=189060  ten=8807(0%)  shr=2644(0%)  any=8807(0%)
SS_NC   tot=91994  ten=10(0%)  shr=9(0%)  any=10(0%)
Fault   tot=106275  ten=637(0%)  shr=474(0%)  any=637(0%)
=== stress sanity (Pa) ===
szz_min(most compressive) = -6.44606e+06
szz_max(least/ tensile?)  = -103823
sxx_min(most compressive) = -7.1195e+06
flac3d>
flac3d>program echo-line '=== DIAG DONE ==='
=== DIAG DONE === 
flac3d>program quit
