**********************************************
* Logging started at 週四 六月 4 00:00:27 2026
* By flac3d Version 6.00 Release 069
* 
* 
* Job Title: 
**********************************************
flac3d>model restore 'D:/FLAC_AI/3D_far/0603/excav_monitor_final'
********************************************
Save file created by FLAC3D 6.00.69.0
on 週三 六月 3 22:13:35 2026
Total Cycles: 143097  Super Cycles: 143097
Title: 
Customer: 
        : 
********************************************
flac3d>
flac3d>[global gC1 = gp.near(2608.0, 4800.0, 220.0)]
flac3d>[global gL1 = gp.near(2608.0, 4797.0, 217.0)]
flac3d>[global gR1 = gp.near(2608.0, 4803.0, 217.0)]
flac3d>[global gC2 = gp.near(2896.0, 4800.0, 220.0)]
flac3d>[global gL2 = gp.near(2896.0, 4797.0, 217.0)]
flac3d>[global gR2 = gp.near(2896.0, 4803.0, 217.0)]
flac3d>
flac3d>fish define show(tag, g)
   Def>    io.out(tag + '  pos=(' + string(gp.pos.x(g)) + ',' + string(gp.pos.y(g)) + ',' + string(gp.pos.z(g)) + ')  disp=(' + string(gp.disp.x(g)) + ',' + string(gp.disp.y(g)) + ',' + string(gp.disp.z(g)) + ')')
   Def>end
flac3d>fish define run_show
   Def>    io.out('=== monitor gridpoints (pos & disp, metres) ===')
   Def>    show('crown2608', gC1)
   Def>    show('wallL2608', gL1)
   Def>    show('wallR2608', gR1)
   Def>    io.out('conv2608 = ' + string(-gp.disp.y(gL1) + gp.disp.y(gR1)))
   Def>    show('crown2896', gC2)
   Def>    show('wallL2896', gL2)
   Def>    show('wallR2896', gR2)
   Def>    io.out('conv2896 = ' + string(-gp.disp.y(gL2) + gp.disp.y(gR2)))
   Def>end
flac3d>@run_show
=== monitor gridpoints (pos & disp, metres) ===
crown2608  pos=(2608,4800,220)  disp=(0.00820887,0.00383932,-0.0281882)
wallL2608  pos=(2608,4797,217)  disp=(0.010695,0.0298166,-0.0117607)
wallR2608  pos=(2608,4803,217)  disp=(0.0031538,-0.0231129,-0.00925994)
conv2608 = -0.0529295
crown2896  pos=(2896,4800,220)  disp=(-0.000807937,-0.000137283,-0.0561918)
wallL2896  pos=(2896,4797,217)  disp=(0.00793358,0.0776889,-0.0422965)
wallR2896  pos=(2896,4803,217)  disp=(0.0124039,-0.0811696,-0.0419152)
conv2896 = -0.158858
flac3d>
flac3d>program echo-line '=== DIAG MONITOR GP DONE ==='
=== DIAG MONITOR GP DONE === 
flac3d>program quit
