**********************************************
* Logging started at 週三 六月 3 16:43:46 2026
* By flac3d Version 6.00 Release 069
* 
* 
* Job Title: 
**********************************************
flac3d>model restore 'D:/FLAC_AI/3D_far/0603/initial_state_0603'
********************************************
Save file created by FLAC3D 6.00.69.0
on 週三 六月 3 03:23:03 2026
Total Cycles: 27597  Super Cycles: 27597
Title: 
Customer: 
        : 
********************************************
flac3d>
flac3d>; box extents (same as 0601): y 4775..4825, z 192..242
flac3d>; sub_2608: x 2558..2658 ; sub_2896: x 2846..2946
flac3d>fish define export_box(path, xlo, xhi)
   Def>    local fl = array.create(1)
   Def>    local status = file.open(path, 1, 1)
   Def>    fl(1) = 'zid x y z sxx syy szz sxy sxz syz'
   Def>    status = file.write(fl, 1)
   Def>    local count = 0
   Def>    loop foreach local iz zone.list
   Def>        local xx = zone.pos.x(iz)
   Def>        if xx >= xlo
   Def>            if xx <= xhi
   Def>                local yy = zone.pos.y(iz)
   Def>                if yy >= 4775.0
   Def>                    if yy <= 4825.0
   Def>                        local zz = zone.pos.z(iz)
   Def>                        if zz >= 192.0
   Def>                            if zz <= 242.0
   Def>                                fl(1) = string(zone.id(iz)) + ' ' + string(xx) + ' ' + string(yy) + ' ' + string(zz) + ' ' + string(zone.stress.xx(iz)) + ' ' + string(zone.stress.yy(iz)) + ' ' + string(zone.stress.zz(iz)) + ' ' + string(zone.stress.xy(iz)) + ' ' + string(zone.stress.xz(iz)) + ' ' + string(zone.stress.yz(iz))
   Def>                                status = file.write(fl, 1)
   Def>                                count = count + 1
   Def>                            endif
   Def>                        endif
   Def>                    endif
   Def>                endif
   Def>            endif
   Def>        endif
   Def>    endloop
   Def>    status = file.close
   Def>    io.out('exported ' + path + ' : ' + string(count) + ' zones')
   Def>end
flac3d>
flac3d>[export_box('D:/FLAC_AI/3D_far/0603/far_out/initial_stress_sub_2608.dat', 2558.0, 2658.0)]
exported D:/FLAC_AI/3D_far/0603/far_out/initial_stress_sub_2608.dat : 37500 zones
0 (integer)
flac3d>[export_box('D:/FLAC_AI/3D_far/0603/far_out/initial_stress_sub_2896.dat', 2846.0, 2946.0)]
exported D:/FLAC_AI/3D_far/0603/far_out/initial_stress_sub_2896.dat : 37500 zones
0 (integer)
flac3d>
flac3d>program echo-line '=== 0603 export initial stress complete ==='
=== 0603 export initial stress complete === 
flac3d>program quit
