**********************************************
* Logging started at 週四 六月 4 01:08:37 2026
* By flac3d Version 6.00 Release 069
* 
* 
* Job Title: 
**********************************************
flac3d>; ============================================================
flac3d>; read_far_boundary_sub_2608.f3dat
flac3d>;  sub_2608 + 
flac3d>;
flac3d>; 
flac3d>;   1) restore  build save (sub_2608_build)
flac3d>;   2)  Mohr-Coulomb  initial_state /
flac3d>;   3)  dat -> 3D Bucket IDW ->  zone 
flac3d>;   4)  CSV -> IDW  gridpoint
flac3d>;      ->  gp.disp  gp.extra(1..3) 
flac3d>;   5)  (velocity hold) = 
flac3d>;   6) save sub_2608_initial_state
flac3d>;
flac3d>; 
flac3d>;   : D:/FLAC_AI/3D_far/0603/far_out/initial_stress_sub_2608.dat
flac3d>;         : zid x y z sxx syy szz sxy sxz syz  ()
flac3d>;   : D:/FLAC_AI/3D_far/0603/far_out/submodel_boundary_displacement_v4_from_0603.csv
flac3d>;          0603 submodel_boundary_displacement.csv + gridpoints join 
flac3d>;
flac3d>;  (held) + 
flac3d>;        stress-based submodel  excavation  restore
flac3d>;        zone gridpoint initialize displacement (0,0,0) gp.disp
flac3d>;        gp.extra(1..3) 
flac3d>; ============================================================
flac3d>
flac3d>model new
flac3d>model deterministic on
flac3d>model precision 1
flac3d>model random 10000
flac3d>model restore 'D:/FLAC_AI/3D_small/0531/2608/sub_2608_build'
********************************************
Save file created by FLAC3D 6.00.69.0
on 週一 六月 1 21:39:53 2026
Total Cycles: 0  Super Cycles: 0
Title: sub_2608 unsupported excavation submodel mesh
Customer: 
        : 
********************************************
flac3d>
flac3d>; ============================================================
flac3d>; box 
flac3d>; ============================================================
flac3d>[global box_tag   = 'sub_2608']
flac3d>[global box_xmin  = 2558.0]
flac3d>[global box_xmax  = 2658.0]
flac3d>[global box_ymin  = 4775.0]
flac3d>[global box_ymax  = 4825.0]
flac3d>[global box_zmin  = 192.0]
flac3d>[global box_zmax  = 242.0]
flac3d>[global face_tol  = 0.05]
flac3d>
flac3d>[global stress_file = 'D:/FLAC_AI/3D_far/0603/far_out/initial_stress_sub_2608.dat']
flac3d>[global disp_file   = 'D:/FLAC_AI/3D_far/0603/far_out/submodel_boundary_displacement_v4_from_0603.csv']
flac3d>
flac3d>; ============================================================
flac3d>;  Mohr-Coulomb  initial_state.py materials_mc
flac3d>; (density[kg/m3], young[Pa], poisson, cohesion[Pa], friction[deg])
flac3d>; ============================================================
flac3d>zone cmodel assign mohr-coulomb range group 'SS_NK' slot 'lithology'
flac3d>zone property density 2565.0 young 1.2e9 poisson 0.29 cohesion 300e3 friction 38 tension 30e3 range group 'SS_NK' slot 'lithology'
+++ No valid zones found in range.
flac3d>
flac3d>zone cmodel assign mohr-coulomb range group 'Interbedded_ST' slot 'lithology'
flac3d>zone property density 2520.0 young 0.6e9 poisson 0.32 cohesion 75e3 friction 35 tension 7.5e3 range group 'Interbedded_ST' slot 'lithology'
+++ No valid zones found in range.
flac3d>
flac3d>zone cmodel assign mohr-coulomb range group 'SH_ST' slot 'lithology'
flac3d>zone property density 2538.0 young 0.8e9 poisson 0.38 cohesion 100e3 friction 32 tension 10e3 range group 'SH_ST' slot 'lithology'
--- Property young set in 98 zones using the mohr-coulomb model.
--- Property poisson set in 98 zones using the mohr-coulomb model.
--- Property cohesion set in 98 zones using the mohr-coulomb model.
--- Property friction set in 98 zones using the mohr-coulomb model.
--- Property tension set in 98 zones using the mohr-coulomb model.
flac3d>
flac3d>zone cmodel assign mohr-coulomb range group 'SS_NC' slot 'lithology'
flac3d>zone property density 2485.0 young 1.0e9 poisson 0.25 cohesion 200e3 friction 42 tension 20e3 range group 'SS_NC' slot 'lithology'
--- Property young set in 45676 zones using the mohr-coulomb model.
--- Property poisson set in 45676 zones using the mohr-coulomb model.
--- Property cohesion set in 45676 zones using the mohr-coulomb model.
--- Property friction set in 45676 zones using the mohr-coulomb model.
--- Property tension set in 45676 zones using the mohr-coulomb model.
flac3d>
flac3d>zone cmodel assign mohr-coulomb range group 'Fault' slot 'lithology'
flac3d>zone property density 2490.0 young 0.3e9 poisson 0.30 cohesion 30e3 friction 20 tension 3e3 range group 'Fault' slot 'lithology'
--- Property young set in 181026 zones using the mohr-coulomb model.
--- Property poisson set in 181026 zones using the mohr-coulomb model.
--- Property cohesion set in 181026 zones using the mohr-coulomb model.
--- Property friction set in 181026 zones using the mohr-coulomb model.
--- Property tension set in 181026 zones using the mohr-coulomb model.
flac3d>
flac3d>; tunnel  x box 2558~2658 2558~2600 SS_NC, 2600~2658 Fault
flac3d>zone cmodel assign mohr-coulomb range group 'tunnel' position-x 2558 2600
flac3d>zone property density 2485.0 young 1.0e9 poisson 0.25 cohesion 200e3 friction 42 tension 20e3 range group 'tunnel' position-x 2558 2600
--- Property young set in 4872 zones using the mohr-coulomb model.
--- Property poisson set in 4872 zones using the mohr-coulomb model.
--- Property cohesion set in 4872 zones using the mohr-coulomb model.
--- Property friction set in 4872 zones using the mohr-coulomb model.
--- Property tension set in 4872 zones using the mohr-coulomb model.
flac3d>
flac3d>zone cmodel assign mohr-coulomb range group 'tunnel' position-x 2600 2658
flac3d>zone property density 2490.0 young 0.3e9 poisson 0.30 cohesion 30e3 friction 20 tension 3e3 range group 'tunnel' position-x 2600 2658
--- Property young set in 6728 zones using the mohr-coulomb model.
--- Property poisson set in 6728 zones using the mohr-coulomb model.
--- Property cohesion set in 6728 zones using the mohr-coulomb model.
--- Property friction set in 6728 zones using the mohr-coulomb model.
--- Property tension set in 6728 zones using the mohr-coulomb model.
flac3d>
flac3d>model gravity 0 0 -9.81
--- Gravity has been set to: ( 0.000000e+00 0.000000e+00 -9.810000e+00).
flac3d>program echo-line '=== BEFORE ReadStress ==='
=== BEFORE ReadStress === 
flac3d>
flac3d>program echo-line '=== HEADER PROBE DONE ==='
=== HEADER PROBE DONE === 
flac3d>program quit
