**********************************************
* Logging started at 週四 六月 4 01:33:16 2026
* By flac3d Version 6.00 Release 069
* 
* 
* Job Title: 
**********************************************
flac3d>; ============================================================
flac3d>; read_far_boundary_sub_2608.f3dat
flac3d>;  sub_2608 + 
flac3d>;
flac3d>; 
flac3d>;   1) restore  build save (sub_2608_build)
flac3d>;   2)  Mohr-Coulomb  initial_state /
flac3d>;   3)  dat -> 3D Bucket IDW ->  zone 
flac3d>;   4)  CSV -> IDW  gridpoint
flac3d>;      ->  gp.disp  gp.extra(1..3) 
flac3d>;   5)  (velocity hold) = 
flac3d>;   6) save sub_2608_initial_state
flac3d>;
flac3d>; 
flac3d>;   : D:/FLAC_AI/3D_far/0603/far_out/initial_stress_sub_2608.dat
flac3d>;         : zid x y z sxx syy szz sxy sxz syz  ()
flac3d>;   : D:/FLAC_AI/3D_far/0603/far_out/submodel_boundary_displacement_v4_from_0603.csv
flac3d>;          0603 submodel_boundary_displacement.csv + gridpoints join 
flac3d>;
flac3d>;  (held) + 
flac3d>;        stress-based submodel  excavation  restore
flac3d>;        zone gridpoint initialize displacement (0,0,0) gp.disp
flac3d>;        gp.extra(1..3) 
flac3d>; ============================================================
flac3d>
flac3d>model new
flac3d>model deterministic on
flac3d>model precision 1
flac3d>model random 10000
flac3d>model restore 'D:/FLAC_AI/3D_small/0531/2608/sub_2608_build'
********************************************
Save file created by FLAC3D 6.00.69.0
on 週一 六月 1 21:39:53 2026
Total Cycles: 0  Super Cycles: 0
Title: sub_2608 unsupported excavation submodel mesh
Customer: 
        : 
********************************************
flac3d>
flac3d>; ============================================================
flac3d>; box 
flac3d>; ============================================================
flac3d>[global box_tag   = 'sub_2608']
flac3d>[global box_xmin  = 2558.0]
flac3d>[global box_xmax  = 2658.0]
flac3d>[global box_ymin  = 4775.0]
flac3d>[global box_ymax  = 4825.0]
flac3d>[global box_zmin  = 192.0]
flac3d>[global box_zmax  = 242.0]
flac3d>[global face_tol  = 0.05]
flac3d>
flac3d>[global stress_file = 'D:/FLAC_AI/3D_far/0603/far_out/initial_stress_sub_2608.dat']
flac3d>[global disp_file   = 'D:/FLAC_AI/3D_far/0603/far_out/submodel_boundary_displacement_v4_from_0603.csv']
flac3d>
flac3d>; ============================================================
flac3d>;  Mohr-Coulomb  initial_state.py materials_mc
flac3d>; (density[kg/m3], young[Pa], poisson, cohesion[Pa], friction[deg])
flac3d>; ============================================================
flac3d>zone cmodel assign mohr-coulomb range group 'SS_NK' slot 'lithology'
flac3d>zone property density 2565.0 young 1.2e9 poisson 0.29 cohesion 300e3 friction 38 tension 30e3 range group 'SS_NK' slot 'lithology'
+++ No valid zones found in range.
flac3d>
flac3d>zone cmodel assign mohr-coulomb range group 'Interbedded_ST' slot 'lithology'
flac3d>zone property density 2520.0 young 0.6e9 poisson 0.32 cohesion 75e3 friction 35 tension 7.5e3 range group 'Interbedded_ST' slot 'lithology'
+++ No valid zones found in range.
flac3d>
flac3d>zone cmodel assign mohr-coulomb range group 'SH_ST' slot 'lithology'
flac3d>zone property density 2538.0 young 0.8e9 poisson 0.38 cohesion 100e3 friction 32 tension 10e3 range group 'SH_ST' slot 'lithology'
--- Property young set in 98 zones using the mohr-coulomb model.
--- Property poisson set in 98 zones using the mohr-coulomb model.
--- Property cohesion set in 98 zones using the mohr-coulomb model.
--- Property friction set in 98 zones using the mohr-coulomb model.
--- Property tension set in 98 zones using the mohr-coulomb model.
flac3d>
flac3d>zone cmodel assign mohr-coulomb range group 'SS_NC' slot 'lithology'
flac3d>zone property density 2485.0 young 1.0e9 poisson 0.25 cohesion 200e3 friction 42 tension 20e3 range group 'SS_NC' slot 'lithology'
--- Property young set in 45676 zones using the mohr-coulomb model.
--- Property poisson set in 45676 zones using the mohr-coulomb model.
--- Property cohesion set in 45676 zones using the mohr-coulomb model.
--- Property friction set in 45676 zones using the mohr-coulomb model.
--- Property tension set in 45676 zones using the mohr-coulomb model.
flac3d>
flac3d>zone cmodel assign mohr-coulomb range group 'Fault' slot 'lithology'
flac3d>zone property density 2490.0 young 0.3e9 poisson 0.30 cohesion 30e3 friction 20 tension 3e3 range group 'Fault' slot 'lithology'
--- Property young set in 181026 zones using the mohr-coulomb model.
--- Property poisson set in 181026 zones using the mohr-coulomb model.
--- Property cohesion set in 181026 zones using the mohr-coulomb model.
--- Property friction set in 181026 zones using the mohr-coulomb model.
--- Property tension set in 181026 zones using the mohr-coulomb model.
flac3d>
flac3d>; tunnel  x box 2558~2658 2558~2600 SS_NC, 2600~2658 Fault
flac3d>zone cmodel assign mohr-coulomb range group 'tunnel' position-x 2558 2600
flac3d>zone property density 2485.0 young 1.0e9 poisson 0.25 cohesion 200e3 friction 42 tension 20e3 range group 'tunnel' position-x 2558 2600
--- Property young set in 4872 zones using the mohr-coulomb model.
--- Property poisson set in 4872 zones using the mohr-coulomb model.
--- Property cohesion set in 4872 zones using the mohr-coulomb model.
--- Property friction set in 4872 zones using the mohr-coulomb model.
--- Property tension set in 4872 zones using the mohr-coulomb model.
flac3d>
flac3d>zone cmodel assign mohr-coulomb range group 'tunnel' position-x 2600 2658
flac3d>zone property density 2490.0 young 0.3e9 poisson 0.30 cohesion 30e3 friction 20 tension 3e3 range group 'tunnel' position-x 2600 2658
--- Property young set in 6728 zones using the mohr-coulomb model.
--- Property poisson set in 6728 zones using the mohr-coulomb model.
--- Property cohesion set in 6728 zones using the mohr-coulomb model.
--- Property friction set in 6728 zones using the mohr-coulomb model.
--- Property tension set in 6728 zones using the mohr-coulomb model.
flac3d>
flac3d>model gravity 0 0 -9.81
--- Gravity has been set to: ( 0.000000e+00 0.000000e+00 -9.810000e+00).
flac3d>program echo-line '=== BEFORE ReadStress ==='
=== BEFORE ReadStress === 
flac3d>
flac3d>; ============================================================
flac3d>;  (: zid x y z sxx syy szz sxy sxz syz)
flac3d>; ============================================================
flac3d>[global zdata_n = 0]
flac3d>
flac3d>fish define ReadStress
   Def>    io.out('ReadStress start: ' + stress_file)
   Def>    local fl = array.create(1)
   Def>    local st = file.open(stress_file, 0, 1)
   Def>    if st # 0 then
   Def>        io.out('[WARN] cannot open stress file: ' + stress_file)
   Def>        zdata_n = 0
   Def>        exit
   Def>    endif
   Def>    ; ---- count rows ----
   Def>    st = file.read(fl, 1)          ; header
   Def>    st = file.read(fl, 1)          ; first data line
   Def>    local next_count_report = 5000
   Def>    loop while st = 0
   Def>        zdata_n = zdata_n + 1
   Def>        if zdata_n >= next_count_report then
   Def>            io.out('ReadStress count rows: ' + string(zdata_n))
   Def>            next_count_report = next_count_report + 5000
   Def>        endif
   Def>        st = file.read(fl, 1)
   Def>    endloop
   Def>    st = file.close
   Def>    io.out('stress data rows: ' + string(zdata_n))
   Def>
   Def>    global xdat   = array.create(zdata_n)
   Def>    global ydat   = array.create(zdata_n)
   Def>    global zdat   = array.create(zdata_n)
   Def>    global sxxdat = array.create(zdata_n)
   Def>    global syydat = array.create(zdata_n)
   Def>    global szzdat = array.create(zdata_n)
   Def>    global sxydat = array.create(zdata_n)
   Def>    global sxzdat = array.create(zdata_n)
   Def>    global syzdat = array.create(zdata_n)
   Def>
   Def>    st = file.open(stress_file, 0, 1)
   Def>    st = file.read(fl, 1)          ; header
   Def>    local i = 0
   Def>    st = file.read(fl, 1)          ; first data line
   Def>    loop while st = 0
   Def>        i = i + 1
   Def>        local ln = fl(1)
   Def>        xdat(i)   = float(string.token(ln, 2))
   Def>        ydat(i)   = float(string.token(ln, 3))
   Def>        zdat(i)   = float(string.token(ln, 4))
   Def>        sxxdat(i) = float(string.token(ln, 5))
   Def>        syydat(i) = float(string.token(ln, 6))
   Def>        szzdat(i) = float(string.token(ln, 7))
   Def>        sxydat(i) = float(string.token(ln, 8))
   Def>        sxzdat(i) = float(string.token(ln, 9))
   Def>        syzdat(i) = float(string.token(ln, 10))
   Def>        st = file.read(fl, 1)
   Def>    endloop
   Def>    st = file.close
   Def>    io.out('stress data loaded: ' + string(i) + ' rows')
   Def>end
flac3d>@ReadStress
ReadStress start: D:/FLAC_AI/3D_far/0603/far_out/initial_stress_sub_2608.dat
ReadStress count rows: 5000
ReadStress count rows: 10000
ReadStress count rows: 15000
ReadStress count rows: 20000
ReadStress count rows: 25000
ReadStress count rows: 30000
ReadStress count rows: 35000
stress data rows: 37500
stress data loaded: 37500 rows
flac3d>program echo-line '=== AFTER ReadStress ==='
=== AFTER ReadStress === 
flac3d>
flac3d>; ============================================================
flac3d>; 3D Bucket  sub_2608 box buffer
flac3d>; ============================================================
flac3d>[global bucket_size = 6.0]
flac3d>[global inv_bucket_size = 1.0 / bucket_size]
flac3d>[global bucket_x0 = 2550.0]
flac3d>[global bucket_y0 = 4770.0]
flac3d>[global bucket_z0 = 188.0]
flac3d>[global bucket_nx = 20]
flac3d>[global bucket_ny = 12]
flac3d>[global bucket_nz = 11]
flac3d>[global bucket_total = bucket_nx * bucket_ny * bucket_nz]
flac3d>
flac3d>fish define BucketID
   Def>    BucketID = (bx_id_x - 1) * bucket_ny * bucket_nz + (bx_id_y - 1) * bucket_nz + bx_id_z
   Def>end
flac3d>fish define GetBucketX
   Def>    GetBucketX = int((gb_x - bucket_x0) * inv_bucket_size) + 1
   Def>end
flac3d>fish define GetBucketY
   Def>    GetBucketY = int((gb_y - bucket_y0) * inv_bucket_size) + 1
   Def>end
flac3d>fish define GetBucketZ
   Def>    GetBucketZ = int((gb_z - bucket_z0) * inv_bucket_size) + 1
   Def>end
flac3d>fish define ClampBucketX
   Def>    if cb_x < 1 then
   Def>        ClampBucketX = 1
   Def>        exit
   Def>    endif
   Def>    if cb_x > bucket_nx then
   Def>        ClampBucketX = bucket_nx
   Def>        exit
   Def>    endif
   Def>    ClampBucketX = cb_x
   Def>end
flac3d>fish define ClampBucketY
   Def>    if cb_y < 1 then
   Def>        ClampBucketY = 1
   Def>        exit
   Def>    endif
   Def>    if cb_y > bucket_ny then
   Def>        ClampBucketY = bucket_ny
   Def>        exit
   Def>    endif
   Def>    ClampBucketY = cb_y
   Def>end
flac3d>fish define ClampBucketZ
   Def>    if cb_z < 1 then
   Def>        ClampBucketZ = 1
   Def>        exit
   Def>    endif
   Def>    if cb_z > bucket_nz then
   Def>        ClampBucketZ = bucket_nz
   Def>        exit
   Def>    endif
   Def>    ClampBucketZ = cb_z
   Def>end
flac3d>
flac3d>fish define BuildStressBuckets
   Def>    if zdata_n = 0 then
   Def>        exit
   Def>    endif
   Def>    global b_head = array.create(bucket_total)
   Def>    global b_next = array.create(zdata_n)
   Def>    loop local ib0 (1, bucket_total)
   Def>        b_head(ib0) = 0
   Def>    endloop
   Def>    loop local ip0 (1, zdata_n)
   Def>        global gb_x = xdat(ip0)
   Def>        global gb_y = ydat(ip0)
   Def>        global gb_z = zdat(ip0)
   Def>        local bx0 = GetBucketX
   Def>        local by0 = GetBucketY
   Def>        local bz0 = GetBucketZ
   Def>        global cb_x = bx0
   Def>        global cb_y = by0
   Def>        global cb_z = bz0
   Def>        bx0 = ClampBucketX
   Def>        by0 = ClampBucketY
   Def>        bz0 = ClampBucketZ
   Def>        global bx_id_x = bx0
   Def>        global bx_id_y = by0
   Def>        global bx_id_z = bz0
   Def>        local bid0 = BucketID
   Def>        b_next(ip0) = b_head(bid0)
   Def>        b_head(bid0) = ip0
   Def>    endloop
   Def>    io.out('stress buckets built: ' + string(bucket_total) + ' buckets')
   Def>end
flac3d>@BuildStressBuckets
stress buckets built: 2640 buckets
flac3d>program echo-line '=== BUILDSTRESS PROBE DONE ==='
=== BUILDSTRESS PROBE DONE === 
flac3d>program quit
