**********************************************
* Logging started at 週四 六月 4 00:34:32 2026
* By flac3d Version 6.00 Release 069
* 
* 
* Job Title: 
**********************************************
flac3d>program echo-line '=== RUN read_far_boundary_sub_2608 ==='
=== RUN read_far_boundary_sub_2608 === 
flac3d>call 'D:/FLAC_AI/3D_small/0531/2608/read_far_boundary_sub_2608.f3dat' suppress
**********************************************
* Logging ended at 週四 六月 4 00:34:32 2026
**********************************************
**********************************************
* Logging started at 週四 六月 4 00:39:48 2026
* By flac3d Version 6.00 Release 069
* 
* 
* Job Title: 
**********************************************
flac3d>program echo-line '=== RUN read_far_boundary_sub_2608 ==='
=== RUN read_far_boundary_sub_2608 === 
flac3d>call 'D:/FLAC_AI/3D_small/0531/2608/read_far_boundary_sub_2608.f3dat' suppress
**********************************************
* Logging ended at 週四 六月 4 00:39:48 2026
**********************************************
**********************************************
* Logging started at 週四 六月 4 00:56:42 2026
* By flac3d Version 6.00 Release 069
* 
* 
* Job Title: 
**********************************************
flac3d>program echo-line '=== RUN read_far_boundary_sub_2608 ==='
=== RUN read_far_boundary_sub_2608 === 
flac3d>call 'D:/FLAC_AI/3D_small/0531/2608/read_far_boundary_sub_2608.f3dat' suppress
**********************************************
* Logging ended at 週四 六月 4 00:56:42 2026
**********************************************
**********************************************
* Logging started at 週四 六月 4 01:05:10 2026
* By flac3d Version 6.00 Release 069
* 
* 
* Job Title: 
**********************************************
flac3d>program echo-line '=== RUN read_far_boundary_sub_2608 ==='
=== RUN read_far_boundary_sub_2608 === 
flac3d>call 'D:/FLAC_AI/3D_small/0531/2608/read_far_boundary_sub_2608.f3dat' suppress
**********************************************
* Logging ended at 週四 六月 4 01:05:10 2026
**********************************************
**********************************************
* Logging started at 週四 六月 4 01:09:16 2026
* By flac3d Version 6.00 Release 069
* 
* 
* Job Title: 
**********************************************
flac3d>program echo-line '=== RUN read_far_boundary_sub_2608 ==='
=== RUN read_far_boundary_sub_2608 === 
flac3d>call 'D:/FLAC_AI/3D_small/0531/2608/read_far_boundary_sub_2608.f3dat' suppress
**********************************************
* Logging ended at 週四 六月 4 01:09:16 2026
**********************************************
