**********************************************
* Logging started at 週四 六月 4 00:34:32 2026
* By flac3d Version 6.00 Release 069
* 
* 
* Job Title: 
**********************************************
********************************************
Save file created by FLAC3D 6.00.69.0
on 週一 六月 1 21:39:53 2026
Total Cycles: 0  Super Cycles: 0
Title: sub_2608 unsupported excavation submodel mesh
Customer: 
        : 
********************************************
+++ No valid zones found in range.
+++ No valid zones found in range.
--- Property young set in 98 zones using the mohr-coulomb model.
--- Property poisson set in 98 zones using the mohr-coulomb model.
--- Property cohesion set in 98 zones using the mohr-coulomb model.
--- Property friction set in 98 zones using the mohr-coulomb model.
--- Property tension set in 98 zones using the mohr-coulomb model.
--- Property young set in 45676 zones using the mohr-coulomb model.
--- Property poisson set in 45676 zones using the mohr-coulomb model.
--- Property cohesion set in 45676 zones using the mohr-coulomb model.
--- Property friction set in 45676 zones using the mohr-coulomb model.
--- Property tension set in 45676 zones using the mohr-coulomb model.
--- Property young set in 181026 zones using the mohr-coulomb model.
--- Property poisson set in 181026 zones using the mohr-coulomb model.
--- Property cohesion set in 181026 zones using the mohr-coulomb model.
--- Property friction set in 181026 zones using the mohr-coulomb model.
--- Property tension set in 181026 zones using the mohr-coulomb model.
--- Property young set in 4872 zones using the mohr-coulomb model.
--- Property poisson set in 4872 zones using the mohr-coulomb model.
--- Property cohesion set in 4872 zones using the mohr-coulomb model.
--- Property friction set in 4872 zones using the mohr-coulomb model.
--- Property tension set in 4872 zones using the mohr-coulomb model.
--- Property young set in 6728 zones using the mohr-coulomb model.
--- Property poisson set in 6728 zones using the mohr-coulomb model.
--- Property cohesion set in 6728 zones using the mohr-coulomb model.
--- Property friction set in 6728 zones using the mohr-coulomb model.
--- Property tension set in 6728 zones using the mohr-coulomb model.
--- Gravity has been set to: ( 0.000000e+00 0.000000e+00 -9.810000e+00).
**********************************************
* Logging started at 週四 六月 4 00:39:48 2026
* By flac3d Version 6.00 Release 069
* 
* 
* Job Title: 
**********************************************
********************************************
Save file created by FLAC3D 6.00.69.0
on 週一 六月 1 21:39:53 2026
Total Cycles: 0  Super Cycles: 0
Title: sub_2608 unsupported excavation submodel mesh
Customer: 
        : 
********************************************
+++ No valid zones found in range.
+++ No valid zones found in range.
--- Property young set in 98 zones using the mohr-coulomb model.
--- Property poisson set in 98 zones using the mohr-coulomb model.
--- Property cohesion set in 98 zones using the mohr-coulomb model.
--- Property friction set in 98 zones using the mohr-coulomb model.
--- Property tension set in 98 zones using the mohr-coulomb model.
--- Property young set in 45676 zones using the mohr-coulomb model.
--- Property poisson set in 45676 zones using the mohr-coulomb model.
--- Property cohesion set in 45676 zones using the mohr-coulomb model.
--- Property friction set in 45676 zones using the mohr-coulomb model.
--- Property tension set in 45676 zones using the mohr-coulomb model.
--- Property young set in 181026 zones using the mohr-coulomb model.
--- Property poisson set in 181026 zones using the mohr-coulomb model.
--- Property cohesion set in 181026 zones using the mohr-coulomb model.
--- Property friction set in 181026 zones using the mohr-coulomb model.
--- Property tension set in 181026 zones using the mohr-coulomb model.
--- Property young set in 4872 zones using the mohr-coulomb model.
--- Property poisson set in 4872 zones using the mohr-coulomb model.
--- Property cohesion set in 4872 zones using the mohr-coulomb model.
--- Property friction set in 4872 zones using the mohr-coulomb model.
--- Property tension set in 4872 zones using the mohr-coulomb model.
--- Property young set in 6728 zones using the mohr-coulomb model.
--- Property poisson set in 6728 zones using the mohr-coulomb model.
--- Property cohesion set in 6728 zones using the mohr-coulomb model.
--- Property friction set in 6728 zones using the mohr-coulomb model.
--- Property tension set in 6728 zones using the mohr-coulomb model.
--- Gravity has been set to: ( 0.000000e+00 0.000000e+00 -9.810000e+00).
**********************************************
* Logging started at 週四 六月 4 00:56:42 2026
* By flac3d Version 6.00 Release 069
* 
* 
* Job Title: 
**********************************************
********************************************
Save file created by FLAC3D 6.00.69.0
on 週一 六月 1 21:39:53 2026
Total Cycles: 0  Super Cycles: 0
Title: sub_2608 unsupported excavation submodel mesh
Customer: 
        : 
********************************************
+++ No valid zones found in range.
+++ No valid zones found in range.
--- Property young set in 98 zones using the mohr-coulomb model.
--- Property poisson set in 98 zones using the mohr-coulomb model.
--- Property cohesion set in 98 zones using the mohr-coulomb model.
--- Property friction set in 98 zones using the mohr-coulomb model.
--- Property tension set in 98 zones using the mohr-coulomb model.
--- Property young set in 45676 zones using the mohr-coulomb model.
--- Property poisson set in 45676 zones using the mohr-coulomb model.
--- Property cohesion set in 45676 zones using the mohr-coulomb model.
--- Property friction set in 45676 zones using the mohr-coulomb model.
--- Property tension set in 45676 zones using the mohr-coulomb model.
--- Property young set in 181026 zones using the mohr-coulomb model.
--- Property poisson set in 181026 zones using the mohr-coulomb model.
--- Property cohesion set in 181026 zones using the mohr-coulomb model.
--- Property friction set in 181026 zones using the mohr-coulomb model.
--- Property tension set in 181026 zones using the mohr-coulomb model.
--- Property young set in 4872 zones using the mohr-coulomb model.
--- Property poisson set in 4872 zones using the mohr-coulomb model.
--- Property cohesion set in 4872 zones using the mohr-coulomb model.
--- Property friction set in 4872 zones using the mohr-coulomb model.
--- Property tension set in 4872 zones using the mohr-coulomb model.
--- Property young set in 6728 zones using the mohr-coulomb model.
--- Property poisson set in 6728 zones using the mohr-coulomb model.
--- Property cohesion set in 6728 zones using the mohr-coulomb model.
--- Property friction set in 6728 zones using the mohr-coulomb model.
--- Property tension set in 6728 zones using the mohr-coulomb model.
--- Gravity has been set to: ( 0.000000e+00 0.000000e+00 -9.810000e+00).
**********************************************
* Logging started at 週四 六月 4 01:05:10 2026
* By flac3d Version 6.00 Release 069
* 
* 
* Job Title: 
**********************************************
********************************************
Save file created by FLAC3D 6.00.69.0
on 週一 六月 1 21:39:53 2026
Total Cycles: 0  Super Cycles: 0
Title: sub_2608 unsupported excavation submodel mesh
Customer: 
        : 
********************************************
+++ No valid zones found in range.
+++ No valid zones found in range.
--- Property young set in 98 zones using the mohr-coulomb model.
--- Property poisson set in 98 zones using the mohr-coulomb model.
--- Property cohesion set in 98 zones using the mohr-coulomb model.
--- Property friction set in 98 zones using the mohr-coulomb model.
--- Property tension set in 98 zones using the mohr-coulomb model.
--- Property young set in 45676 zones using the mohr-coulomb model.
--- Property poisson set in 45676 zones using the mohr-coulomb model.
--- Property cohesion set in 45676 zones using the mohr-coulomb model.
--- Property friction set in 45676 zones using the mohr-coulomb model.
--- Property tension set in 45676 zones using the mohr-coulomb model.
--- Property young set in 181026 zones using the mohr-coulomb model.
--- Property poisson set in 181026 zones using the mohr-coulomb model.
--- Property cohesion set in 181026 zones using the mohr-coulomb model.
--- Property friction set in 181026 zones using the mohr-coulomb model.
--- Property tension set in 181026 zones using the mohr-coulomb model.
--- Property young set in 4872 zones using the mohr-coulomb model.
--- Property poisson set in 4872 zones using the mohr-coulomb model.
--- Property cohesion set in 4872 zones using the mohr-coulomb model.
--- Property friction set in 4872 zones using the mohr-coulomb model.
--- Property tension set in 4872 zones using the mohr-coulomb model.
--- Property young set in 6728 zones using the mohr-coulomb model.
--- Property poisson set in 6728 zones using the mohr-coulomb model.
--- Property cohesion set in 6728 zones using the mohr-coulomb model.
--- Property friction set in 6728 zones using the mohr-coulomb model.
--- Property tension set in 6728 zones using the mohr-coulomb model.
--- Gravity has been set to: ( 0.000000e+00 0.000000e+00 -9.810000e+00).
