**********************************************
* Logging started at 週四 六月 4 08:59:39 2026
* By flac3d Version 6.00 Release 069
* 
* 
* Job Title: 
**********************************************
flac3d>
flac3d>; ---- restore FIRST (model restore wipes FISH globals set before it) ----
flac3d>[global RESTORE_NAME = 'D:/FLAC_AI/3D_small/0531/2896/sub_2896_initial_state']
flac3d>model restore [RESTORE_NAME]
********************************************
Save file created by FLAC3D 6.00.69.0
on 週四 六月 4 03:33:21 2026
Total Cycles: 0  Super Cycles: 0
Title: sub_2896 unsupported excavation submodel mesh
Customer: 
        : 
********************************************
flac3d>
flac3d>; ---- run-specific globals set AFTER restore so they survive ----
flac3d>[global MODEL_ID = 'sub_2896']
flac3d>[global CSV_PATH = 'D:/FLAC_AI/3D_small/0531/2896/out/unsup_excavation_monitor_sub_2896.csv']
flac3d>[global FINAL_SAVE = 'D:/FLAC_AI/3D_small/0531/2896/out/sub_2896_unsup_final']
flac3d>[global MONITOR_X = 2896.0]
flac3d>[global SMOKE_CAP = 0]
flac3d>[global USE_LINER = 0]
flac3d>
flac3d>call 'D:/FLAC_AI/3D_small/0531/excavation_lined_core.f3dat' suppress
--- displacement modified in 238865 gridpoints.
--- velocity modified in 238865 gridpoints.
--- Group rock assigned to 215200 Zones in slot support.
tunnel x range: 2846.5 ~ 2945.5
detected DX_STEP: 1, XMARGIN: 0.51
monitor crown gp=128220 pos=2896,4800,220
monitor wall_L gp=69034 pos=2896,4797,217
monitor wall_R gp=121554 pos=2896,4803,217
--- Created history 1 mechanical ratio-average limit
--- Created history 2 mechanical unbalanced-maximum limit
--- Created history 3 Z Displacement at (2896,4800,220)
--- Created history 4 Y Displacement at (2896,4797,217)
--- Created history 5 Y Displacement at (2896,4803,217)
--- Group excavation assigned to 116 Zones in slot Default.
    Cycle      Total       Clock
--------- ---------- ----------- 
      500        500 00:00:00:46       500                        
--- Global cycle limit of 500 met.
--- Cycling ended at: 2026-06-04 09:00:29
    Cycle      Total       Clock
--------- ---------- ----------- 
      500       1000 00:00:00:44       500                        
--- Global cycle limit of 500 met.
--- Cycling ended at: 2026-06-04 09:01:14
    Cycle      Total       Clock
--------- ---------- ----------- 
      500       1500 00:00:00:44       500                        
--- Global cycle limit of 500 met.
--- Cycling ended at: 2026-06-04 09:01:59
    Cycle      Total       Clock
--------- ---------- ----------- 
      500       2000 00:00:00:44       500                        
--- Global cycle limit of 500 met.
--- Cycling ended at: 2026-06-04 09:02:44
    Cycle      Total       Clock
--------- ---------- ----------- 
      500       2500 00:00:00:44       500                        
--- Global cycle limit of 500 met.
--- Cycling ended at: 2026-06-04 09:03:29
    Cycle      Total       Clock
--------- ---------- ----------- 
      500       3000 00:00:00:45       500                        
--- Global cycle limit of 500 met.
--- Cycling ended at: 2026-06-04 09:04:14
step=1 x=2845.99-2847.01 cycle=3000 ratio=6.57688e-06
--- Group excavation assigned to 116 Zones in slot Default.
    Cycle      Total       Clock
--------- ---------- ----------- 
      500       3500 00:00:00:45       500                        
--- Global cycle limit of 500 met.
--- Cycling ended at: 2026-06-04 09:05:00
    Cycle      Total       Clock
--------- ---------- ----------- 
      500       4000 00:00:00:44       500                        
--- Global cycle limit of 500 met.
--- Cycling ended at: 2026-06-04 09:05:45
    Cycle      Total       Clock
--------- ---------- ----------- 
      500       4500 00:00:00:44       500                        
--- Global cycle limit of 500 met.
--- Cycling ended at: 2026-06-04 09:06:30
    Cycle      Total       Clock
--------- ---------- ----------- 
      500       5000 00:00:00:44       500                        
--- Global cycle limit of 500 met.
--- Cycling ended at: 2026-06-04 09:07:15
step=2 x=2846.99-2848.01 cycle=2000 ratio=1.36327e-06
--- Group excavation assigned to 116 Zones in slot Default.
    Cycle      Total       Clock
--------- ---------- ----------- 
      500       5500 00:00:00:45       500                        
--- Global cycle limit of 500 met.
--- Cycling ended at: 2026-06-04 09:08:01
    Cycle      Total       Clock
--------- ---------- ----------- 
      500       6000 00:00:00:44       500                        
--- Global cycle limit of 500 met.
--- Cycling ended at: 2026-06-04 09:08:45
    Cycle      Total       Clock
--------- ---------- ----------- 
      500       6500 00:00:00:44       500                        
--- Global cycle limit of 500 met.
--- Cycling ended at: 2026-06-04 09:09:30
    Cycle      Total       Clock
--------- ---------- ----------- 
      500       7000 00:00:00:44       500                        
--- Global cycle limit of 500 met.
--- Cycling ended at: 2026-06-04 09:10:15
step=3 x=2847.99-2849.01 cycle=2000 ratio=4.07295e-07
--- Group excavation assigned to 116 Zones in slot Default.
    Cycle      Total       Clock
--------- ---------- ----------- 
      500       7500 00:00:00:44       500                        
--- Global cycle limit of 500 met.
--- Cycling ended at: 2026-06-04 09:11:01
    Cycle      Total       Clock
--------- ---------- ----------- 
      500       8000 00:00:00:44       500                        
--- Global cycle limit of 500 met.
--- Cycling ended at: 2026-06-04 09:11:45
    Cycle      Total       Clock
--------- ---------- ----------- 
      500       8500 00:00:00:45       500                        
--- Global cycle limit of 500 met.
--- Cycling ended at: 2026-06-04 09:12:30
    Cycle      Total       Clock
--------- ---------- ----------- 
      500       9000 00:00:00:44       500                        
--- Global cycle limit of 500 met.
--- Cycling ended at: 2026-06-04 09:13:15
step=4 x=2848.99-2850.01 cycle=2000 ratio=3.8451e-07
--- Group excavation assigned to 116 Zones in slot Default.
    Cycle      Total       Clock
--------- ---------- ----------- 
      500       9500 00:00:00:44       500                        
--- Global cycle limit of 500 met.
--- Cycling ended at: 2026-06-04 09:14:01
    Cycle      Total       Clock
--------- ---------- ----------- 
      500      10000 00:00:00:44       500                        
--- Global cycle limit of 500 met.
--- Cycling ended at: 2026-06-04 09:14:46
    Cycle      Total       Clock
--------- ---------- ----------- 
      500      10500 00:00:00:45       500                        
--- Global cycle limit of 500 met.
--- Cycling ended at: 2026-06-04 09:15:31
    Cycle      Total       Clock
--------- ---------- ----------- 
      500      11000 00:00:00:44       500                        
--- Global cycle limit of 500 met.
--- Cycling ended at: 2026-06-04 09:16:15
step=5 x=2849.99-2851.01 cycle=2000 ratio=1.82757e-06
--- Group excavation assigned to 116 Zones in slot Default.
    Cycle      Total       Clock
--------- ---------- ----------- 
      500      11500 00:00:00:45       500                        
--- Global cycle limit of 500 met.
--- Cycling ended at: 2026-06-04 09:17:02
    Cycle      Total       Clock
--------- ---------- ----------- 
      500      12000 00:00:00:44       500                        
--- Global cycle limit of 500 met.
--- Cycling ended at: 2026-06-04 09:17:46
    Cycle      Total       Clock
--------- ---------- ----------- 
      500      12500 00:00:00:44       500                        
--- Global cycle limit of 500 met.
--- Cycling ended at: 2026-06-04 09:18:31
    Cycle      Total       Clock
--------- ---------- ----------- 
      500      13000 00:00:00:45       500                        
--- Global cycle limit of 500 met.
--- Cycling ended at: 2026-06-04 09:19:16
step=6 x=2850.99-2852.01 cycle=2000 ratio=1.99668e-06
--- Group excavation assigned to 116 Zones in slot Default.
    Cycle      Total       Clock
--------- ---------- ----------- 
      500      13500 00:00:00:44       500                        
--- Global cycle limit of 500 met.
--- Cycling ended at: 2026-06-04 09:20:02
    Cycle      Total       Clock
--------- ---------- ----------- 
      500      14000 00:00:00:44       500                        
--- Global cycle limit of 500 met.
--- Cycling ended at: 2026-06-04 09:20:47
    Cycle      Total       Clock
--------- ---------- ----------- 
      500      14500 00:00:00:44       500                        
--- Global cycle limit of 500 met.
--- Cycling ended at: 2026-06-04 09:21:31
    Cycle      Total       Clock
--------- ---------- ----------- 
      500      15000 00:00:00:44       500                        
--- Global cycle limit of 500 met.
--- Cycling ended at: 2026-06-04 09:22:16
step=7 x=2851.99-2853.01 cycle=2000 ratio=2.14474e-06
--- Group excavation assigned to 116 Zones in slot Default.
    Cycle      Total       Clock
--------- ---------- ----------- 
      500      15500 00:00:00:44       500                        
--- Global cycle limit of 500 met.
--- Cycling ended at: 2026-06-04 09:23:02
    Cycle      Total       Clock
--------- ---------- ----------- 
      500      16000 00:00:00:44       500                        
--- Global cycle limit of 500 met.
--- Cycling ended at: 2026-06-04 09:23:47
    Cycle      Total       Clock
--------- ---------- ----------- 
      500      16500 00:00:00:44       500                        
--- Global cycle limit of 500 met.
--- Cycling ended at: 2026-06-04 09:24:31
    Cycle      Total       Clock
--------- ---------- ----------- 
      500      17000 00:00:00:44       500                        
--- Global cycle limit of 500 met.
--- Cycling ended at: 2026-06-04 09:25:16
step=8 x=2852.99-2854.01 cycle=2000 ratio=2.2616e-06
--- Group excavation assigned to 116 Zones in slot Default.
    Cycle      Total       Clock
--------- ---------- ----------- 
      500      17500 00:00:00:44       500                        
--- Global cycle limit of 500 met.
--- Cycling ended at: 2026-06-04 09:26:02
    Cycle      Total       Clock
--------- ---------- ----------- 
      500      18000 00:00:00:44       500                        
--- Global cycle limit of 500 met.
--- Cycling ended at: 2026-06-04 09:26:47
    Cycle      Total       Clock
--------- ---------- ----------- 
      500      18500 00:00:00:44       500                        
--- Global cycle limit of 500 met.
--- Cycling ended at: 2026-06-04 09:27:31
    Cycle      Total       Clock
--------- ---------- ----------- 
      500      19000 00:00:00:44       500                        
--- Global cycle limit of 500 met.
--- Cycling ended at: 2026-06-04 09:28:16
step=9 x=2853.99-2855.01 cycle=2000 ratio=2.35998e-06
--- Group excavation assigned to 116 Zones in slot Default.
    Cycle      Total       Clock
--------- ---------- ----------- 
      500      19500 00:00:00:44       500                        
--- Global cycle limit of 500 met.
--- Cycling ended at: 2026-06-04 09:29:02
    Cycle      Total       Clock
--------- ---------- ----------- 
      500      20000 00:00:00:44       500                        
--- Global cycle limit of 500 met.
--- Cycling ended at: 2026-06-04 09:29:47
    Cycle      Total       Clock
--------- ---------- ----------- 
      500      20500 00:00:00:44       500                        
--- Global cycle limit of 500 met.
--- Cycling ended at: 2026-06-04 09:30:32
    Cycle      Total       Clock
--------- ---------- ----------- 
      500      21000 00:00:00:44       500                        
--- Global cycle limit of 500 met.
--- Cycling ended at: 2026-06-04 09:31:16
step=10 x=2854.99-2856.01 cycle=2000 ratio=2.50058e-06
--- Group excavation assigned to 116 Zones in slot Default.
    Cycle      Total       Clock
--------- ---------- ----------- 
      500      21500 00:00:00:44       500                        
--- Global cycle limit of 500 met.
--- Cycling ended at: 2026-06-04 09:32:02
    Cycle      Total       Clock
--------- ---------- ----------- 
      500      22000 00:00:00:44       500                        
--- Global cycle limit of 500 met.
--- Cycling ended at: 2026-06-04 09:32:47
    Cycle      Total       Clock
--------- ---------- ----------- 
      500      22500 00:00:00:44       500                        
--- Global cycle limit of 500 met.
--- Cycling ended at: 2026-06-04 09:33:32
    Cycle      Total       Clock
--------- ---------- ----------- 
      500      23000 00:00:00:44       500                        
--- Global cycle limit of 500 met.
--- Cycling ended at: 2026-06-04 09:34:16
step=11 x=2855.99-2857.01 cycle=2000 ratio=2.62974e-06
--- Group excavation assigned to 116 Zones in slot Default.
    Cycle      Total       Clock
--------- ---------- ----------- 
      500      23500 00:00:00:45       500                        
--- Global cycle limit of 500 met.
--- Cycling ended at: 2026-06-04 09:35:02
    Cycle      Total       Clock
--------- ---------- ----------- 
      500      24000 00:00:00:44       500                        
--- Global cycle limit of 500 met.
--- Cycling ended at: 2026-06-04 09:35:47
    Cycle      Total       Clock
--------- ---------- ----------- 
      500      24500 00:00:00:44       500                        
--- Global cycle limit of 500 met.
--- Cycling ended at: 2026-06-04 09:36:31
    Cycle      Total       Clock
--------- ---------- ----------- 
      500      25000 00:00:00:44       500                        
--- Global cycle limit of 500 met.
--- Cycling ended at: 2026-06-04 09:37:16
step=12 x=2856.99-2858.01 cycle=2000 ratio=2.75989e-06
--- Group excavation assigned to 116 Zones in slot Default.
    Cycle      Total       Clock
--------- ---------- ----------- 
      500      25500 00:00:00:44       500                        
--- Global cycle limit of 500 met.
--- Cycling ended at: 2026-06-04 09:38:02
    Cycle      Total       Clock
--------- ---------- ----------- 
      500      26000 00:00:00:44       500                        
--- Global cycle limit of 500 met.
--- Cycling ended at: 2026-06-04 09:38:47
    Cycle      Total       Clock
--------- ---------- ----------- 
      500      26500 00:00:00:44       500                        
--- Global cycle limit of 500 met.
--- Cycling ended at: 2026-06-04 09:39:32
    Cycle      Total       Clock
--------- ---------- ----------- 
      500      27000 00:00:00:44       500                        
--- Global cycle limit of 500 met.
--- Cycling ended at: 2026-06-04 09:40:17
step=13 x=2857.99-2859.01 cycle=2000 ratio=2.88451e-06
--- Group excavation assigned to 116 Zones in slot Default.
    Cycle      Total       Clock
--------- ---------- ----------- 
      500      27500 00:00:00:44       500                        
--- Global cycle limit of 500 met.
--- Cycling ended at: 2026-06-04 09:41:02
    Cycle      Total       Clock
--------- ---------- ----------- 
      500      28000 00:00:00:44       500                        
--- Global cycle limit of 500 met.
--- Cycling ended at: 2026-06-04 09:41:47
    Cycle      Total       Clock
--------- ---------- ----------- 
      500      28500 00:00:00:45       500                        
--- Global cycle limit of 500 met.
--- Cycling ended at: 2026-06-04 09:42:32
    Cycle      Total       Clock
--------- ---------- ----------- 
      500      29000 00:00:00:45       500                        
--- Global cycle limit of 500 met.
--- Cycling ended at: 2026-06-04 09:43:17
step=14 x=2858.99-2860.01 cycle=2000 ratio=3.04684e-06
--- Group excavation assigned to 116 Zones in slot Default.
    Cycle      Total       Clock
--------- ---------- ----------- 
      500      29500 00:00:00:44       500                        
--- Global cycle limit of 500 met.
--- Cycling ended at: 2026-06-04 09:44:03
    Cycle      Total       Clock
--------- ---------- ----------- 
      500      30000 00:00:00:44       500                        
--- Global cycle limit of 500 met.
--- Cycling ended at: 2026-06-04 09:44:48
    Cycle      Total       Clock
--------- ---------- ----------- 
      500      30500 00:00:00:44       500                        
--- Global cycle limit of 500 met.
--- Cycling ended at: 2026-06-04 09:45:32
    Cycle      Total       Clock
--------- ---------- ----------- 
      500      31000 00:00:00:44       500                        
--- Global cycle limit of 500 met.
--- Cycling ended at: 2026-06-04 09:46:17
step=15 x=2859.99-2861.01 cycle=2000 ratio=3.21556e-06
--- Group excavation assigned to 116 Zones in slot Default.
    Cycle      Total       Clock
--------- ---------- ----------- 
      500      31500 00:00:00:44       500                        
--- Global cycle limit of 500 met.
--- Cycling ended at: 2026-06-04 09:47:03
    Cycle      Total       Clock
--------- ---------- ----------- 
      500      32000 00:00:00:44       500                        
--- Global cycle limit of 500 met.
--- Cycling ended at: 2026-06-04 09:47:48
    Cycle      Total       Clock
--------- ---------- ----------- 
      500      32500 00:00:00:44       500                        
--- Global cycle limit of 500 met.
--- Cycling ended at: 2026-06-04 09:48:32
    Cycle      Total       Clock
--------- ---------- ----------- 
      500      33000 00:00:00:45       500                        
--- Global cycle limit of 500 met.
--- Cycling ended at: 2026-06-04 09:49:17
step=16 x=2860.99-2862.01 cycle=2000 ratio=3.40023e-06
--- Group excavation assigned to 116 Zones in slot Default.
    Cycle      Total       Clock
--------- ---------- ----------- 
      500      33500 00:00:00:45       500                        
--- Global cycle limit of 500 met.
--- Cycling ended at: 2026-06-04 09:50:04
    Cycle      Total       Clock
--------- ---------- ----------- 
      500      34000 00:00:00:44       500                        
--- Global cycle limit of 500 met.
--- Cycling ended at: 2026-06-04 09:50:48
    Cycle      Total       Clock
--------- ---------- ----------- 
      500      34500 00:00:00:44       500                        
--- Global cycle limit of 500 met.
--- Cycling ended at: 2026-06-04 09:51:33
    Cycle      Total       Clock
--------- ---------- ----------- 
      500      35000 00:00:00:44       500                        
--- Global cycle limit of 500 met.
--- Cycling ended at: 2026-06-04 09:52:18
step=17 x=2861.99-2863.01 cycle=2000 ratio=3.66184e-06
--- Group excavation assigned to 116 Zones in slot Default.
    Cycle      Total       Clock
--------- ---------- ----------- 
      500      35500 00:00:00:44       500                        
--- Global cycle limit of 500 met.
--- Cycling ended at: 2026-06-04 09:53:04
    Cycle      Total       Clock
--------- ---------- ----------- 
      500      36000 00:00:00:44       500                        
--- Global cycle limit of 500 met.
--- Cycling ended at: 2026-06-04 09:53:49
    Cycle      Total       Clock
--------- ---------- ----------- 
      500      36500 00:00:00:44       500                        
--- Global cycle limit of 500 met.
--- Cycling ended at: 2026-06-04 09:54:34
    Cycle      Total       Clock
--------- ---------- ----------- 
      500      37000 00:00:00:44       500                        
--- Global cycle limit of 500 met.
--- Cycling ended at: 2026-06-04 09:55:18
step=18 x=2862.99-2864.01 cycle=2000 ratio=3.89161e-06
--- Group excavation assigned to 116 Zones in slot Default.
    Cycle      Total       Clock
--------- ---------- ----------- 
      500      37500 00:00:00:44       500                        
--- Global cycle limit of 500 met.
--- Cycling ended at: 2026-06-04 09:56:04
    Cycle      Total       Clock
--------- ---------- ----------- 
      500      38000 00:00:00:44       500                        
--- Global cycle limit of 500 met.
--- Cycling ended at: 2026-06-04 09:56:49
    Cycle      Total       Clock
--------- ---------- ----------- 
      500      38500 00:00:00:44       500                        
--- Global cycle limit of 500 met.
--- Cycling ended at: 2026-06-04 09:57:34
    Cycle      Total       Clock
--------- ---------- ----------- 
      500      39000 00:00:00:45       500                        
--- Global cycle limit of 500 met.
--- Cycling ended at: 2026-06-04 09:58:19
step=19 x=2863.99-2865.01 cycle=2000 ratio=4.14933e-06
--- Group excavation assigned to 116 Zones in slot Default.
    Cycle      Total       Clock
--------- ---------- ----------- 
      500      39500 00:00:00:44       500                        
--- Global cycle limit of 500 met.
--- Cycling ended at: 2026-06-04 09:59:04
    Cycle      Total       Clock
--------- ---------- ----------- 
      500      40000 00:00:00:44       500                        
--- Global cycle limit of 500 met.
--- Cycling ended at: 2026-06-04 09:59:49
    Cycle      Total       Clock
--------- ---------- ----------- 
      500      40500 00:00:00:45       500                        
--- Global cycle limit of 500 met.
--- Cycling ended at: 2026-06-04 10:00:35
    Cycle      Total       Clock
--------- ---------- ----------- 
      500      41000 00:00:00:44       500                        
--- Global cycle limit of 500 met.
--- Cycling ended at: 2026-06-04 10:01:20
step=20 x=2864.99-2866.01 cycle=2000 ratio=4.37884e-06
--- Group excavation assigned to 116 Zones in slot Default.
    Cycle      Total       Clock
--------- ---------- ----------- 
      500      41500 00:00:00:44       500                        
--- Global cycle limit of 500 met.
--- Cycling ended at: 2026-06-04 10:02:06
    Cycle      Total       Clock
--------- ---------- ----------- 
      500      42000 00:00:00:44       500                        
--- Global cycle limit of 500 met.
--- Cycling ended at: 2026-06-04 10:02:51
    Cycle      Total       Clock
--------- ---------- ----------- 
      500      42500 00:00:00:44       500                        
--- Global cycle limit of 500 met.
--- Cycling ended at: 2026-06-04 10:03:35
    Cycle      Total       Clock
--------- ---------- ----------- 
      500      43000 00:00:00:45       500                        
--- Global cycle limit of 500 met.
--- Cycling ended at: 2026-06-04 10:04:21
step=21 x=2865.99-2867.01 cycle=2000 ratio=4.58196e-06
--- Group excavation assigned to 116 Zones in slot Default.
    Cycle      Total       Clock
--------- ---------- ----------- 
      500      43500 00:00:00:45       500                        
--- Global cycle limit of 500 met.
--- Cycling ended at: 2026-06-04 10:05:07
    Cycle      Total       Clock
--------- ---------- ----------- 
      500      44000 00:00:00:44       500                        
--- Global cycle limit of 500 met.
--- Cycling ended at: 2026-06-04 10:05:52
    Cycle      Total       Clock
--------- ---------- ----------- 
      500      44500 00:00:00:44       500                        
--- Global cycle limit of 500 met.
--- Cycling ended at: 2026-06-04 10:06:36
    Cycle      Total       Clock
--------- ---------- ----------- 
      500      45000 00:00:00:44       500                        
--- Global cycle limit of 500 met.
--- Cycling ended at: 2026-06-04 10:07:21
step=22 x=2866.99-2868.01 cycle=2000 ratio=4.62062e-06
--- Group excavation assigned to 116 Zones in slot Default.
    Cycle      Total       Clock
--------- ---------- ----------- 
      500      45500 00:00:00:44       500                        
--- Global cycle limit of 500 met.
--- Cycling ended at: 2026-06-04 10:08:07
    Cycle      Total       Clock
--------- ---------- ----------- 
      500      46000 00:00:00:44       500                        
--- Global cycle limit of 500 met.
--- Cycling ended at: 2026-06-04 10:08:51
    Cycle      Total       Clock
--------- ---------- ----------- 
      500      46500 00:00:00:45       500                        
--- Global cycle limit of 500 met.
--- Cycling ended at: 2026-06-04 10:09:36
    Cycle      Total       Clock
--------- ---------- ----------- 
      500      47000 00:00:00:44       500                        
--- Global cycle limit of 500 met.
--- Cycling ended at: 2026-06-04 10:10:21
step=23 x=2867.99-2869.01 cycle=2000 ratio=4.72182e-06
--- Group excavation assigned to 116 Zones in slot Default.
    Cycle      Total       Clock
--------- ---------- ----------- 
      500      47500 00:00:00:44       500                        
--- Global cycle limit of 500 met.
--- Cycling ended at: 2026-06-04 10:11:07
    Cycle      Total       Clock
--------- ---------- ----------- 
      500      48000 00:00:00:44       500                        
--- Global cycle limit of 500 met.
--- Cycling ended at: 2026-06-04 10:11:52
    Cycle      Total       Clock
--------- ---------- ----------- 
      500      48500 00:00:00:44       500                        
--- Global cycle limit of 500 met.
--- Cycling ended at: 2026-06-04 10:12:37
    Cycle      Total       Clock
--------- ---------- ----------- 
      500      49000 00:00:00:45       500                        
--- Global cycle limit of 500 met.
--- Cycling ended at: 2026-06-04 10:13:22
step=24 x=2868.99-2870.01 cycle=2000 ratio=5.19316e-06
--- Group excavation assigned to 116 Zones in slot Default.
    Cycle      Total       Clock
--------- ---------- ----------- 
      500      49500 00:00:00:44       500                        
--- Global cycle limit of 500 met.
--- Cycling ended at: 2026-06-04 10:14:07
    Cycle      Total       Clock
--------- ---------- ----------- 
      500      50000 00:00:00:44       500                        
--- Global cycle limit of 500 met.
--- Cycling ended at: 2026-06-04 10:14:52
    Cycle      Total       Clock
--------- ---------- ----------- 
      500      50500 00:00:00:44       500                        
--- Global cycle limit of 500 met.
--- Cycling ended at: 2026-06-04 10:15:37
    Cycle      Total       Clock
--------- ---------- ----------- 
      500      51000 00:00:00:44       500                        
--- Global cycle limit of 500 met.
--- Cycling ended at: 2026-06-04 10:16:22
step=25 x=2869.99-2871.01 cycle=2000 ratio=5.10018e-06
--- Group excavation assigned to 116 Zones in slot Default.
    Cycle      Total       Clock
--------- ---------- ----------- 
      500      51500 00:00:00:44       500                        
--- Global cycle limit of 500 met.
--- Cycling ended at: 2026-06-04 10:17:08
    Cycle      Total       Clock
--------- ---------- ----------- 
      500      52000 00:00:00:45       500                        
--- Global cycle limit of 500 met.
--- Cycling ended at: 2026-06-04 10:17:53
    Cycle      Total       Clock
--------- ---------- ----------- 
      500      52500 00:00:00:45       500                        
--- Global cycle limit of 500 met.
--- Cycling ended at: 2026-06-04 10:18:38
    Cycle      Total       Clock
--------- ---------- ----------- 
      500      53000 00:00:00:45       500                        
--- Global cycle limit of 500 met.
--- Cycling ended at: 2026-06-04 10:19:23
step=26 x=2870.99-2872.01 cycle=2000 ratio=4.85686e-06
--- Group excavation assigned to 116 Zones in slot Default.
    Cycle      Total       Clock
--------- ---------- ----------- 
      500      53500 00:00:00:44       500                        
--- Global cycle limit of 500 met.
--- Cycling ended at: 2026-06-04 10:20:09
    Cycle      Total       Clock
--------- ---------- ----------- 
      500      54000 00:00:00:44       500                        
--- Global cycle limit of 500 met.
--- Cycling ended at: 2026-06-04 10:20:54
    Cycle      Total       Clock
--------- ---------- ----------- 
      500      54500 00:00:00:44       500                        
--- Global cycle limit of 500 met.
--- Cycling ended at: 2026-06-04 10:21:39
    Cycle      Total       Clock
--------- ---------- ----------- 
      500      55000 00:00:00:45       500                        
--- Global cycle limit of 500 met.
--- Cycling ended at: 2026-06-04 10:22:24
step=27 x=2871.99-2873.01 cycle=2000 ratio=4.89371e-06
--- Group excavation assigned to 116 Zones in slot Default.
    Cycle      Total       Clock
--------- ---------- ----------- 
      500      55500 00:00:00:45       500                        
--- Global cycle limit of 500 met.
--- Cycling ended at: 2026-06-04 10:23:10
    Cycle      Total       Clock
--------- ---------- ----------- 
      500      56000 00:00:00:44       500                        
--- Global cycle limit of 500 met.
--- Cycling ended at: 2026-06-04 10:23:55
    Cycle      Total       Clock
--------- ---------- ----------- 
      500      56500 00:00:00:44       500                        
--- Global cycle limit of 500 met.
--- Cycling ended at: 2026-06-04 10:24:39
    Cycle      Total       Clock
--------- ---------- ----------- 
      500      57000 00:00:00:44       500                        
--- Global cycle limit of 500 met.
--- Cycling ended at: 2026-06-04 10:25:24
step=28 x=2872.99-2874.01 cycle=2000 ratio=4.96309e-06
--- Group excavation assigned to 116 Zones in slot Default.
    Cycle      Total       Clock
--------- ---------- ----------- 
      500      57500 00:00:00:44       500                        
--- Global cycle limit of 500 met.
--- Cycling ended at: 2026-06-04 10:26:10
    Cycle      Total       Clock
--------- ---------- ----------- 
      500      58000 00:00:00:44       500                        
--- Global cycle limit of 500 met.
--- Cycling ended at: 2026-06-04 10:26:55
    Cycle      Total       Clock
--------- ---------- ----------- 
      500      58500 00:00:00:44       500                        
--- Global cycle limit of 500 met.
--- Cycling ended at: 2026-06-04 10:27:39
    Cycle      Total       Clock
--------- ---------- ----------- 
      500      59000 00:00:00:44       500                        
--- Global cycle limit of 500 met.
--- Cycling ended at: 2026-06-04 10:28:24
step=29 x=2873.99-2875.01 cycle=2000 ratio=5.00696e-06
--- Group excavation assigned to 116 Zones in slot Default.
    Cycle      Total       Clock
--------- ---------- ----------- 
      500      59500 00:00:00:46       500                        
--- Global cycle limit of 500 met.
--- Cycling ended at: 2026-06-04 10:29:12
    Cycle      Total       Clock
--------- ---------- ----------- 
      500      60000 00:00:00:46       500                        
--- Global cycle limit of 500 met.
--- Cycling ended at: 2026-06-04 10:29:58
    Cycle      Total       Clock
--------- ---------- ----------- 
      500      60500 00:00:00:46       500                        
--- Global cycle limit of 500 met.
--- Cycling ended at: 2026-06-04 10:30:45
    Cycle      Total       Clock
--------- ---------- ----------- 
      500      61000 00:00:00:45       500                        
--- Global cycle limit of 500 met.
--- Cycling ended at: 2026-06-04 10:31:30
step=30 x=2874.99-2876.01 cycle=2000 ratio=4.98964e-06
--- Group excavation assigned to 116 Zones in slot Default.
    Cycle      Total       Clock
--------- ---------- ----------- 
      500      61500 00:00:00:45       500                        
--- Global cycle limit of 500 met.
--- Cycling ended at: 2026-06-04 10:32:17
    Cycle      Total       Clock
--------- ---------- ----------- 
      500      62000 00:00:00:45       500                        
--- Global cycle limit of 500 met.
--- Cycling ended at: 2026-06-04 10:33:02
    Cycle      Total       Clock
--------- ---------- ----------- 
      500      62500 00:00:00:45       500                        
--- Global cycle limit of 500 met.
--- Cycling ended at: 2026-06-04 10:33:47
    Cycle      Total       Clock
--------- ---------- ----------- 
      500      63000 00:00:00:46       500                        
--- Global cycle limit of 500 met.
--- Cycling ended at: 2026-06-04 10:34:34
step=31 x=2875.99-2877.01 cycle=2000 ratio=4.99354e-06
--- Group excavation assigned to 116 Zones in slot Default.
    Cycle      Total       Clock
--------- ---------- ----------- 
      500      63500 00:00:00:46       500                        
--- Global cycle limit of 500 met.
--- Cycling ended at: 2026-06-04 10:35:21
    Cycle      Total       Clock
--------- ---------- ----------- 
      500      64000 00:00:00:45       500                        
--- Global cycle limit of 500 met.
--- Cycling ended at: 2026-06-04 10:36:06
    Cycle      Total       Clock
--------- ---------- ----------- 
      500      64500 00:00:00:45       500                        
--- Global cycle limit of 500 met.
--- Cycling ended at: 2026-06-04 10:36:51
    Cycle      Total       Clock
--------- ---------- ----------- 
      500      65000 00:00:00:45       500                        
--- Global cycle limit of 500 met.
--- Cycling ended at: 2026-06-04 10:37:37
step=32 x=2876.99-2878.01 cycle=2000 ratio=5.02936e-06
--- Group excavation assigned to 116 Zones in slot Default.
    Cycle      Total       Clock
--------- ---------- ----------- 
      500      65500 00:00:00:45       500                        
--- Global cycle limit of 500 met.
--- Cycling ended at: 2026-06-04 10:38:23
    Cycle      Total       Clock
--------- ---------- ----------- 
      500      66000 00:00:00:45       500                        
--- Global cycle limit of 500 met.
--- Cycling ended at: 2026-06-04 10:39:09
    Cycle      Total       Clock
--------- ---------- ----------- 
      500      66500 00:00:00:45       500                        
--- Global cycle limit of 500 met.
--- Cycling ended at: 2026-06-04 10:39:54
    Cycle      Total       Clock
--------- ---------- ----------- 
      500      67000 00:00:00:45       500                        
--- Global cycle limit of 500 met.
--- Cycling ended at: 2026-06-04 10:40:40
step=33 x=2877.99-2879.01 cycle=2000 ratio=5.19189e-06
--- Group excavation assigned to 116 Zones in slot Default.
    Cycle      Total       Clock
--------- ---------- ----------- 
      500      67500 00:00:00:45       500                        
--- Global cycle limit of 500 met.
--- Cycling ended at: 2026-06-04 10:41:26
    Cycle      Total       Clock
--------- ---------- ----------- 
      500      68000 00:00:00:45       500                        
--- Global cycle limit of 500 met.
--- Cycling ended at: 2026-06-04 10:42:11
    Cycle      Total       Clock
--------- ---------- ----------- 
      500      68500 00:00:00:45       500                        
--- Global cycle limit of 500 met.
--- Cycling ended at: 2026-06-04 10:42:57
    Cycle      Total       Clock
--------- ---------- ----------- 
      500      69000 00:00:00:45       500                        
--- Global cycle limit of 500 met.
--- Cycling ended at: 2026-06-04 10:43:42
step=34 x=2878.99-2880.01 cycle=2000 ratio=5.15269e-06
--- Group excavation assigned to 116 Zones in slot Default.
    Cycle      Total       Clock
--------- ---------- ----------- 
      500      69500 00:00:00:45       500                        
--- Global cycle limit of 500 met.
--- Cycling ended at: 2026-06-04 10:44:29
    Cycle      Total       Clock
--------- ---------- ----------- 
      500      70000 00:00:00:45       500                        
--- Global cycle limit of 500 met.
--- Cycling ended at: 2026-06-04 10:45:14
    Cycle      Total       Clock
--------- ---------- ----------- 
      500      70500 00:00:00:45       500                        
--- Global cycle limit of 500 met.
--- Cycling ended at: 2026-06-04 10:45:59
    Cycle      Total       Clock
--------- ---------- ----------- 
      500      71000 00:00:00:45       500                        
--- Global cycle limit of 500 met.
--- Cycling ended at: 2026-06-04 10:46:45
step=35 x=2879.99-2881.01 cycle=2000 ratio=5.17949e-06
--- Group excavation assigned to 116 Zones in slot Default.
    Cycle      Total       Clock
--------- ---------- ----------- 
      500      71500 00:00:00:45       500                        
--- Global cycle limit of 500 met.
--- Cycling ended at: 2026-06-04 10:47:31
    Cycle      Total       Clock
--------- ---------- ----------- 
      500      72000 00:00:00:45       500                        
--- Global cycle limit of 500 met.
--- Cycling ended at: 2026-06-04 10:48:16
    Cycle      Total       Clock
--------- ---------- ----------- 
      500      72500 00:00:00:45       500                        
--- Global cycle limit of 500 met.
--- Cycling ended at: 2026-06-04 10:49:02
    Cycle      Total       Clock
--------- ---------- ----------- 
      500      73000 00:00:00:45       500                        
--- Global cycle limit of 500 met.
--- Cycling ended at: 2026-06-04 10:49:48
step=36 x=2880.99-2882.01 cycle=2000 ratio=5.08932e-06
--- Group excavation assigned to 116 Zones in slot Default.
    Cycle      Total       Clock
--------- ---------- ----------- 
      500      73500 00:00:00:45       500                        
--- Global cycle limit of 500 met.
--- Cycling ended at: 2026-06-04 10:50:35
    Cycle      Total       Clock
--------- ---------- ----------- 
      500      74000 00:00:00:45       500                        
--- Global cycle limit of 500 met.
--- Cycling ended at: 2026-06-04 10:51:20
    Cycle      Total       Clock
--------- ---------- ----------- 
      500      74500 00:00:00:45       500                        
--- Global cycle limit of 500 met.
--- Cycling ended at: 2026-06-04 10:52:05
    Cycle      Total       Clock
--------- ---------- ----------- 
      500      75000 00:00:00:45       500                        
--- Global cycle limit of 500 met.
--- Cycling ended at: 2026-06-04 10:52:51
step=37 x=2881.99-2883.01 cycle=2000 ratio=5.13683e-06
--- Group excavation assigned to 116 Zones in slot Default.
    Cycle      Total       Clock
--------- ---------- ----------- 
      500      75500 00:00:00:45       500                        
--- Global cycle limit of 500 met.
--- Cycling ended at: 2026-06-04 10:53:38
    Cycle      Total       Clock
--------- ---------- ----------- 
      500      76000 00:00:00:45       500                        
--- Global cycle limit of 500 met.
--- Cycling ended at: 2026-06-04 10:54:23
    Cycle      Total       Clock
--------- ---------- ----------- 
      500      76500 00:00:00:45       500                        
--- Global cycle limit of 500 met.
--- Cycling ended at: 2026-06-04 10:55:08
    Cycle      Total       Clock
--------- ---------- ----------- 
      500      77000 00:00:00:45       500                        
--- Global cycle limit of 500 met.
--- Cycling ended at: 2026-06-04 10:55:54
step=38 x=2882.99-2884.01 cycle=2000 ratio=5.22136e-06
--- Group excavation assigned to 116 Zones in slot Default.
    Cycle      Total       Clock
--------- ---------- ----------- 
      500      77500 00:00:00:45       500                        
--- Global cycle limit of 500 met.
--- Cycling ended at: 2026-06-04 10:56:40
    Cycle      Total       Clock
--------- ---------- ----------- 
      500      78000 00:00:00:45       500                        
--- Global cycle limit of 500 met.
--- Cycling ended at: 2026-06-04 10:57:25
    Cycle      Total       Clock
--------- ---------- ----------- 
      500      78500 00:00:00:45       500                        
--- Global cycle limit of 500 met.
--- Cycling ended at: 2026-06-04 10:58:11
    Cycle      Total       Clock
--------- ---------- ----------- 
      500      79000 00:00:00:45       500                        
--- Global cycle limit of 500 met.
--- Cycling ended at: 2026-06-04 10:58:56
step=39 x=2883.99-2885.01 cycle=2000 ratio=5.12828e-06
--- Group excavation assigned to 116 Zones in slot Default.
    Cycle      Total       Clock
--------- ---------- ----------- 
      500      79500 00:00:00:45       500                        
--- Global cycle limit of 500 met.
--- Cycling ended at: 2026-06-04 10:59:43
    Cycle      Total       Clock
--------- ---------- ----------- 
      500      80000 00:00:00:45       500                        
--- Global cycle limit of 500 met.
--- Cycling ended at: 2026-06-04 11:00:28
    Cycle      Total       Clock
--------- ---------- ----------- 
      500      80500 00:00:00:45       500                        
--- Global cycle limit of 500 met.
--- Cycling ended at: 2026-06-04 11:01:14
    Cycle      Total       Clock
--------- ---------- ----------- 
      500      81000 00:00:00:45       500                        
--- Global cycle limit of 500 met.
--- Cycling ended at: 2026-06-04 11:01:59
step=40 x=2884.99-2886.01 cycle=2000 ratio=5.00894e-06
--- Group excavation assigned to 116 Zones in slot Default.
    Cycle      Total       Clock
--------- ---------- ----------- 
      500      81500 00:00:00:45       500                        
--- Global cycle limit of 500 met.
--- Cycling ended at: 2026-06-04 11:02:46
    Cycle      Total       Clock
--------- ---------- ----------- 
      500      82000 00:00:00:45       500                        
--- Global cycle limit of 500 met.
--- Cycling ended at: 2026-06-04 11:03:31
    Cycle      Total       Clock
--------- ---------- ----------- 
      500      82500 00:00:00:45       500                        
--- Global cycle limit of 500 met.
--- Cycling ended at: 2026-06-04 11:04:17
    Cycle      Total       Clock
--------- ---------- ----------- 
      500      83000 00:00:00:46       500                        
--- Global cycle limit of 500 met.
--- Cycling ended at: 2026-06-04 11:05:03
step=41 x=2885.99-2887.01 cycle=2000 ratio=5.04278e-06
--- Group excavation assigned to 116 Zones in slot Default.
    Cycle      Total       Clock
--------- ---------- ----------- 
      500      83500 00:00:00:45       500                        
--- Global cycle limit of 500 met.
--- Cycling ended at: 2026-06-04 11:05:49
    Cycle      Total       Clock
--------- ---------- ----------- 
      500      84000 00:00:00:45       500                        
--- Global cycle limit of 500 met.
--- Cycling ended at: 2026-06-04 11:06:34
    Cycle      Total       Clock
--------- ---------- ----------- 
      500      84500 00:00:00:45       500                        
--- Global cycle limit of 500 met.
--- Cycling ended at: 2026-06-04 11:07:19
    Cycle      Total       Clock
--------- ---------- ----------- 
      500      85000 00:00:00:45       500                        
--- Global cycle limit of 500 met.
--- Cycling ended at: 2026-06-04 11:08:05
step=42 x=2886.99-2888.01 cycle=2000 ratio=5.12345e-06
--- Group excavation assigned to 116 Zones in slot Default.
    Cycle      Total       Clock
--------- ---------- ----------- 
      500      85500 00:00:00:45       500                        
--- Global cycle limit of 500 met.
--- Cycling ended at: 2026-06-04 11:08:51
    Cycle      Total       Clock
--------- ---------- ----------- 
      500      86000 00:00:00:45       500                        
--- Global cycle limit of 500 met.
--- Cycling ended at: 2026-06-04 11:09:36
    Cycle      Total       Clock
--------- ---------- ----------- 
      500      86500 00:00:00:45       500                        
--- Global cycle limit of 500 met.
--- Cycling ended at: 2026-06-04 11:10:22
    Cycle      Total       Clock
--------- ---------- ----------- 
      500      87000 00:00:00:45       500                        
--- Global cycle limit of 500 met.
--- Cycling ended at: 2026-06-04 11:11:07
step=43 x=2887.99-2889.01 cycle=2000 ratio=5.0823e-06
--- Group excavation assigned to 116 Zones in slot Default.
    Cycle      Total       Clock
--------- ---------- ----------- 
      500      87500 00:00:00:45       500                        
--- Global cycle limit of 500 met.
--- Cycling ended at: 2026-06-04 11:11:54
    Cycle      Total       Clock
--------- ---------- ----------- 
      500      88000 00:00:00:45       500                        
--- Global cycle limit of 500 met.
--- Cycling ended at: 2026-06-04 11:12:39
    Cycle      Total       Clock
--------- ---------- ----------- 
      500      88500 00:00:00:45       500                        
--- Global cycle limit of 500 met.
--- Cycling ended at: 2026-06-04 11:13:24
    Cycle      Total       Clock
--------- ---------- ----------- 
      500      89000 00:00:00:45       500                        
--- Global cycle limit of 500 met.
--- Cycling ended at: 2026-06-04 11:14:09
step=44 x=2888.99-2890.01 cycle=2000 ratio=5.15931e-06
--- Group excavation assigned to 116 Zones in slot Default.
    Cycle      Total       Clock
--------- ---------- ----------- 
      500      89500 00:00:00:45       500                        
--- Global cycle limit of 500 met.
--- Cycling ended at: 2026-06-04 11:14:56
    Cycle      Total       Clock
--------- ---------- ----------- 
      500      90000 00:00:00:45       500                        
--- Global cycle limit of 500 met.
--- Cycling ended at: 2026-06-04 11:15:41
    Cycle      Total       Clock
--------- ---------- ----------- 
      500      90500 00:00:00:45       500                        
--- Global cycle limit of 500 met.
--- Cycling ended at: 2026-06-04 11:16:26
    Cycle      Total       Clock
--------- ---------- ----------- 
      500      91000 00:00:00:45       500                        
--- Global cycle limit of 500 met.
--- Cycling ended at: 2026-06-04 11:17:11
step=45 x=2889.99-2891.01 cycle=2000 ratio=5.25644e-06
--- Group excavation assigned to 116 Zones in slot Default.
    Cycle      Total       Clock
--------- ---------- ----------- 
      500      91500 00:00:00:45       500                        
--- Global cycle limit of 500 met.
--- Cycling ended at: 2026-06-04 11:17:58
    Cycle      Total       Clock
--------- ---------- ----------- 
      500      92000 00:00:00:45       500                        
--- Global cycle limit of 500 met.
--- Cycling ended at: 2026-06-04 11:18:43
    Cycle      Total       Clock
--------- ---------- ----------- 
      500      92500 00:00:00:45       500                        
--- Global cycle limit of 500 met.
--- Cycling ended at: 2026-06-04 11:19:29
    Cycle      Total       Clock
--------- ---------- ----------- 
      500      93000 00:00:00:45       500                        
--- Global cycle limit of 500 met.
--- Cycling ended at: 2026-06-04 11:20:14
step=46 x=2890.99-2892.01 cycle=2000 ratio=5.27727e-06
--- Group excavation assigned to 116 Zones in slot Default.
    Cycle      Total       Clock
--------- ---------- ----------- 
      500      93500 00:00:00:45       500                        
--- Global cycle limit of 500 met.
--- Cycling ended at: 2026-06-04 11:21:00
    Cycle      Total       Clock
--------- ---------- ----------- 
      500      94000 00:00:00:45       500                        
--- Global cycle limit of 500 met.
--- Cycling ended at: 2026-06-04 11:21:45
    Cycle      Total       Clock
--------- ---------- ----------- 
      500      94500 00:00:00:45       500                        
--- Global cycle limit of 500 met.
--- Cycling ended at: 2026-06-04 11:22:31
    Cycle      Total       Clock
--------- ---------- ----------- 
      500      95000 00:00:00:45       500                        
--- Global cycle limit of 500 met.
--- Cycling ended at: 2026-06-04 11:23:17
step=47 x=2891.99-2893.01 cycle=2000 ratio=5.31683e-06
--- Group excavation assigned to 116 Zones in slot Default.
    Cycle      Total       Clock
--------- ---------- ----------- 
      500      95500 00:00:00:45       500                        
--- Global cycle limit of 500 met.
--- Cycling ended at: 2026-06-04 11:24:03
    Cycle      Total       Clock
--------- ---------- ----------- 
      500      96000 00:00:00:45       500                        
--- Global cycle limit of 500 met.
--- Cycling ended at: 2026-06-04 11:24:48
    Cycle      Total       Clock
--------- ---------- ----------- 
      500      96500 00:00:00:44       500                        
--- Global cycle limit of 500 met.
--- Cycling ended at: 2026-06-04 11:25:33
    Cycle      Total       Clock
--------- ---------- ----------- 
      500      97000 00:00:00:45       500                        
--- Global cycle limit of 500 met.
--- Cycling ended at: 2026-06-04 11:26:18
step=48 x=2892.99-2894.01 cycle=2000 ratio=5.27165e-06
--- Group excavation assigned to 116 Zones in slot Default.
    Cycle      Total       Clock
--------- ---------- ----------- 
      500      97500 00:00:00:45       500                        
--- Global cycle limit of 500 met.
--- Cycling ended at: 2026-06-04 11:27:04
    Cycle      Total       Clock
--------- ---------- ----------- 
      500      98000 00:00:00:45       500                        
--- Global cycle limit of 500 met.
--- Cycling ended at: 2026-06-04 11:27:49
    Cycle      Total       Clock
--------- ---------- ----------- 
      500      98500 00:00:00:45       500                        
--- Global cycle limit of 500 met.
--- Cycling ended at: 2026-06-04 11:28:35
    Cycle      Total       Clock
--------- ---------- ----------- 
      500      99000 00:00:00:45       500                        
--- Global cycle limit of 500 met.
--- Cycling ended at: 2026-06-04 11:29:20
step=49 x=2893.99-2895.01 cycle=2000 ratio=5.1918e-06
--- Group excavation assigned to 116 Zones in slot Default.
    Cycle      Total       Clock
--------- ---------- ----------- 
       50      99050 00:00:00:04        50                        
--- Global cycle limit of 50 met.
--- Cycling ended at: 2026-06-04 11:29:26
    Cycle      Total       Clock
--------- ---------- ----------- 
       50      99100 00:00:00:04        50                        
--- Global cycle limit of 50 met.
--- Cycling ended at: 2026-06-04 11:29:31
    Cycle      Total       Clock
--------- ---------- ----------- 
      100      99200 00:00:00:09       100                        
--- Global cycle limit of 100 met.
--- Cycling ended at: 2026-06-04 11:29:40
    Cycle      Total       Clock
--------- ---------- ----------- 
      100      99300 00:00:00:09       100                        
--- Global cycle limit of 100 met.
--- Cycling ended at: 2026-06-04 11:29:49
    Cycle      Total       Clock
--------- ---------- ----------- 
      100      99400 00:00:00:08       100                        
--- Global cycle limit of 100 met.
--- Cycling ended at: 2026-06-04 11:29:58
    Cycle      Total       Clock
--------- ---------- ----------- 
      100      99500 00:00:00:09       100                        
--- Global cycle limit of 100 met.
--- Cycling ended at: 2026-06-04 11:30:07
    Cycle      Total       Clock
--------- ---------- ----------- 
      500     100000 00:00:00:44       500                        
--- Global cycle limit of 500 met.
--- Cycling ended at: 2026-06-04 11:30:52
    Cycle      Total       Clock
--------- ---------- ----------- 
      500     100500 00:00:00:45       500                        
--- Global cycle limit of 500 met.
--- Cycling ended at: 2026-06-04 11:31:37
    Cycle      Total       Clock
--------- ---------- ----------- 
      500     101000 00:00:00:45       500                        
--- Global cycle limit of 500 met.
--- Cycling ended at: 2026-06-04 11:32:23
    Cycle      Total       Clock
--------- ---------- ----------- 
      500     101500 00:00:00:45       500                        
--- Global cycle limit of 500 met.
--- Cycling ended at: 2026-06-04 11:33:08
    Cycle      Total       Clock
--------- ---------- ----------- 
      500     102000 00:00:00:45       500                        
--- Global cycle limit of 500 met.
--- Cycling ended at: 2026-06-04 11:33:53
MONITOR step=50 x=2894.99-2896.01 cycle=3000 ratio=1.56857e-06
--- Group excavation assigned to 116 Zones in slot Default.
    Cycle      Total       Clock
--------- ---------- ----------- 
      500     102500 00:00:00:46       500                        
--- Global cycle limit of 500 met.
--- Cycling ended at: 2026-06-04 11:34:41
    Cycle      Total       Clock
--------- ---------- ----------- 
      500     103000 00:00:00:45       500                        
--- Global cycle limit of 500 met.
--- Cycling ended at: 2026-06-04 11:35:26
    Cycle      Total       Clock
--------- ---------- ----------- 
      500     103500 00:00:00:45       500                        
--- Global cycle limit of 500 met.
--- Cycling ended at: 2026-06-04 11:36:11
    Cycle      Total       Clock
--------- ---------- ----------- 
      500     104000 00:00:00:45       500                        
--- Global cycle limit of 500 met.
--- Cycling ended at: 2026-06-04 11:36:56
step=51 x=2895.99-2897.01 cycle=2000 ratio=4.91687e-06
--- Group excavation assigned to 116 Zones in slot Default.
    Cycle      Total       Clock
--------- ---------- ----------- 
      500     104500 00:00:00:45       500                        
--- Global cycle limit of 500 met.
--- Cycling ended at: 2026-06-04 11:37:42
    Cycle      Total       Clock
--------- ---------- ----------- 
      500     105000 00:00:00:45       500                        
--- Global cycle limit of 500 met.
--- Cycling ended at: 2026-06-04 11:38:27
    Cycle      Total       Clock
--------- ---------- ----------- 
      500     105500 00:00:00:44       500                        
--- Global cycle limit of 500 met.
--- Cycling ended at: 2026-06-04 11:39:12
    Cycle      Total       Clock
--------- ---------- ----------- 
      500     106000 00:00:00:45       500                        
--- Global cycle limit of 500 met.
--- Cycling ended at: 2026-06-04 11:39:58
step=52 x=2896.99-2898.01 cycle=2000 ratio=5.03835e-06
--- Group excavation assigned to 116 Zones in slot Default.
    Cycle      Total       Clock
--------- ---------- ----------- 
      500     106500 00:00:00:45       500                        
--- Global cycle limit of 500 met.
--- Cycling ended at: 2026-06-04 11:40:44
    Cycle      Total       Clock
--------- ---------- ----------- 
      500     107000 00:00:00:45       500                        
--- Global cycle limit of 500 met.
--- Cycling ended at: 2026-06-04 11:41:29
    Cycle      Total       Clock
--------- ---------- ----------- 
      500     107500 00:00:00:45       500                        
--- Global cycle limit of 500 met.
--- Cycling ended at: 2026-06-04 11:42:14
    Cycle      Total       Clock
--------- ---------- ----------- 
      500     108000 00:00:00:44       500                        
--- Global cycle limit of 500 met.
--- Cycling ended at: 2026-06-04 11:42:59
step=53 x=2897.99-2899.01 cycle=2000 ratio=4.98095e-06
--- Group excavation assigned to 116 Zones in slot Default.
    Cycle      Total       Clock
--------- ---------- ----------- 
      500     108500 00:00:00:45       500                        
--- Global cycle limit of 500 met.
--- Cycling ended at: 2026-06-04 11:43:46
    Cycle      Total       Clock
--------- ---------- ----------- 
      500     109000 00:00:00:45       500                        
--- Global cycle limit of 500 met.
--- Cycling ended at: 2026-06-04 11:44:31
    Cycle      Total       Clock
--------- ---------- ----------- 
      500     109500 00:00:00:45       500                        
--- Global cycle limit of 500 met.
--- Cycling ended at: 2026-06-04 11:45:16
    Cycle      Total       Clock
--------- ---------- ----------- 
      500     110000 00:00:00:45       500                        
--- Global cycle limit of 500 met.
--- Cycling ended at: 2026-06-04 11:46:01
step=54 x=2898.99-2900.01 cycle=2000 ratio=5.01663e-06
--- Group excavation assigned to 116 Zones in slot Default.
    Cycle      Total       Clock
--------- ---------- ----------- 
      500     110500 00:00:00:44       500                        
--- Global cycle limit of 500 met.
--- Cycling ended at: 2026-06-04 11:46:47
    Cycle      Total       Clock
--------- ---------- ----------- 
      500     111000 00:00:00:45       500                        
--- Global cycle limit of 500 met.
--- Cycling ended at: 2026-06-04 11:47:32
    Cycle      Total       Clock
--------- ---------- ----------- 
      500     111500 00:00:00:44       500                        
--- Global cycle limit of 500 met.
--- Cycling ended at: 2026-06-04 11:48:17
    Cycle      Total       Clock
--------- ---------- ----------- 
      500     112000 00:00:00:45       500                        
--- Global cycle limit of 500 met.
--- Cycling ended at: 2026-06-04 11:49:02
step=55 x=2899.99-2901.01 cycle=2000 ratio=5.09158e-06
--- Group excavation assigned to 116 Zones in slot Default.
    Cycle      Total       Clock
--------- ---------- ----------- 
      500     112500 00:00:00:45       500                        
--- Global cycle limit of 500 met.
--- Cycling ended at: 2026-06-04 11:49:49
    Cycle      Total       Clock
--------- ---------- ----------- 
      500     113000 00:00:00:45       500                        
--- Global cycle limit of 500 met.
--- Cycling ended at: 2026-06-04 11:50:35
    Cycle      Total       Clock
--------- ---------- ----------- 
      500     113500 00:00:00:44       500                        
--- Global cycle limit of 500 met.
--- Cycling ended at: 2026-06-04 11:51:19
    Cycle      Total       Clock
--------- ---------- ----------- 
      500     114000 00:00:00:45       500                        
--- Global cycle limit of 500 met.
--- Cycling ended at: 2026-06-04 11:52:04
step=56 x=2900.99-2902.01 cycle=2000 ratio=4.9889e-06
--- Group excavation assigned to 116 Zones in slot Default.
    Cycle      Total       Clock
--------- ---------- ----------- 
      500     114500 00:00:00:45       500                        
--- Global cycle limit of 500 met.
--- Cycling ended at: 2026-06-04 11:52:51
    Cycle      Total       Clock
--------- ---------- ----------- 
      500     115000 00:00:00:45       500                        
--- Global cycle limit of 500 met.
--- Cycling ended at: 2026-06-04 11:53:36
    Cycle      Total       Clock
--------- ---------- ----------- 
      500     115500 00:00:00:45       500                        
--- Global cycle limit of 500 met.
--- Cycling ended at: 2026-06-04 11:54:21
    Cycle      Total       Clock
--------- ---------- ----------- 
      500     116000 00:00:00:45       500                        
--- Global cycle limit of 500 met.
--- Cycling ended at: 2026-06-04 11:55:06
step=57 x=2901.99-2903.01 cycle=2000 ratio=5.0142e-06
--- Group excavation assigned to 116 Zones in slot Default.
    Cycle      Total       Clock
--------- ---------- ----------- 
      500     116500 00:00:00:45       500                        
--- Global cycle limit of 500 met.
--- Cycling ended at: 2026-06-04 11:55:53
    Cycle      Total       Clock
--------- ---------- ----------- 
      500     117000 00:00:00:45       500                        
--- Global cycle limit of 500 met.
--- Cycling ended at: 2026-06-04 11:56:38
    Cycle      Total       Clock
--------- ---------- ----------- 
      500     117500 00:00:00:44       500                        
--- Global cycle limit of 500 met.
--- Cycling ended at: 2026-06-04 11:57:22
    Cycle      Total       Clock
--------- ---------- ----------- 
      500     118000 00:00:00:45       500                        
--- Global cycle limit of 500 met.
--- Cycling ended at: 2026-06-04 11:58:08
step=58 x=2902.99-2904.01 cycle=2000 ratio=5.07776e-06
--- Group excavation assigned to 116 Zones in slot Default.
    Cycle      Total       Clock
--------- ---------- ----------- 
      500     118500 00:00:00:45       500                        
--- Global cycle limit of 500 met.
--- Cycling ended at: 2026-06-04 11:58:54
    Cycle      Total       Clock
--------- ---------- ----------- 
      500     119000 00:00:00:45       500                        
--- Global cycle limit of 500 met.
--- Cycling ended at: 2026-06-04 11:59:39
    Cycle      Total       Clock
--------- ---------- ----------- 
      500     119500 00:00:00:44       500                        
--- Global cycle limit of 500 met.
--- Cycling ended at: 2026-06-04 12:00:24
    Cycle      Total       Clock
--------- ---------- ----------- 
      500     120000 00:00:00:45       500                        
--- Global cycle limit of 500 met.
--- Cycling ended at: 2026-06-04 12:01:10
step=59 x=2903.99-2905.01 cycle=2000 ratio=5.15006e-06
--- Group excavation assigned to 116 Zones in slot Default.
    Cycle      Total       Clock
--------- ---------- ----------- 
      500     120500 00:00:00:45       500                        
--- Global cycle limit of 500 met.
--- Cycling ended at: 2026-06-04 12:01:56
    Cycle      Total       Clock
--------- ---------- ----------- 
      500     121000 00:00:00:45       500                        
--- Global cycle limit of 500 met.
--- Cycling ended at: 2026-06-04 12:02:41
    Cycle      Total       Clock
--------- ---------- ----------- 
      500     121500 00:00:00:44       500                        
--- Global cycle limit of 500 met.
--- Cycling ended at: 2026-06-04 12:03:26
    Cycle      Total       Clock
--------- ---------- ----------- 
      500     122000 00:00:00:45       500                        
--- Global cycle limit of 500 met.
--- Cycling ended at: 2026-06-04 12:04:12
step=60 x=2904.99-2906.01 cycle=2000 ratio=4.93865e-06
--- Group excavation assigned to 116 Zones in slot Default.
    Cycle      Total       Clock
--------- ---------- ----------- 
      500     122500 00:00:00:45       500                        
--- Global cycle limit of 500 met.
--- Cycling ended at: 2026-06-04 12:04:58
    Cycle      Total       Clock
--------- ---------- ----------- 
      500     123000 00:00:00:44       500                        
--- Global cycle limit of 500 met.
--- Cycling ended at: 2026-06-04 12:05:43
    Cycle      Total       Clock
--------- ---------- ----------- 
      500     123500 00:00:00:44       500                        
--- Global cycle limit of 500 met.
--- Cycling ended at: 2026-06-04 12:06:28
    Cycle      Total       Clock
--------- ---------- ----------- 
      500     124000 00:00:00:44       500                        
--- Global cycle limit of 500 met.
--- Cycling ended at: 2026-06-04 12:07:13
step=61 x=2905.99-2907.01 cycle=2000 ratio=4.87693e-06
--- Group excavation assigned to 116 Zones in slot Default.
    Cycle      Total       Clock
--------- ---------- ----------- 
      500     124500 00:00:00:44       500                        
--- Global cycle limit of 500 met.
--- Cycling ended at: 2026-06-04 12:07:59
    Cycle      Total       Clock
--------- ---------- ----------- 
      500     125000 00:00:00:45       500                        
--- Global cycle limit of 500 met.
--- Cycling ended at: 2026-06-04 12:08:44
    Cycle      Total       Clock
--------- ---------- ----------- 
      500     125500 00:00:00:44       500                        
--- Global cycle limit of 500 met.
--- Cycling ended at: 2026-06-04 12:09:29
    Cycle      Total       Clock
--------- ---------- ----------- 
      500     126000 00:00:00:45       500                        
--- Global cycle limit of 500 met.
--- Cycling ended at: 2026-06-04 12:10:14
step=62 x=2906.99-2908.01 cycle=2000 ratio=4.88262e-06
--- Group excavation assigned to 116 Zones in slot Default.
    Cycle      Total       Clock
--------- ---------- ----------- 
      500     126500 00:00:00:45       500                        
--- Global cycle limit of 500 met.
--- Cycling ended at: 2026-06-04 12:11:01
    Cycle      Total       Clock
--------- ---------- ----------- 
      500     127000 00:00:00:44       500                        
--- Global cycle limit of 500 met.
--- Cycling ended at: 2026-06-04 12:11:46
    Cycle      Total       Clock
--------- ---------- ----------- 
      500     127500 00:00:00:45       500                        
--- Global cycle limit of 500 met.
--- Cycling ended at: 2026-06-04 12:12:31
    Cycle      Total       Clock
--------- ---------- ----------- 
      500     128000 00:00:00:45       500                        
--- Global cycle limit of 500 met.
--- Cycling ended at: 2026-06-04 12:13:16
step=63 x=2907.99-2909.01 cycle=2000 ratio=4.90886e-06
--- Group excavation assigned to 116 Zones in slot Default.
    Cycle      Total       Clock
--------- ---------- ----------- 
      500     128500 00:00:00:44       500                        
--- Global cycle limit of 500 met.
--- Cycling ended at: 2026-06-04 12:14:02
    Cycle      Total       Clock
--------- ---------- ----------- 
      500     129000 00:00:00:44       500                        
--- Global cycle limit of 500 met.
--- Cycling ended at: 2026-06-04 12:14:47
    Cycle      Total       Clock
--------- ---------- ----------- 
      500     129500 00:00:00:44       500                        
--- Global cycle limit of 500 met.
--- Cycling ended at: 2026-06-04 12:15:32
    Cycle      Total       Clock
--------- ---------- ----------- 
      500     130000 00:00:00:44       500                        
--- Global cycle limit of 500 met.
--- Cycling ended at: 2026-06-04 12:16:17
step=64 x=2908.99-2910.01 cycle=2000 ratio=4.84101e-06
--- Group excavation assigned to 116 Zones in slot Default.
    Cycle      Total       Clock
--------- ---------- ----------- 
      500     130500 00:00:00:45       500                        
--- Global cycle limit of 500 met.
--- Cycling ended at: 2026-06-04 12:17:03
    Cycle      Total       Clock
--------- ---------- ----------- 
      500     131000 00:00:00:45       500                        
--- Global cycle limit of 500 met.
--- Cycling ended at: 2026-06-04 12:17:48
    Cycle      Total       Clock
--------- ---------- ----------- 
      500     131500 00:00:00:45       500                        
--- Global cycle limit of 500 met.
--- Cycling ended at: 2026-06-04 12:18:33
    Cycle      Total       Clock
--------- ---------- ----------- 
      500     132000 00:00:00:45       500                        
--- Global cycle limit of 500 met.
--- Cycling ended at: 2026-06-04 12:19:19
step=65 x=2909.99-2911.01 cycle=2000 ratio=4.71936e-06
--- Group excavation assigned to 116 Zones in slot Default.
    Cycle      Total       Clock
--------- ---------- ----------- 
      500     132500 00:00:00:45       500                        
--- Global cycle limit of 500 met.
--- Cycling ended at: 2026-06-04 12:20:06
    Cycle      Total       Clock
--------- ---------- ----------- 
      500     133000 00:00:00:44       500                        
--- Global cycle limit of 500 met.
--- Cycling ended at: 2026-06-04 12:20:50
    Cycle      Total       Clock
--------- ---------- ----------- 
      500     133500 00:00:00:44       500                        
--- Global cycle limit of 500 met.
--- Cycling ended at: 2026-06-04 12:21:35
    Cycle      Total       Clock
--------- ---------- ----------- 
      500     134000 00:00:00:45       500                        
--- Global cycle limit of 500 met.
--- Cycling ended at: 2026-06-04 12:22:20
step=66 x=2910.99-2912.01 cycle=2000 ratio=4.71974e-06
--- Group excavation assigned to 116 Zones in slot Default.
    Cycle      Total       Clock
--------- ---------- ----------- 
      500     134500 00:00:00:45       500                        
--- Global cycle limit of 500 met.
--- Cycling ended at: 2026-06-04 12:23:07
    Cycle      Total       Clock
--------- ---------- ----------- 
      500     135000 00:00:00:45       500                        
--- Global cycle limit of 500 met.
--- Cycling ended at: 2026-06-04 12:23:52
    Cycle      Total       Clock
--------- ---------- ----------- 
      500     135500 00:00:00:44       500                        
--- Global cycle limit of 500 met.
--- Cycling ended at: 2026-06-04 12:24:37
    Cycle      Total       Clock
--------- ---------- ----------- 
      500     136000 00:00:00:45       500                        
--- Global cycle limit of 500 met.
--- Cycling ended at: 2026-06-04 12:25:22
step=67 x=2911.99-2913.01 cycle=2000 ratio=4.72927e-06
--- Group excavation assigned to 116 Zones in slot Default.
    Cycle      Total       Clock
--------- ---------- ----------- 
      500     136500 00:00:00:45       500                        
--- Global cycle limit of 500 met.
--- Cycling ended at: 2026-06-04 12:26:08
    Cycle      Total       Clock
--------- ---------- ----------- 
      500     137000 00:00:00:44       500                        
--- Global cycle limit of 500 met.
--- Cycling ended at: 2026-06-04 12:26:53
    Cycle      Total       Clock
--------- ---------- ----------- 
      500     137500 00:00:00:44       500                        
--- Global cycle limit of 500 met.
--- Cycling ended at: 2026-06-04 12:27:38
    Cycle      Total       Clock
--------- ---------- ----------- 
      500     138000 00:00:00:45       500                        
--- Global cycle limit of 500 met.
--- Cycling ended at: 2026-06-04 12:28:23
step=68 x=2912.99-2914.01 cycle=2000 ratio=4.67833e-06
--- Group excavation assigned to 116 Zones in slot Default.
    Cycle      Total       Clock
--------- ---------- ----------- 
      500     138500 00:00:00:44       500                        
--- Global cycle limit of 500 met.
--- Cycling ended at: 2026-06-04 12:29:09
    Cycle      Total       Clock
--------- ---------- ----------- 
      500     139000 00:00:00:44       500                        
--- Global cycle limit of 500 met.
--- Cycling ended at: 2026-06-04 12:29:54
    Cycle      Total       Clock
--------- ---------- ----------- 
      500     139500 00:00:00:44       500                        
--- Global cycle limit of 500 met.
--- Cycling ended at: 2026-06-04 12:30:39
    Cycle      Total       Clock
--------- ---------- ----------- 
      500     140000 00:00:00:45       500                        
--- Global cycle limit of 500 met.
--- Cycling ended at: 2026-06-04 12:31:24
step=69 x=2913.99-2915.01 cycle=2000 ratio=4.44529e-06
--- Group excavation assigned to 116 Zones in slot Default.
    Cycle      Total       Clock
--------- ---------- ----------- 
      500     140500 00:00:00:44       500                        
--- Global cycle limit of 500 met.
--- Cycling ended at: 2026-06-04 12:32:10
    Cycle      Total       Clock
--------- ---------- ----------- 
      500     141000 00:00:00:45       500                        
--- Global cycle limit of 500 met.
--- Cycling ended at: 2026-06-04 12:32:55
    Cycle      Total       Clock
--------- ---------- ----------- 
      500     141500 00:00:00:44       500                        
--- Global cycle limit of 500 met.
--- Cycling ended at: 2026-06-04 12:33:40
    Cycle      Total       Clock
--------- ---------- ----------- 
      500     142000 00:00:00:45       500                        
--- Global cycle limit of 500 met.
--- Cycling ended at: 2026-06-04 12:34:26
step=70 x=2914.99-2916.01 cycle=2000 ratio=4.3908e-06
--- Group excavation assigned to 116 Zones in slot Default.
    Cycle      Total       Clock
--------- ---------- ----------- 
      500     142500 00:00:00:45       500                        
--- Global cycle limit of 500 met.
--- Cycling ended at: 2026-06-04 12:35:12
    Cycle      Total       Clock
--------- ---------- ----------- 
      500     143000 00:00:00:45       500                        
--- Global cycle limit of 500 met.
--- Cycling ended at: 2026-06-04 12:35:57
    Cycle      Total       Clock
--------- ---------- ----------- 
      500     143500 00:00:00:44       500                        
--- Global cycle limit of 500 met.
--- Cycling ended at: 2026-06-04 12:36:42
    Cycle      Total       Clock
--------- ---------- ----------- 
      500     144000 00:00:00:44       500                        
--- Global cycle limit of 500 met.
--- Cycling ended at: 2026-06-04 12:37:27
step=71 x=2915.99-2917.01 cycle=2000 ratio=4.47408e-06
--- Group excavation assigned to 116 Zones in slot Default.
    Cycle      Total       Clock
--------- ---------- ----------- 
      500     144500 00:00:00:44       500                        
--- Global cycle limit of 500 met.
--- Cycling ended at: 2026-06-04 12:38:13
    Cycle      Total       Clock
--------- ---------- ----------- 
      500     145000 00:00:00:44       500                        
--- Global cycle limit of 500 met.
--- Cycling ended at: 2026-06-04 12:38:57
    Cycle      Total       Clock
--------- ---------- ----------- 
      500     145500 00:00:00:44       500                        
--- Global cycle limit of 500 met.
--- Cycling ended at: 2026-06-04 12:39:42
    Cycle      Total       Clock
--------- ---------- ----------- 
      500     146000 00:00:00:45       500                        
--- Global cycle limit of 500 met.
--- Cycling ended at: 2026-06-04 12:40:27
step=72 x=2916.99-2918.01 cycle=2000 ratio=4.5483e-06
--- Group excavation assigned to 116 Zones in slot Default.
    Cycle      Total       Clock
--------- ---------- ----------- 
      500     146500 00:00:00:44       500                        
--- Global cycle limit of 500 met.
--- Cycling ended at: 2026-06-04 12:41:13
    Cycle      Total       Clock
--------- ---------- ----------- 
      500     147000 00:00:00:45       500                        
--- Global cycle limit of 500 met.
--- Cycling ended at: 2026-06-04 12:41:58
    Cycle      Total       Clock
--------- ---------- ----------- 
      500     147500 00:00:00:45       500                        
--- Global cycle limit of 500 met.
--- Cycling ended at: 2026-06-04 12:42:43
    Cycle      Total       Clock
--------- ---------- ----------- 
      500     148000 00:00:00:45       500                        
--- Global cycle limit of 500 met.
--- Cycling ended at: 2026-06-04 12:43:28
step=73 x=2917.99-2919.01 cycle=2000 ratio=4.29213e-06
--- Group excavation assigned to 116 Zones in slot Default.
    Cycle      Total       Clock
--------- ---------- ----------- 
      500     148500 00:00:00:44       500                        
--- Global cycle limit of 500 met.
--- Cycling ended at: 2026-06-04 12:44:14
    Cycle      Total       Clock
--------- ---------- ----------- 
      500     149000 00:00:00:44       500                        
--- Global cycle limit of 500 met.
--- Cycling ended at: 2026-06-04 12:44:59
    Cycle      Total       Clock
--------- ---------- ----------- 
      500     149500 00:00:00:45       500                        
--- Global cycle limit of 500 met.
--- Cycling ended at: 2026-06-04 12:45:44
    Cycle      Total       Clock
--------- ---------- ----------- 
      500     150000 00:00:00:45       500                        
--- Global cycle limit of 500 met.
--- Cycling ended at: 2026-06-04 12:46:29
step=74 x=2918.99-2920.01 cycle=2000 ratio=4.2433e-06
--- Group excavation assigned to 116 Zones in slot Default.
    Cycle      Total       Clock
--------- ---------- ----------- 
      500     150500 00:00:00:44       500                        
--- Global cycle limit of 500 met.
--- Cycling ended at: 2026-06-04 12:47:15
    Cycle      Total       Clock
--------- ---------- ----------- 
      500     151000 00:00:00:44       500                        
--- Global cycle limit of 500 met.
--- Cycling ended at: 2026-06-04 12:48:00
    Cycle      Total       Clock
--------- ---------- ----------- 
      500     151500 00:00:00:44       500                        
--- Global cycle limit of 500 met.
--- Cycling ended at: 2026-06-04 12:48:45
    Cycle      Total       Clock
--------- ---------- ----------- 
      500     152000 00:00:00:45       500                        
--- Global cycle limit of 500 met.
--- Cycling ended at: 2026-06-04 12:49:31
step=75 x=2919.99-2921.01 cycle=2000 ratio=4.14412e-06
--- Group excavation assigned to 116 Zones in slot Default.
    Cycle      Total       Clock
--------- ---------- ----------- 
      500     152500 00:00:00:45       500                        
--- Global cycle limit of 500 met.
--- Cycling ended at: 2026-06-04 12:50:17
    Cycle      Total       Clock
--------- ---------- ----------- 
      500     153000 00:00:00:44       500                        
--- Global cycle limit of 500 met.
--- Cycling ended at: 2026-06-04 12:51:02
    Cycle      Total       Clock
--------- ---------- ----------- 
      500     153500 00:00:00:44       500                        
--- Global cycle limit of 500 met.
--- Cycling ended at: 2026-06-04 12:51:46
    Cycle      Total       Clock
--------- ---------- ----------- 
      500     154000 00:00:00:45       500                        
--- Global cycle limit of 500 met.
--- Cycling ended at: 2026-06-04 12:52:31
step=76 x=2920.99-2922.01 cycle=2000 ratio=4.19698e-06
--- Group excavation assigned to 116 Zones in slot Default.
    Cycle      Total       Clock
--------- ---------- ----------- 
      500     154500 00:00:00:44       500                        
--- Global cycle limit of 500 met.
--- Cycling ended at: 2026-06-04 12:53:17
    Cycle      Total       Clock
--------- ---------- ----------- 
      500     155000 00:00:00:44       500                        
--- Global cycle limit of 500 met.
--- Cycling ended at: 2026-06-04 12:54:02
    Cycle      Total       Clock
--------- ---------- ----------- 
      500     155500 00:00:00:44       500                        
--- Global cycle limit of 500 met.
--- Cycling ended at: 2026-06-04 12:54:47
    Cycle      Total       Clock
--------- ---------- ----------- 
      500     156000 00:00:00:44       500                        
--- Global cycle limit of 500 met.
--- Cycling ended at: 2026-06-04 12:55:32
step=77 x=2921.99-2923.01 cycle=2000 ratio=4.08306e-06
--- Group excavation assigned to 116 Zones in slot Default.
    Cycle      Total       Clock
--------- ---------- ----------- 
      500     156500 00:00:00:44       500                        
--- Global cycle limit of 500 met.
--- Cycling ended at: 2026-06-04 12:56:18
    Cycle      Total       Clock
--------- ---------- ----------- 
      500     157000 00:00:00:44       500                        
--- Global cycle limit of 500 met.
--- Cycling ended at: 2026-06-04 12:57:03
    Cycle      Total       Clock
--------- ---------- ----------- 
      500     157500 00:00:00:44       500                        
--- Global cycle limit of 500 met.
--- Cycling ended at: 2026-06-04 12:57:47
    Cycle      Total       Clock
--------- ---------- ----------- 
      500     158000 00:00:00:44       500                        
--- Global cycle limit of 500 met.
--- Cycling ended at: 2026-06-04 12:58:32
step=78 x=2922.99-2924.01 cycle=2000 ratio=4.01986e-06
--- Group excavation assigned to 116 Zones in slot Default.
    Cycle      Total       Clock
--------- ---------- ----------- 
      500     158500 00:00:00:44       500                        
--- Global cycle limit of 500 met.
--- Cycling ended at: 2026-06-04 12:59:18
    Cycle      Total       Clock
--------- ---------- ----------- 
      500     159000 00:00:00:44       500                        
--- Global cycle limit of 500 met.
--- Cycling ended at: 2026-06-04 13:00:03
    Cycle      Total       Clock
--------- ---------- ----------- 
      500     159500 00:00:00:44       500                        
--- Global cycle limit of 500 met.
--- Cycling ended at: 2026-06-04 13:00:47
    Cycle      Total       Clock
--------- ---------- ----------- 
      500     160000 00:00:00:45       500                        
--- Global cycle limit of 500 met.
--- Cycling ended at: 2026-06-04 13:01:33
step=79 x=2923.99-2925.01 cycle=2000 ratio=3.85252e-06
--- Group excavation assigned to 116 Zones in slot Default.
    Cycle      Total       Clock
--------- ---------- ----------- 
      500     160500 00:00:00:44       500                        
--- Global cycle limit of 500 met.
--- Cycling ended at: 2026-06-04 13:02:19
    Cycle      Total       Clock
--------- ---------- ----------- 
      500     161000 00:00:00:44       500                        
--- Global cycle limit of 500 met.
--- Cycling ended at: 2026-06-04 13:03:04
    Cycle      Total       Clock
--------- ---------- ----------- 
      500     161500 00:00:00:44       500                        
--- Global cycle limit of 500 met.
--- Cycling ended at: 2026-06-04 13:03:48
    Cycle      Total       Clock
--------- ---------- ----------- 
      500     162000 00:00:00:45       500                        
--- Global cycle limit of 500 met.
--- Cycling ended at: 2026-06-04 13:04:34
step=80 x=2924.99-2926.01 cycle=2000 ratio=4.0048e-06
--- Group excavation assigned to 116 Zones in slot Default.
    Cycle      Total       Clock
--------- ---------- ----------- 
      500     162500 00:00:00:44       500                        
--- Global cycle limit of 500 met.
--- Cycling ended at: 2026-06-04 13:05:20
    Cycle      Total       Clock
--------- ---------- ----------- 
      500     163000 00:00:00:44       500                        
--- Global cycle limit of 500 met.
--- Cycling ended at: 2026-06-04 13:06:05
    Cycle      Total       Clock
--------- ---------- ----------- 
      500     163500 00:00:00:44       500                        
--- Global cycle limit of 500 met.
--- Cycling ended at: 2026-06-04 13:06:49
    Cycle      Total       Clock
--------- ---------- ----------- 
      500     164000 00:00:00:45       500                        
--- Global cycle limit of 500 met.
--- Cycling ended at: 2026-06-04 13:07:34
step=81 x=2925.99-2927.01 cycle=2000 ratio=4.07996e-06
--- Group excavation assigned to 116 Zones in slot Default.
    Cycle      Total       Clock
--------- ---------- ----------- 
      500     164500 00:00:00:45       500                        
--- Global cycle limit of 500 met.
--- Cycling ended at: 2026-06-04 13:08:21
    Cycle      Total       Clock
--------- ---------- ----------- 
      500     165000 00:00:00:47       500                        
--- Global cycle limit of 500 met.
--- Cycling ended at: 2026-06-04 13:09:08
    Cycle      Total       Clock
--------- ---------- ----------- 
      500     165500 00:00:00:47       500                        
--- Global cycle limit of 500 met.
--- Cycling ended at: 2026-06-04 13:09:56
    Cycle      Total       Clock
--------- ---------- ----------- 
      500     166000 00:00:00:45       500                        
--- Global cycle limit of 500 met.
--- Cycling ended at: 2026-06-04 13:10:42
step=82 x=2926.99-2928.01 cycle=2000 ratio=3.78455e-06
--- Group excavation assigned to 116 Zones in slot Default.
    Cycle      Total       Clock
--------- ---------- ----------- 
      500     166500 00:00:00:45       500                        
--- Global cycle limit of 500 met.
--- Cycling ended at: 2026-06-04 13:11:28
    Cycle      Total       Clock
--------- ---------- ----------- 
      500     167000 00:00:00:45       500                        
--- Global cycle limit of 500 met.
--- Cycling ended at: 2026-06-04 13:12:13
    Cycle      Total       Clock
--------- ---------- ----------- 
      500     167500 00:00:00:45       500                        
--- Global cycle limit of 500 met.
--- Cycling ended at: 2026-06-04 13:12:59
    Cycle      Total       Clock
--------- ---------- ----------- 
      500     168000 00:00:00:45       500                        
--- Global cycle limit of 500 met.
--- Cycling ended at: 2026-06-04 13:13:45
step=83 x=2927.99-2929.01 cycle=2000 ratio=3.82147e-06
--- Group excavation assigned to 116 Zones in slot Default.
    Cycle      Total       Clock
--------- ---------- ----------- 
      500     168500 00:00:00:46       500                        
--- Global cycle limit of 500 met.
--- Cycling ended at: 2026-06-04 13:14:32
    Cycle      Total       Clock
--------- ---------- ----------- 
      500     169000 00:00:00:46       500                        
--- Global cycle limit of 500 met.
--- Cycling ended at: 2026-06-04 13:15:19
    Cycle      Total       Clock
--------- ---------- ----------- 
      500     169500 00:00:00:44       500                        
--- Global cycle limit of 500 met.
--- Cycling ended at: 2026-06-04 13:16:04
    Cycle      Total       Clock
--------- ---------- ----------- 
      500     170000 00:00:00:45       500                        
--- Global cycle limit of 500 met.
--- Cycling ended at: 2026-06-04 13:16:49
step=84 x=2928.99-2930.01 cycle=2000 ratio=3.87134e-06
--- Group excavation assigned to 116 Zones in slot Default.
    Cycle      Total       Clock
--------- ---------- ----------- 
      500     170500 00:00:00:47       500                        
--- Global cycle limit of 500 met.
--- Cycling ended at: 2026-06-04 13:17:37
    Cycle      Total       Clock
--------- ---------- ----------- 
      500     171000 00:00:00:46       500                        
--- Global cycle limit of 500 met.
--- Cycling ended at: 2026-06-04 13:18:24
    Cycle      Total       Clock
--------- ---------- ----------- 
      500     171500 00:00:00:46       500                        
--- Global cycle limit of 500 met.
--- Cycling ended at: 2026-06-04 13:19:10
    Cycle      Total       Clock
--------- ---------- ----------- 
      500     172000 00:00:00:45       500                        
--- Global cycle limit of 500 met.
--- Cycling ended at: 2026-06-04 13:19:55
step=85 x=2929.99-2931.01 cycle=2000 ratio=3.89086e-06
--- Group excavation assigned to 116 Zones in slot Default.
    Cycle      Total       Clock
--------- ---------- ----------- 
      500     172500 00:00:00:44       500                        
--- Global cycle limit of 500 met.
--- Cycling ended at: 2026-06-04 13:20:41
    Cycle      Total       Clock
--------- ---------- ----------- 
      500     173000 00:00:00:47       500                        
--- Global cycle limit of 500 met.
--- Cycling ended at: 2026-06-04 13:21:28
    Cycle      Total       Clock
--------- ---------- ----------- 
      500     173500 00:00:00:46       500                        
--- Global cycle limit of 500 met.
--- Cycling ended at: 2026-06-04 13:22:14
    Cycle      Total       Clock
--------- ---------- ----------- 
      500     174000 00:00:00:47       500                        
--- Global cycle limit of 500 met.
--- Cycling ended at: 2026-06-04 13:23:02
step=86 x=2930.99-2932.01 cycle=2000 ratio=3.88e-06
--- Group excavation assigned to 116 Zones in slot Default.
    Cycle      Total       Clock
--------- ---------- ----------- 
      500     174500 00:00:00:46       500                        
--- Global cycle limit of 500 met.
--- Cycling ended at: 2026-06-04 13:23:49
    Cycle      Total       Clock
--------- ---------- ----------- 
      500     175000 00:00:00:44       500                        
--- Global cycle limit of 500 met.
--- Cycling ended at: 2026-06-04 13:24:34
    Cycle      Total       Clock
--------- ---------- ----------- 
      500     175500 00:00:00:45       500                        
--- Global cycle limit of 500 met.
--- Cycling ended at: 2026-06-04 13:25:19
    Cycle      Total       Clock
--------- ---------- ----------- 
      500     176000 00:00:00:45       500                        
--- Global cycle limit of 500 met.
--- Cycling ended at: 2026-06-04 13:26:05
step=87 x=2931.99-2933.01 cycle=2000 ratio=3.80274e-06
--- Group excavation assigned to 116 Zones in slot Default.
    Cycle      Total       Clock
--------- ---------- ----------- 
      500     176500 00:00:00:46       500                        
--- Global cycle limit of 500 met.
--- Cycling ended at: 2026-06-04 13:26:53
    Cycle      Total       Clock
--------- ---------- ----------- 
      500     177000 00:00:00:47       500                        
--- Global cycle limit of 500 met.
--- Cycling ended at: 2026-06-04 13:27:40
    Cycle      Total       Clock
--------- ---------- ----------- 
      500     177500 00:00:00:48       500                        
--- Global cycle limit of 500 met.
--- Cycling ended at: 2026-06-04 13:28:29
    Cycle      Total       Clock
--------- ---------- ----------- 
      500     178000 00:00:00:47       500                        
--- Global cycle limit of 500 met.
--- Cycling ended at: 2026-06-04 13:29:16
step=88 x=2932.99-2934.01 cycle=2000 ratio=3.62424e-06
--- Group excavation assigned to 116 Zones in slot Default.
    Cycle      Total       Clock
--------- ---------- ----------- 
      500     178500 00:00:00:45       500                        
--- Global cycle limit of 500 met.
--- Cycling ended at: 2026-06-04 13:30:03
    Cycle      Total       Clock
--------- ---------- ----------- 
      500     179000 00:00:00:45       500                        
--- Global cycle limit of 500 met.
--- Cycling ended at: 2026-06-04 13:30:48
    Cycle      Total       Clock
--------- ---------- ----------- 
      500     179500 00:00:00:45       500                        
--- Global cycle limit of 500 met.
--- Cycling ended at: 2026-06-04 13:31:33
    Cycle      Total       Clock
--------- ---------- ----------- 
      500     180000 00:00:00:45       500                        
--- Global cycle limit of 500 met.
--- Cycling ended at: 2026-06-04 13:32:19
step=89 x=2933.99-2935.01 cycle=2000 ratio=3.86072e-06
--- Group excavation assigned to 116 Zones in slot Default.
    Cycle      Total       Clock
--------- ---------- ----------- 
      500     180500 00:00:00:46       500                        
--- Global cycle limit of 500 met.
--- Cycling ended at: 2026-06-04 13:33:07
    Cycle      Total       Clock
--------- ---------- ----------- 
      500     181000 00:00:00:46       500                        
--- Global cycle limit of 500 met.
--- Cycling ended at: 2026-06-04 13:33:54
    Cycle      Total       Clock
--------- ---------- ----------- 
      500     181500 00:00:00:47       500                        
--- Global cycle limit of 500 met.
--- Cycling ended at: 2026-06-04 13:34:42
    Cycle      Total       Clock
--------- ---------- ----------- 
      500     182000 00:00:00:47       500                        
--- Global cycle limit of 500 met.
--- Cycling ended at: 2026-06-04 13:35:29
step=90 x=2934.99-2936.01 cycle=2000 ratio=3.99071e-06
--- Group excavation assigned to 116 Zones in slot Default.
    Cycle      Total       Clock
--------- ---------- ----------- 
      500     182500 00:00:00:47       500                        
--- Global cycle limit of 500 met.
--- Cycling ended at: 2026-06-04 13:36:17
    Cycle      Total       Clock
--------- ---------- ----------- 
      500     183000 00:00:00:47       500                        
--- Global cycle limit of 500 met.
--- Cycling ended at: 2026-06-04 13:37:05
    Cycle      Total       Clock
--------- ---------- ----------- 
      500     183500 00:00:00:44       500                        
--- Global cycle limit of 500 met.
--- Cycling ended at: 2026-06-04 13:37:50
    Cycle      Total       Clock
--------- ---------- ----------- 
      500     184000 00:00:00:44       500                        
--- Global cycle limit of 500 met.
--- Cycling ended at: 2026-06-04 13:38:34
step=91 x=2935.99-2937.01 cycle=2000 ratio=3.8044e-06
--- Group excavation assigned to 116 Zones in slot Default.
    Cycle      Total       Clock
--------- ---------- ----------- 
      500     184500 00:00:00:44       500                        
--- Global cycle limit of 500 met.
--- Cycling ended at: 2026-06-04 13:39:20
    Cycle      Total       Clock
--------- ---------- ----------- 
      500     185000 00:00:00:44       500                        
--- Global cycle limit of 500 met.
--- Cycling ended at: 2026-06-04 13:40:05
    Cycle      Total       Clock
--------- ---------- ----------- 
      500     185500 00:00:00:44       500                        
--- Global cycle limit of 500 met.
--- Cycling ended at: 2026-06-04 13:40:49
    Cycle      Total       Clock
--------- ---------- ----------- 
      500     186000 00:00:00:45       500                        
--- Global cycle limit of 500 met.
--- Cycling ended at: 2026-06-04 13:41:34
step=92 x=2936.99-2938.01 cycle=2000 ratio=3.80392e-06
--- Group excavation assigned to 116 Zones in slot Default.
    Cycle      Total       Clock
--------- ---------- ----------- 
      500     186500 00:00:00:46       500                        
--- Global cycle limit of 500 met.
--- Cycling ended at: 2026-06-04 13:42:22
    Cycle      Total       Clock
--------- ---------- ----------- 
      500     187000 00:00:00:44       500                        
--- Global cycle limit of 500 met.
--- Cycling ended at: 2026-06-04 13:43:06
    Cycle      Total       Clock
--------- ---------- ----------- 
      500     187500 00:00:00:45       500                        
--- Global cycle limit of 500 met.
--- Cycling ended at: 2026-06-04 13:43:52
    Cycle      Total       Clock
--------- ---------- ----------- 
      500     188000 00:00:00:45       500                        
--- Global cycle limit of 500 met.
--- Cycling ended at: 2026-06-04 13:44:37
step=93 x=2937.99-2939.01 cycle=2000 ratio=3.85596e-06
--- Group excavation assigned to 116 Zones in slot Default.
    Cycle      Total       Clock
--------- ---------- ----------- 
      500     188500 00:00:00:45       500                        
--- Global cycle limit of 500 met.
--- Cycling ended at: 2026-06-04 13:45:24
    Cycle      Total       Clock
--------- ---------- ----------- 
      500     189000 00:00:00:44       500                        
--- Global cycle limit of 500 met.
--- Cycling ended at: 2026-06-04 13:46:09
    Cycle      Total       Clock
--------- ---------- ----------- 
      500     189500 00:00:00:44       500                        
--- Global cycle limit of 500 met.
--- Cycling ended at: 2026-06-04 13:46:53
    Cycle      Total       Clock
--------- ---------- ----------- 
      500     190000 00:00:00:44       500                        
--- Global cycle limit of 500 met.
--- Cycling ended at: 2026-06-04 13:47:38
step=94 x=2938.99-2940.01 cycle=2000 ratio=3.96533e-06
--- Group excavation assigned to 116 Zones in slot Default.
    Cycle      Total       Clock
--------- ---------- ----------- 
      500     190500 00:00:00:44       500                        
--- Global cycle limit of 500 met.
--- Cycling ended at: 2026-06-04 13:48:24
    Cycle      Total       Clock
--------- ---------- ----------- 
      500     191000 00:00:00:45       500                        
--- Global cycle limit of 500 met.
--- Cycling ended at: 2026-06-04 13:49:09
    Cycle      Total       Clock
--------- ---------- ----------- 
      500     191500 00:00:00:45       500                        
--- Global cycle limit of 500 met.
--- Cycling ended at: 2026-06-04 13:49:54
    Cycle      Total       Clock
--------- ---------- ----------- 
      500     192000 00:00:00:46       500                        
--- Global cycle limit of 500 met.
--- Cycling ended at: 2026-06-04 13:50:40
step=95 x=2939.99-2941.01 cycle=2000 ratio=3.93831e-06
--- Group excavation assigned to 116 Zones in slot Default.
    Cycle      Total       Clock
--------- ---------- ----------- 
      500     192500 00:00:00:46       500                        
--- Global cycle limit of 500 met.
--- Cycling ended at: 2026-06-04 13:51:28
    Cycle      Total       Clock
--------- ---------- ----------- 
      500     193000 00:00:00:46       500                        
--- Global cycle limit of 500 met.
--- Cycling ended at: 2026-06-04 13:52:14
    Cycle      Total       Clock
--------- ---------- ----------- 
      500     193500 00:00:00:45       500                        
--- Global cycle limit of 500 met.
--- Cycling ended at: 2026-06-04 13:53:00
    Cycle      Total       Clock
--------- ---------- ----------- 
      500     194000 00:00:00:44       500                        
--- Global cycle limit of 500 met.
--- Cycling ended at: 2026-06-04 13:53:45
step=96 x=2940.99-2942.01 cycle=2000 ratio=3.81156e-06
--- Group excavation assigned to 116 Zones in slot Default.
    Cycle      Total       Clock
--------- ---------- ----------- 
      500     194500 00:00:00:44       500                        
--- Global cycle limit of 500 met.
--- Cycling ended at: 2026-06-04 13:54:31
    Cycle      Total       Clock
--------- ---------- ----------- 
      500     195000 00:00:00:46       500                        
--- Global cycle limit of 500 met.
--- Cycling ended at: 2026-06-04 13:55:18
    Cycle      Total       Clock
--------- ---------- ----------- 
      500     195500 00:00:00:46       500                        
--- Global cycle limit of 500 met.
--- Cycling ended at: 2026-06-04 13:56:04
    Cycle      Total       Clock
--------- ---------- ----------- 
      500     196000 00:00:00:45       500                        
--- Global cycle limit of 500 met.
--- Cycling ended at: 2026-06-04 13:56:50
step=97 x=2941.99-2943.01 cycle=2000 ratio=3.61827e-06
--- Group excavation assigned to 116 Zones in slot Default.
    Cycle      Total       Clock
--------- ---------- ----------- 
      500     196500 00:00:00:46       500                        
--- Global cycle limit of 500 met.
--- Cycling ended at: 2026-06-04 13:57:37
    Cycle      Total       Clock
--------- ---------- ----------- 
      500     197000 00:00:00:47       500                        
--- Global cycle limit of 500 met.
--- Cycling ended at: 2026-06-04 13:58:24
    Cycle      Total       Clock
--------- ---------- ----------- 
      500     197500 00:00:00:45       500                        
--- Global cycle limit of 500 met.
--- Cycling ended at: 2026-06-04 13:59:10
    Cycle      Total       Clock
--------- ---------- ----------- 
      500     198000 00:00:00:44       500                        
--- Global cycle limit of 500 met.
--- Cycling ended at: 2026-06-04 13:59:55
step=98 x=2942.99-2944.01 cycle=2000 ratio=3.38555e-06
--- Group excavation assigned to 116 Zones in slot Default.
    Cycle      Total       Clock
--------- ---------- ----------- 
      500     198500 00:00:00:44       500                        
--- Global cycle limit of 500 met.
--- Cycling ended at: 2026-06-04 14:00:40
    Cycle      Total       Clock
--------- ---------- ----------- 
      500     199000 00:00:00:44       500                        
--- Global cycle limit of 500 met.
--- Cycling ended at: 2026-06-04 14:01:24
    Cycle      Total       Clock
--------- ---------- ----------- 
      500     199500 00:00:00:44       500                        
--- Global cycle limit of 500 met.
--- Cycling ended at: 2026-06-04 14:02:09
    Cycle      Total       Clock
--------- ---------- ----------- 
      500     200000 00:00:00:44       500                        
--- Global cycle limit of 500 met.
--- Cycling ended at: 2026-06-04 14:02:54
step=99 x=2943.99-2945.01 cycle=2000 ratio=3.04513e-06
--- Group excavation assigned to 116 Zones in slot Default.
    Cycle      Total       Clock
--------- ---------- ----------- 
      500     200500 00:00:00:44       500                        
--- Global cycle limit of 500 met.
--- Cycling ended at: 2026-06-04 14:03:40
    Cycle      Total       Clock
--------- ---------- ----------- 
      500     201000 00:00:00:44       500                        
--- Global cycle limit of 500 met.
--- Cycling ended at: 2026-06-04 14:04:24
    Cycle      Total       Clock
--------- ---------- ----------- 
      500     201500 00:00:00:44       500                        
--- Global cycle limit of 500 met.
--- Cycling ended at: 2026-06-04 14:05:09
    Cycle      Total       Clock
--------- ---------- ----------- 
      500     202000 00:00:00:44       500                        
--- Global cycle limit of 500 met.
--- Cycling ended at: 2026-06-04 14:05:54
step=100 x=2944.99-2946.01 cycle=2000 ratio=2.80353e-06
main excavation done, steps=100
0 (integer)
--- Model saved to file D:/FLAC_AI/3D_small/0531/2896/out/sub_2896_unsup_final.f3sav.
=== SUBMODEL EXCAVATION DONE === 
