**********************************************
* Logging started at 週四 六月 4 02:51:03 2026
* By flac3d Version 6.00 Release 069
* 
* 
* Job Title: 
**********************************************
flac3d>; ============================================================
flac3d>; read_far_boundary_sub_2896.f3dat
flac3d>;  sub_2896 + 
flac3d>;
flac3d>; 
flac3d>;   1) restore  build save (sub_2896_build)
flac3d>;   2)  Mohr-Coulomb  initial_state /
flac3d>;   3)  dat -> 3D Bucket IDW ->  zone 
flac3d>;   4)  CSV -> IDW  gridpoint
flac3d>;      ->  gp.disp  gp.extra(1..3) 
flac3d>;   5)  (velocity hold) = 
flac3d>;   6) save sub_2896_initial_state
flac3d>;
flac3d>; 
flac3d>;   : D:/FLAC_AI/3D_far/0603/far_out/initial_stress_sub_2896.dat
flac3d>;         : zid x y z sxx syy szz sxy sxz syz  ()
flac3d>;   : D:/FLAC_AI/3D_far/0603/far_out/submodel_boundary_displacement_v4_from_0603.csv
flac3d>;          0603 submodel_boundary_displacement.csv + gridpoints join 
flac3d>;
flac3d>;  (held) + 
flac3d>;        stress-based submodel  excavation  restore
flac3d>;        zone gridpoint initialize displacement (0,0,0) gp.disp
flac3d>;        gp.extra(1..3) 
flac3d>; ============================================================
flac3d>
flac3d>model new
flac3d>model deterministic on
flac3d>model precision 1
flac3d>model random 10000
flac3d>model restore 'D:/FLAC_AI/3D_small/0531/2896/sub_2896_build'
********************************************
Save file created by FLAC3D 6.00.69.0
on 週一 六月 1 22:42:51 2026
Total Cycles: 0  Super Cycles: 0
Title: sub_2896 unsupported excavation submodel mesh
Customer: 
        : 
********************************************
flac3d>
flac3d>; ============================================================
flac3d>; box 
flac3d>; ============================================================
flac3d>[global box_tag   = 'sub_2896']
flac3d>[global box_xmin  = 2846.0]
flac3d>[global box_xmax  = 2946.0]
flac3d>[global box_ymin  = 4775.0]
flac3d>[global box_ymax  = 4825.0]
flac3d>[global box_zmin  = 192.0]
flac3d>[global box_zmax  = 242.0]
flac3d>[global face_tol  = 0.05]
flac3d>
flac3d>[global stress_file = 'D:/FLAC_AI/3D_far/0603/far_out/initial_stress_sub_2896.dat']
flac3d>[global disp_file   = 'D:/FLAC_AI/3D_far/0603/far_out/submodel_boundary_displacement_v4_from_0603.csv']
flac3d>
flac3d>; ============================================================
flac3d>;  Mohr-Coulomb  initial_state.py materials_mc
flac3d>; (density[kg/m3], young[Pa], poisson, cohesion[Pa], friction[deg])
flac3d>; ============================================================
flac3d>zone cmodel assign mohr-coulomb range group 'SS_NK' slot 'lithology'
flac3d>zone property density 2565.0 young 1.2e9 poisson 0.29 cohesion 300e3 friction 38 tension 30e3 range group 'SS_NK' slot 'lithology'
+++ No valid zones found in range.
flac3d>
flac3d>zone cmodel assign mohr-coulomb range group 'Interbedded_ST' slot 'lithology'
flac3d>zone property density 2520.0 young 0.6e9 poisson 0.32 cohesion 75e3 friction 35 tension 7.5e3 range group 'Interbedded_ST' slot 'lithology'
+++ No valid zones found in range.
flac3d>
flac3d>zone cmodel assign mohr-coulomb range group 'SH_ST' slot 'lithology'
flac3d>zone property density 2538.0 young 0.8e9 poisson 0.38 cohesion 100e3 friction 32 tension 10e3 range group 'SH_ST' slot 'lithology'
--- Property young set in 209368 zones using the mohr-coulomb model.
--- Property poisson set in 209368 zones using the mohr-coulomb model.
--- Property cohesion set in 209368 zones using the mohr-coulomb model.
--- Property friction set in 209368 zones using the mohr-coulomb model.
--- Property tension set in 209368 zones using the mohr-coulomb model.
flac3d>
flac3d>zone cmodel assign mohr-coulomb range group 'SS_NC' slot 'lithology'
flac3d>zone property density 2485.0 young 1.0e9 poisson 0.25 cohesion 200e3 friction 42 tension 20e3 range group 'SS_NC' slot 'lithology'
+++ No valid zones found in range.
flac3d>
flac3d>zone cmodel assign mohr-coulomb range group 'Fault' slot 'lithology'
flac3d>zone property density 2490.0 young 0.3e9 poisson 0.30 cohesion 30e3 friction 20 tension 3e3 range group 'Fault' slot 'lithology'
--- Property young set in 17432 zones using the mohr-coulomb model.
--- Property poisson set in 17432 zones using the mohr-coulomb model.
--- Property cohesion set in 17432 zones using the mohr-coulomb model.
--- Property friction set in 17432 zones using the mohr-coulomb model.
--- Property tension set in 17432 zones using the mohr-coulomb model.
flac3d>
flac3d>; tunnel  x box 2846~2946 2846~2850 Fault, 2850~2946 SH_ST
flac3d>zone cmodel assign mohr-coulomb range group 'tunnel' position-x 2846 2850
flac3d>zone property density 2490.0 young 0.3e9 poisson 0.30 cohesion 30e3 friction 20 tension 3e3 range group 'tunnel' position-x 2846 2850
--- Property young set in 464 zones using the mohr-coulomb model.
--- Property poisson set in 464 zones using the mohr-coulomb model.
--- Property cohesion set in 464 zones using the mohr-coulomb model.
--- Property friction set in 464 zones using the mohr-coulomb model.
--- Property tension set in 464 zones using the mohr-coulomb model.
flac3d>
flac3d>zone cmodel assign mohr-coulomb range group 'tunnel' position-x 2850 2946
flac3d>zone property density 2538.0 young 0.8e9 poisson 0.38 cohesion 100e3 friction 32 tension 10e3 range group 'tunnel' position-x 2850 2946
--- Property young set in 11136 zones using the mohr-coulomb model.
--- Property poisson set in 11136 zones using the mohr-coulomb model.
--- Property cohesion set in 11136 zones using the mohr-coulomb model.
--- Property friction set in 11136 zones using the mohr-coulomb model.
--- Property tension set in 11136 zones using the mohr-coulomb model.
flac3d>
flac3d>model gravity 0 0 -9.81
--- Gravity has been set to: ( 0.0e+00 0.0e+00 -9.8e+00).
flac3d>program echo-line '=== BEFORE ReadStress ==='
=== BEFORE ReadStress === 
flac3d>
flac3d>; ============================================================
flac3d>;  (: zid x y z sxx syy szz sxy sxz syz)
flac3d>; ============================================================
flac3d>[global zdata_n = 0]
flac3d>
flac3d>fish define ReadStress
   Def>    io.out('ReadStress start: ' + stress_file)
   Def>    local fl = array.create(1)
   Def>    local st = file.open(stress_file, 0, 1)
   Def>    if st # 0 then
   Def>        io.out('[WARN] cannot open stress file: ' + stress_file)
   Def>        zdata_n = 0
   Def>        exit
   Def>    endif
   Def>    ; ---- count rows ----
   Def>    st = file.read(fl, 1)          ; header
   Def>    st = file.read(fl, 1)          ; first data line
   Def>    local next_count_report = 5000
   Def>    loop while st = 0
   Def>        zdata_n = zdata_n + 1
   Def>        if zdata_n >= next_count_report then
   Def>            io.out('ReadStress count rows: ' + string(zdata_n))
   Def>            next_count_report = next_count_report + 5000
   Def>        endif
   Def>        st = file.read(fl, 1)
   Def>    endloop
   Def>    st = file.close
   Def>    io.out('stress data rows: ' + string(zdata_n))
   Def>
   Def>    global xdat   = array.create(zdata_n)
   Def>    global ydat   = array.create(zdata_n)
   Def>    global zdat   = array.create(zdata_n)
   Def>    global sxxdat = array.create(zdata_n)
   Def>    global syydat = array.create(zdata_n)
   Def>    global szzdat = array.create(zdata_n)
   Def>    global sxydat = array.create(zdata_n)
   Def>    global sxzdat = array.create(zdata_n)
   Def>    global syzdat = array.create(zdata_n)
   Def>
   Def>    st = file.open(stress_file, 0, 1)
   Def>    st = file.read(fl, 1)          ; header
   Def>    local i = 0
   Def>    global stress_xmin = 1.0e30
   Def>    global stress_xmax = -1.0e30
   Def>    global stress_ymin = 1.0e30
   Def>    global stress_ymax = -1.0e30
   Def>    global stress_zmin = 1.0e30
   Def>    global stress_zmax = -1.0e30
   Def>    st = file.read(fl, 1)          ; first data line
   Def>    loop while st = 0
   Def>        i = i + 1
   Def>        local ln = fl(1)
   Def>        xdat(i)   = float(string.token(ln, 2))
   Def>        ydat(i)   = float(string.token(ln, 3))
   Def>        zdat(i)   = float(string.token(ln, 4))
   Def>        sxxdat(i) = float(string.token(ln, 5))
   Def>        syydat(i) = float(string.token(ln, 6))
   Def>        szzdat(i) = float(string.token(ln, 7))
   Def>        sxydat(i) = float(string.token(ln, 8))
   Def>        sxzdat(i) = float(string.token(ln, 9))
   Def>        syzdat(i) = float(string.token(ln, 10))
   Def>        if xdat(i) < stress_xmin then
   Def>            stress_xmin = xdat(i)
   Def>        endif
   Def>        if xdat(i) > stress_xmax then
   Def>            stress_xmax = xdat(i)
   Def>        endif
   Def>        if ydat(i) < stress_ymin then
   Def>            stress_ymin = ydat(i)
   Def>        endif
   Def>        if ydat(i) > stress_ymax then
   Def>            stress_ymax = ydat(i)
   Def>        endif
   Def>        if zdat(i) < stress_zmin then
   Def>            stress_zmin = zdat(i)
   Def>        endif
   Def>        if zdat(i) > stress_zmax then
   Def>            stress_zmax = zdat(i)
   Def>        endif
   Def>        st = file.read(fl, 1)
   Def>    endloop
   Def>    st = file.close
   Def>    io.out('stress data loaded: ' + string(i) + ' rows')
   Def>    io.out('stress extent x=' + string(stress_xmin) + '..' + string(stress_xmax) + ' y=' + string(stress_ymin) + '..' + string(stress_ymax) + ' z=' + string(stress_zmin) + '..' + string(stress_zmax))
   Def>end
flac3d>@ReadStress
ReadStress start: D:/FLAC_AI/3D_far/0603/far_out/initial_stress_sub_2896.dat
ReadStress count rows: 5000
ReadStress count rows: 10000
ReadStress count rows: 15000
ReadStress count rows: 20000
ReadStress count rows: 25000
ReadStress count rows: 30000
ReadStress count rows: 35000
stress data rows: 37500
stress data loaded: 37500 rows
stress extent x=2847..2945 y=4775..4825 z=200.743..235.981
flac3d>program echo-line '=== AFTER ReadStress ==='
=== AFTER ReadStress === 
flac3d>
flac3d>; ============================================================
flac3d>; 3D Bucket  sub_2896 box buffer
flac3d>; ============================================================
flac3d>[global bucket_size = 6.0]
flac3d>[global inv_bucket_size = 1.0 / bucket_size]
flac3d>[global bucket_x0 = 2840.0]
flac3d>[global bucket_y0 = 4760.0]
flac3d>[global bucket_z0 = 180.0]
flac3d>[global bucket_nx = 30]
flac3d>[global bucket_ny = 20]
flac3d>[global bucket_nz = 20]
flac3d>[global bucket_total = bucket_nx * bucket_ny * bucket_nz]
flac3d>
flac3d>fish define BucketID
   Def>    BucketID = (bx_id_x - 1) * bucket_ny * bucket_nz + (bx_id_y - 1) * bucket_nz + bx_id_z
   Def>end
flac3d>fish define GetBucketX
   Def>    GetBucketX = int((gb_x - bucket_x0) * inv_bucket_size) + 1
   Def>end
flac3d>fish define GetBucketY
   Def>    GetBucketY = int((gb_y - bucket_y0) * inv_bucket_size) + 1
   Def>end
flac3d>fish define GetBucketZ
   Def>    GetBucketZ = int((gb_z - bucket_z0) * inv_bucket_size) + 1
   Def>end
flac3d>fish define ClampBucketX
   Def>    if cb_x < 1 then
   Def>        ClampBucketX = 1
   Def>        exit
   Def>    endif
   Def>    if cb_x > bucket_nx then
   Def>        ClampBucketX = bucket_nx
   Def>        exit
   Def>    endif
   Def>    ClampBucketX = cb_x
   Def>end
flac3d>fish define ClampBucketY
   Def>    if cb_y < 1 then
   Def>        ClampBucketY = 1
   Def>        exit
   Def>    endif
   Def>    if cb_y > bucket_ny then
   Def>        ClampBucketY = bucket_ny
   Def>        exit
   Def>    endif
   Def>    ClampBucketY = cb_y
   Def>end
flac3d>fish define ClampBucketZ
   Def>    if cb_z < 1 then
   Def>        ClampBucketZ = 1
   Def>        exit
   Def>    endif
   Def>    if cb_z > bucket_nz then
   Def>        ClampBucketZ = bucket_nz
   Def>        exit
   Def>    endif
   Def>    ClampBucketZ = cb_z
   Def>end
flac3d>
flac3d>fish define BuildStressBuckets
   Def>    if zdata_n = 0 then
   Def>        exit
   Def>    endif
   Def>    global b_head = array.create(bucket_total)
   Def>    global b_next = array.create(zdata_n)
   Def>    loop local ib0 (1, bucket_total)
   Def>        b_head(ib0) = 0
   Def>    endloop
   Def>    loop local ip0 (1, zdata_n)
   Def>        global gb_x = xdat(ip0)
   Def>        global gb_y = ydat(ip0)
   Def>        global gb_z = zdat(ip0)
   Def>        local bx0 = GetBucketX
   Def>        local by0 = GetBucketY
   Def>        local bz0 = GetBucketZ
   Def>        global cb_x = bx0
   Def>        global cb_y = by0
   Def>        global cb_z = bz0
   Def>        bx0 = ClampBucketX
   Def>        by0 = ClampBucketY
   Def>        bz0 = ClampBucketZ
   Def>        global bx_id_x = bx0
   Def>        global bx_id_y = by0
   Def>        global bx_id_z = bz0
   Def>        local bid0 = BucketID
   Def>        b_next(ip0) = b_head(bid0)
   Def>        b_head(bid0) = ip0
   Def>    endloop
   Def>    io.out('stress buckets built: ' + string(bucket_total) + ' buckets')
   Def>end
flac3d>@BuildStressBuckets
stress buckets built: 12000 buckets
flac3d>
flac3d>; ============================================================
flac3d>; FAST 3D Bucket IDW zone
flac3d>; ============================================================
flac3d>fish define MapStress_IDW
   Def>    io.out('MapStress_IDW start')
   Def>    if zdata_n = 0 then
   Def>        io.out('[WARN] no stress data; skip stress IDW')
   Def>        exit
   Def>    endif
   Def>    local sr = 12.0
   Def>    local sr2 = sr * sr
   Def>    local mapped = 0
   Def>    local fallback = 0
   Def>    local checked = 0
   Def>    local next_report = 500
   Def>    loop foreach local zp zone.list
   Def>        local zx = zone.pos.x(zp)
   Def>        local zy = zone.pos.y(zp)
   Def>        local zz = zone.pos.z(zp)
   Def>        local qx = zx
   Def>        local qy = zy
   Def>        local qz = zz
   Def>        if qx < stress_xmin then
   Def>            qx = stress_xmin
   Def>        endif
   Def>        if qx > stress_xmax then
   Def>            qx = stress_xmax
   Def>        endif
   Def>        if qy < stress_ymin then
   Def>            qy = stress_ymin
   Def>        endif
   Def>        if qy > stress_ymax then
   Def>            qy = stress_ymax
   Def>        endif
   Def>        if qz < stress_zmin then
   Def>            qz = stress_zmin
   Def>        endif
   Def>        if qz > stress_zmax then
   Def>            qz = stress_zmax
   Def>        endif
   Def>        global gb_x = qx
   Def>        global gb_y = qy
   Def>        global gb_z = qz
   Def>        local bcx = GetBucketX
   Def>        local bcy = GetBucketY
   Def>        local bcz = GetBucketZ
   Def>        global cb_x = bcx
   Def>        global cb_y = bcy
   Def>        global cb_z = bcz
   Def>        bcx = ClampBucketX
   Def>        bcy = ClampBucketY
   Def>        bcz = ClampBucketZ
   Def>        local sum_w   = 0.0
   Def>        local sum_sxx = 0.0
   Def>        local sum_syy = 0.0
   Def>        local sum_szz = 0.0
   Def>        local sum_sxy = 0.0
   Def>        local sum_sxz = 0.0
   Def>        local sum_syz = 0.0
   Def>        local dmin_local = 1.0e30
   Def>        local i_near_local = 1
   Def>        local found_local = 0
   Def>        loop local ox0 (-1, 1)
   Def>            loop local oy0 (-1, 1)
   Def>                loop local oz0 (-1, 1)
   Def>                    local nbx = bcx + ox0
   Def>                    local nby = bcy + oy0
   Def>                    local nbz = bcz + oz0
   Def>                    if nbx < 1 then
   Def>                        continue
   Def>                    endif
   Def>                    if nby < 1 then
   Def>                        continue
   Def>                    endif
   Def>                    if nbz < 1 then
   Def>                        continue
   Def>                    endif
   Def>                    if nbx > bucket_nx then
   Def>                        continue
   Def>                    endif
   Def>                    if nby > bucket_ny then
   Def>                        continue
   Def>                    endif
   Def>                    if nbz > bucket_nz then
   Def>                        continue
   Def>                    endif
   Def>                    global bx_id_x = nbx
   Def>                    global bx_id_y = nby
   Def>                    global bx_id_z = nbz
   Def>                    local bid1 = BucketID
   Def>                    local p1 = b_head(bid1)
   Def>                    loop while p1 > 0
   Def>                        found_local = 1
   Def>                        local dx1 = qx - xdat(p1)
   Def>                        if dx1 < 0.0 then
   Def>                            dx1 = -dx1
   Def>                        endif
   Def>                        local dy1 = qy - ydat(p1)
   Def>                        if dy1 < 0.0 then
   Def>                            dy1 = -dy1
   Def>                        endif
   Def>                        local dz1 = qz - zdat(p1)
   Def>                        if dz1 < 0.0 then
   Def>                            dz1 = -dz1
   Def>                        endif
   Def>                        local d2_1 = dx1 * dx1 + dy1 * dy1 + dz1 * dz1
   Def>                        if d2_1 < dmin_local then
   Def>                            dmin_local = d2_1
   Def>                            i_near_local = p1
   Def>                        endif
   Def>                        if dx1 > sr then
   Def>                            p1 = b_next(p1)
   Def>                            continue
   Def>                        endif
   Def>                        if dy1 > sr then
   Def>                            p1 = b_next(p1)
   Def>                            continue
   Def>                        endif
   Def>                        if dz1 > sr then
   Def>                            p1 = b_next(p1)
   Def>                            continue
   Def>                        endif
   Def>                        if d2_1 > sr2 then
   Def>                            p1 = b_next(p1)
   Def>                            continue
   Def>                        endif
   Def>                        if d2_1 < 1.0e-10 then
   Def>                            d2_1 = 1.0e-10
   Def>                        endif
   Def>                        local w1 = 1.0 / d2_1
   Def>                        sum_w   = sum_w   + w1
   Def>                        sum_sxx = sum_sxx + sxxdat(p1) * w1
   Def>                        sum_syy = sum_syy + syydat(p1) * w1
   Def>                        sum_szz = sum_szz + szzdat(p1) * w1
   Def>                        sum_sxy = sum_sxy + sxydat(p1) * w1
   Def>                        sum_sxz = sum_sxz + sxzdat(p1) * w1
   Def>                        sum_syz = sum_syz + syzdat(p1) * w1
   Def>                        p1 = b_next(p1)
   Def>                    endloop
   Def>                endloop
   Def>            endloop
   Def>        endloop
   Def>        if sum_w > 0.0 then
   Def>            zone.stress.xx(zp) = sum_sxx / sum_w
   Def>            zone.stress.yy(zp) = sum_syy / sum_w
   Def>            zone.stress.zz(zp) = sum_szz / sum_w
   Def>            zone.stress.xy(zp) = sum_sxy / sum_w
   Def>            zone.stress.xz(zp) = sum_sxz / sum_w
   Def>            zone.stress.yz(zp) = sum_syz / sum_w
   Def>            mapped = mapped + 1
   Def>        else
   Def>            local dmin_global = 1.0e30
   Def>            local i_near_global = i_near_local
   Def>            if found_local = 0
   Def>                loop local ig0 (1, zdata_n)
   Def>                    local dxg = qx - xdat(ig0)
   Def>                    if dxg < 0.0 then
   Def>                        dxg = -dxg
   Def>                    endif
   Def>                    local dyg = qy - ydat(ig0)
   Def>                    if dyg < 0.0 then
   Def>                        dyg = -dyg
   Def>                    endif
   Def>                    local dzg = qz - zdat(ig0)
   Def>                    if dzg < 0.0 then
   Def>                        dzg = -dzg
   Def>                    endif
   Def>                    local d2g = dxg * dxg + dyg * dyg + dzg * dzg
   Def>                    if d2g < dmin_global then
   Def>                        dmin_global = d2g
   Def>                        i_near_global = ig0
   Def>                    endif
   Def>                endloop
   Def>            endif
   Def>            zone.stress.xx(zp) = sxxdat(i_near_global)
   Def>            zone.stress.yy(zp) = syydat(i_near_global)
   Def>            zone.stress.zz(zp) = szzdat(i_near_global)
   Def>            zone.stress.xy(zp) = sxydat(i_near_global)
   Def>            zone.stress.xz(zp) = sxzdat(i_near_global)
   Def>            zone.stress.yz(zp) = syzdat(i_near_global)
   Def>            fallback = fallback + 1
   Def>        endif
   Def>        checked = checked + 1
   Def>        if checked >= next_report then
   Def>            io.out('STRESS IDW progress: checked=' + string(checked) + ' mapped=' + string(mapped) + ' fallback=' + string(fallback))
   Def>            next_report = next_report + 500
   Def>        endif
   Def>    endloop
   Def>    io.out('STRESS IDW mapped: ' + string(mapped) + '  fallback: ' + string(fallback))
   Def>end
flac3d>@MapStress_IDW
MapStress_IDW start
STRESS IDW progress: checked=500 mapped=500 fallback=0
STRESS IDW progress: checked=1000 mapped=1000 fallback=0
STRESS IDW progress: checked=1500 mapped=1500 fallback=0
STRESS IDW progress: checked=2000 mapped=2000 fallback=0
STRESS IDW progress: checked=2500 mapped=2500 fallback=0
STRESS IDW progress: checked=3000 mapped=3000 fallback=0
STRESS IDW progress: checked=3500 mapped=3500 fallback=0
STRESS IDW progress: checked=4000 mapped=4000 fallback=0
STRESS IDW progress: checked=4500 mapped=4500 fallback=0
STRESS IDW progress: checked=5000 mapped=5000 fallback=0
STRESS IDW progress: checked=5500 mapped=5500 fallback=0
STRESS IDW progress: checked=6000 mapped=6000 fallback=0
STRESS IDW progress: checked=6500 mapped=6500 fallback=0
STRESS IDW progress: checked=7000 mapped=7000 fallback=0
STRESS IDW progress: checked=7500 mapped=7500 fallback=0
STRESS IDW progress: checked=8000 mapped=8000 fallback=0
STRESS IDW progress: checked=8500 mapped=8500 fallback=0
STRESS IDW progress: checked=9000 mapped=9000 fallback=0
STRESS IDW progress: checked=9500 mapped=9500 fallback=0
STRESS IDW progress: checked=10000 mapped=10000 fallback=0
STRESS IDW progress: checked=10500 mapped=10500 fallback=0
STRESS IDW progress: checked=11000 mapped=11000 fallback=0
STRESS IDW progress: checked=11500 mapped=11500 fallback=0
STRESS IDW progress: checked=12000 mapped=12000 fallback=0
STRESS IDW progress: checked=12500 mapped=12500 fallback=0
STRESS IDW progress: checked=13000 mapped=13000 fallback=0
STRESS IDW progress: checked=13500 mapped=13500 fallback=0
STRESS IDW progress: checked=14000 mapped=14000 fallback=0
STRESS IDW progress: checked=14500 mapped=14500 fallback=0
STRESS IDW progress: checked=15000 mapped=15000 fallback=0
STRESS IDW progress: checked=15500 mapped=15500 fallback=0
STRESS IDW progress: checked=16000 mapped=16000 fallback=0
STRESS IDW progress: checked=16500 mapped=16500 fallback=0
STRESS IDW progress: checked=17000 mapped=17000 fallback=0
STRESS IDW progress: checked=17500 mapped=17500 fallback=0
STRESS IDW progress: checked=18000 mapped=18000 fallback=0
STRESS IDW progress: checked=18500 mapped=18500 fallback=0
STRESS IDW progress: checked=19000 mapped=19000 fallback=0
STRESS IDW progress: checked=19500 mapped=19500 fallback=0
STRESS IDW progress: checked=20000 mapped=20000 fallback=0
STRESS IDW progress: checked=20500 mapped=20500 fallback=0
STRESS IDW progress: checked=21000 mapped=21000 fallback=0
STRESS IDW progress: checked=21500 mapped=21500 fallback=0
STRESS IDW progress: checked=22000 mapped=22000 fallback=0
STRESS IDW progress: checked=22500 mapped=22500 fallback=0
STRESS IDW progress: checked=23000 mapped=23000 fallback=0
STRESS IDW progress: checked=23500 mapped=23500 fallback=0
STRESS IDW progress: checked=24000 mapped=24000 fallback=0
STRESS IDW progress: checked=24500 mapped=24500 fallback=0
STRESS IDW progress: checked=25000 mapped=25000 fallback=0
STRESS IDW progress: checked=25500 mapped=25500 fallback=0
STRESS IDW progress: checked=26000 mapped=26000 fallback=0
STRESS IDW progress: checked=26500 mapped=26500 fallback=0
STRESS IDW progress: checked=27000 mapped=27000 fallback=0
STRESS IDW progress: checked=27500 mapped=27500 fallback=0
STRESS IDW progress: checked=28000 mapped=28000 fallback=0
STRESS IDW progress: checked=28500 mapped=28500 fallback=0
STRESS IDW progress: checked=29000 mapped=29000 fallback=0
STRESS IDW progress: checked=29500 mapped=29500 fallback=0
STRESS IDW progress: checked=30000 mapped=30000 fallback=0
STRESS IDW progress: checked=30500 mapped=30500 fallback=0
STRESS IDW progress: checked=31000 mapped=31000 fallback=0
STRESS IDW progress: checked=31500 mapped=31500 fallback=0
STRESS IDW progress: checked=32000 mapped=32000 fallback=0
STRESS IDW progress: checked=32500 mapped=32500 fallback=0
STRESS IDW progress: checked=33000 mapped=33000 fallback=0
STRESS IDW progress: checked=33500 mapped=33500 fallback=0
STRESS IDW progress: checked=34000 mapped=34000 fallback=0
STRESS IDW progress: checked=34500 mapped=34500 fallback=0
STRESS IDW progress: checked=35000 mapped=35000 fallback=0
STRESS IDW progress: checked=35500 mapped=35500 fallback=0
STRESS IDW progress: checked=36000 mapped=36000 fallback=0
STRESS IDW progress: checked=36500 mapped=36500 fallback=0
STRESS IDW progress: checked=37000 mapped=37000 fallback=0
STRESS IDW progress: checked=37500 mapped=37500 fallback=0
STRESS IDW progress: checked=38000 mapped=38000 fallback=0
STRESS IDW progress: checked=38500 mapped=38500 fallback=0
STRESS IDW progress: checked=39000 mapped=39000 fallback=0
STRESS IDW progress: checked=39500 mapped=39500 fallback=0
STRESS IDW progress: checked=40000 mapped=40000 fallback=0
STRESS IDW progress: checked=40500 mapped=40500 fallback=0
STRESS IDW progress: checked=41000 mapped=41000 fallback=0
STRESS IDW progress: checked=41500 mapped=41500 fallback=0
STRESS IDW progress: checked=42000 mapped=42000 fallback=0
STRESS IDW progress: checked=42500 mapped=42500 fallback=0
STRESS IDW progress: checked=43000 mapped=43000 fallback=0
STRESS IDW progress: checked=43500 mapped=43500 fallback=0
STRESS IDW progress: checked=44000 mapped=44000 fallback=0
STRESS IDW progress: checked=44500 mapped=44500 fallback=0
STRESS IDW progress: checked=45000 mapped=45000 fallback=0
STRESS IDW progress: checked=45500 mapped=45500 fallback=0
STRESS IDW progress: checked=46000 mapped=46000 fallback=0
STRESS IDW progress: checked=46500 mapped=46500 fallback=0
STRESS IDW progress: checked=47000 mapped=47000 fallback=0
STRESS IDW progress: checked=47500 mapped=47500 fallback=0
STRESS IDW progress: checked=48000 mapped=48000 fallback=0
STRESS IDW progress: checked=48500 mapped=48500 fallback=0
STRESS IDW progress: checked=49000 mapped=49000 fallback=0
STRESS IDW progress: checked=49500 mapped=49500 fallback=0
STRESS IDW progress: checked=50000 mapped=50000 fallback=0
STRESS IDW progress: checked=50500 mapped=50500 fallback=0
STRESS IDW progress: checked=51000 mapped=51000 fallback=0
STRESS IDW progress: checked=51500 mapped=51500 fallback=0
STRESS IDW progress: checked=52000 mapped=52000 fallback=0
STRESS IDW progress: checked=52500 mapped=52500 fallback=0
STRESS IDW progress: checked=53000 mapped=53000 fallback=0
STRESS IDW progress: checked=53500 mapped=53500 fallback=0
STRESS IDW progress: checked=54000 mapped=54000 fallback=0
STRESS IDW progress: checked=54500 mapped=54500 fallback=0
STRESS IDW progress: checked=55000 mapped=55000 fallback=0
STRESS IDW progress: checked=55500 mapped=55500 fallback=0
STRESS IDW progress: checked=56000 mapped=56000 fallback=0
STRESS IDW progress: checked=56500 mapped=56500 fallback=0
STRESS IDW progress: checked=57000 mapped=57000 fallback=0
STRESS IDW progress: checked=57500 mapped=57500 fallback=0
STRESS IDW progress: checked=58000 mapped=58000 fallback=0
STRESS IDW progress: checked=58500 mapped=58500 fallback=0
STRESS IDW progress: checked=59000 mapped=59000 fallback=0
STRESS IDW progress: checked=59500 mapped=59500 fallback=0
STRESS IDW progress: checked=60000 mapped=60000 fallback=0
STRESS IDW progress: checked=60500 mapped=60500 fallback=0
STRESS IDW progress: checked=61000 mapped=61000 fallback=0
STRESS IDW progress: checked=61500 mapped=61500 fallback=0
STRESS IDW progress: checked=62000 mapped=62000 fallback=0
STRESS IDW progress: checked=62500 mapped=62500 fallback=0
STRESS IDW progress: checked=63000 mapped=63000 fallback=0
STRESS IDW progress: checked=63500 mapped=63500 fallback=0
STRESS IDW progress: checked=64000 mapped=64000 fallback=0
STRESS IDW progress: checked=64500 mapped=64500 fallback=0
STRESS IDW progress: checked=65000 mapped=65000 fallback=0
STRESS IDW progress: checked=65500 mapped=65500 fallback=0
STRESS IDW progress: checked=66000 mapped=66000 fallback=0
STRESS IDW progress: checked=66500 mapped=66500 fallback=0
STRESS IDW progress: checked=67000 mapped=67000 fallback=0
STRESS IDW progress: checked=67500 mapped=67500 fallback=0
STRESS IDW progress: checked=68000 mapped=68000 fallback=0
STRESS IDW progress: checked=68500 mapped=68500 fallback=0
STRESS IDW progress: checked=69000 mapped=69000 fallback=0
STRESS IDW progress: checked=69500 mapped=69500 fallback=0
STRESS IDW progress: checked=70000 mapped=70000 fallback=0
STRESS IDW progress: checked=70500 mapped=70500 fallback=0
STRESS IDW progress: checked=71000 mapped=71000 fallback=0
STRESS IDW progress: checked=71500 mapped=71500 fallback=0
STRESS IDW progress: checked=72000 mapped=72000 fallback=0
STRESS IDW progress: checked=72500 mapped=72500 fallback=0
STRESS IDW progress: checked=73000 mapped=73000 fallback=0
STRESS IDW progress: checked=73500 mapped=73500 fallback=0
STRESS IDW progress: checked=74000 mapped=74000 fallback=0
STRESS IDW progress: checked=74500 mapped=74500 fallback=0
STRESS IDW progress: checked=75000 mapped=75000 fallback=0
STRESS IDW progress: checked=75500 mapped=75500 fallback=0
STRESS IDW progress: checked=76000 mapped=76000 fallback=0
STRESS IDW progress: checked=76500 mapped=76500 fallback=0
STRESS IDW progress: checked=77000 mapped=77000 fallback=0
STRESS IDW progress: checked=77500 mapped=77500 fallback=0
STRESS IDW progress: checked=78000 mapped=78000 fallback=0
STRESS IDW progress: checked=78500 mapped=78500 fallback=0
STRESS IDW progress: checked=79000 mapped=79000 fallback=0
STRESS IDW progress: checked=79500 mapped=79500 fallback=0
STRESS IDW progress: checked=80000 mapped=80000 fallback=0
STRESS IDW progress: checked=80500 mapped=80500 fallback=0
STRESS IDW progress: checked=81000 mapped=81000 fallback=0
STRESS IDW progress: checked=81500 mapped=81500 fallback=0
STRESS IDW progress: checked=82000 mapped=82000 fallback=0
STRESS IDW progress: checked=82500 mapped=82500 fallback=0
STRESS IDW progress: checked=83000 mapped=83000 fallback=0
STRESS IDW progress: checked=83500 mapped=83500 fallback=0
STRESS IDW progress: checked=84000 mapped=84000 fallback=0
STRESS IDW progress: checked=84500 mapped=84500 fallback=0
STRESS IDW progress: checked=85000 mapped=85000 fallback=0
STRESS IDW progress: checked=85500 mapped=85500 fallback=0
STRESS IDW progress: checked=86000 mapped=86000 fallback=0
STRESS IDW progress: checked=86500 mapped=86500 fallback=0
STRESS IDW progress: checked=87000 mapped=87000 fallback=0
STRESS IDW progress: checked=87500 mapped=87500 fallback=0
STRESS IDW progress: checked=88000 mapped=88000 fallback=0
STRESS IDW progress: checked=88500 mapped=88500 fallback=0
STRESS IDW progress: checked=89000 mapped=89000 fallback=0
STRESS IDW progress: checked=89500 mapped=89500 fallback=0
STRESS IDW progress: checked=90000 mapped=90000 fallback=0
STRESS IDW progress: checked=90500 mapped=90500 fallback=0
STRESS IDW progress: checked=91000 mapped=91000 fallback=0
STRESS IDW progress: checked=91500 mapped=91500 fallback=0
STRESS IDW progress: checked=92000 mapped=92000 fallback=0
STRESS IDW progress: checked=92500 mapped=92500 fallback=0
STRESS IDW progress: checked=93000 mapped=93000 fallback=0
STRESS IDW progress: checked=93500 mapped=93500 fallback=0
STRESS IDW progress: checked=94000 mapped=94000 fallback=0
STRESS IDW progress: checked=94500 mapped=94500 fallback=0
STRESS IDW progress: checked=95000 mapped=95000 fallback=0
STRESS IDW progress: checked=95500 mapped=95500 fallback=0
STRESS IDW progress: checked=96000 mapped=96000 fallback=0
STRESS IDW progress: checked=96500 mapped=96500 fallback=0
STRESS IDW progress: checked=97000 mapped=97000 fallback=0
STRESS IDW progress: checked=97500 mapped=97500 fallback=0
STRESS IDW progress: checked=98000 mapped=98000 fallback=0
STRESS IDW progress: checked=98500 mapped=98500 fallback=0
STRESS IDW progress: checked=99000 mapped=99000 fallback=0
STRESS IDW progress: checked=99500 mapped=99500 fallback=0
STRESS IDW progress: checked=100000 mapped=100000 fallback=0
STRESS IDW progress: checked=100500 mapped=100500 fallback=0
STRESS IDW progress: checked=101000 mapped=101000 fallback=0
STRESS IDW progress: checked=101500 mapped=101500 fallback=0
STRESS IDW progress: checked=102000 mapped=102000 fallback=0
STRESS IDW progress: checked=102500 mapped=102500 fallback=0
STRESS IDW progress: checked=103000 mapped=103000 fallback=0
STRESS IDW progress: checked=103500 mapped=103500 fallback=0
STRESS IDW progress: checked=104000 mapped=104000 fallback=0
STRESS IDW progress: checked=104500 mapped=104500 fallback=0
STRESS IDW progress: checked=105000 mapped=105000 fallback=0
STRESS IDW progress: checked=105500 mapped=105500 fallback=0
STRESS IDW progress: checked=106000 mapped=106000 fallback=0
STRESS IDW progress: checked=106500 mapped=106500 fallback=0
STRESS IDW progress: checked=107000 mapped=107000 fallback=0
STRESS IDW progress: checked=107500 mapped=107500 fallback=0
STRESS IDW progress: checked=108000 mapped=108000 fallback=0
STRESS IDW progress: checked=108500 mapped=108500 fallback=0
STRESS IDW progress: checked=109000 mapped=109000 fallback=0
STRESS IDW progress: checked=109500 mapped=109500 fallback=0
STRESS IDW progress: checked=110000 mapped=110000 fallback=0
STRESS IDW progress: checked=110500 mapped=110500 fallback=0
STRESS IDW progress: checked=111000 mapped=111000 fallback=0
STRESS IDW progress: checked=111500 mapped=111500 fallback=0
STRESS IDW progress: checked=112000 mapped=112000 fallback=0
STRESS IDW progress: checked=112500 mapped=112500 fallback=0
STRESS IDW progress: checked=113000 mapped=113000 fallback=0
STRESS IDW progress: checked=113500 mapped=113500 fallback=0
STRESS IDW progress: checked=114000 mapped=114000 fallback=0
STRESS IDW progress: checked=114500 mapped=114500 fallback=0
STRESS IDW progress: checked=115000 mapped=115000 fallback=0
STRESS IDW progress: checked=115500 mapped=115500 fallback=0
STRESS IDW progress: checked=116000 mapped=116000 fallback=0
STRESS IDW progress: checked=116500 mapped=116500 fallback=0
STRESS IDW progress: checked=117000 mapped=117000 fallback=0
STRESS IDW progress: checked=117500 mapped=117500 fallback=0
STRESS IDW progress: checked=118000 mapped=118000 fallback=0
STRESS IDW progress: checked=118500 mapped=118500 fallback=0
STRESS IDW progress: checked=119000 mapped=119000 fallback=0
STRESS IDW progress: checked=119500 mapped=119500 fallback=0
STRESS IDW progress: checked=120000 mapped=120000 fallback=0
STRESS IDW progress: checked=120500 mapped=120500 fallback=0
STRESS IDW progress: checked=121000 mapped=121000 fallback=0
STRESS IDW progress: checked=121500 mapped=121500 fallback=0
STRESS IDW progress: checked=122000 mapped=122000 fallback=0
STRESS IDW progress: checked=122500 mapped=122500 fallback=0
STRESS IDW progress: checked=123000 mapped=123000 fallback=0
STRESS IDW progress: checked=123500 mapped=123500 fallback=0
STRESS IDW progress: checked=124000 mapped=124000 fallback=0
STRESS IDW progress: checked=124500 mapped=124500 fallback=0
STRESS IDW progress: checked=125000 mapped=125000 fallback=0
STRESS IDW progress: checked=125500 mapped=125500 fallback=0
STRESS IDW progress: checked=126000 mapped=126000 fallback=0
STRESS IDW progress: checked=126500 mapped=126500 fallback=0
STRESS IDW progress: checked=127000 mapped=127000 fallback=0
STRESS IDW progress: checked=127500 mapped=127500 fallback=0
STRESS IDW progress: checked=128000 mapped=128000 fallback=0
STRESS IDW progress: checked=128500 mapped=128500 fallback=0
STRESS IDW progress: checked=129000 mapped=129000 fallback=0
STRESS IDW progress: checked=129500 mapped=129500 fallback=0
STRESS IDW progress: checked=130000 mapped=130000 fallback=0
STRESS IDW progress: checked=130500 mapped=130500 fallback=0
STRESS IDW progress: checked=131000 mapped=131000 fallback=0
STRESS IDW progress: checked=131500 mapped=131500 fallback=0
STRESS IDW progress: checked=132000 mapped=132000 fallback=0
STRESS IDW progress: checked=132500 mapped=132500 fallback=0
STRESS IDW progress: checked=133000 mapped=133000 fallback=0
STRESS IDW progress: checked=133500 mapped=133500 fallback=0
STRESS IDW progress: checked=134000 mapped=134000 fallback=0
STRESS IDW progress: checked=134500 mapped=134500 fallback=0
STRESS IDW progress: checked=135000 mapped=135000 fallback=0
STRESS IDW progress: checked=135500 mapped=135500 fallback=0
STRESS IDW progress: checked=136000 mapped=136000 fallback=0
STRESS IDW progress: checked=136500 mapped=136500 fallback=0
STRESS IDW progress: checked=137000 mapped=137000 fallback=0
STRESS IDW progress: checked=137500 mapped=137500 fallback=0
STRESS IDW progress: checked=138000 mapped=138000 fallback=0
STRESS IDW progress: checked=138500 mapped=138500 fallback=0
STRESS IDW progress: checked=139000 mapped=139000 fallback=0
STRESS IDW progress: checked=139500 mapped=139500 fallback=0
STRESS IDW progress: checked=140000 mapped=140000 fallback=0
STRESS IDW progress: checked=140500 mapped=140500 fallback=0
STRESS IDW progress: checked=141000 mapped=141000 fallback=0
STRESS IDW progress: checked=141500 mapped=141500 fallback=0
STRESS IDW progress: checked=142000 mapped=142000 fallback=0
STRESS IDW progress: checked=142500 mapped=142500 fallback=0
STRESS IDW progress: checked=143000 mapped=143000 fallback=0
STRESS IDW progress: checked=143500 mapped=143500 fallback=0
STRESS IDW progress: checked=144000 mapped=144000 fallback=0
STRESS IDW progress: checked=144500 mapped=144500 fallback=0
STRESS IDW progress: checked=145000 mapped=145000 fallback=0
STRESS IDW progress: checked=145500 mapped=145500 fallback=0
STRESS IDW progress: checked=146000 mapped=146000 fallback=0
STRESS IDW progress: checked=146500 mapped=146500 fallback=0
STRESS IDW progress: checked=147000 mapped=147000 fallback=0
STRESS IDW progress: checked=147500 mapped=147500 fallback=0
STRESS IDW progress: checked=148000 mapped=148000 fallback=0
STRESS IDW progress: checked=148500 mapped=148500 fallback=0
STRESS IDW progress: checked=149000 mapped=149000 fallback=0
STRESS IDW progress: checked=149500 mapped=149500 fallback=0
STRESS IDW progress: checked=150000 mapped=150000 fallback=0
STRESS IDW progress: checked=150500 mapped=150500 fallback=0
STRESS IDW progress: checked=151000 mapped=151000 fallback=0
STRESS IDW progress: checked=151500 mapped=151500 fallback=0
STRESS IDW progress: checked=152000 mapped=152000 fallback=0
STRESS IDW progress: checked=152500 mapped=152500 fallback=0
STRESS IDW progress: checked=153000 mapped=153000 fallback=0
STRESS IDW progress: checked=153500 mapped=153500 fallback=0
STRESS IDW progress: checked=154000 mapped=154000 fallback=0
STRESS IDW progress: checked=154500 mapped=154500 fallback=0
STRESS IDW progress: checked=155000 mapped=155000 fallback=0
STRESS IDW progress: checked=155500 mapped=155500 fallback=0
STRESS IDW progress: checked=156000 mapped=156000 fallback=0
STRESS IDW progress: checked=156500 mapped=156500 fallback=0
STRESS IDW progress: checked=157000 mapped=157000 fallback=0
STRESS IDW progress: checked=157500 mapped=157500 fallback=0
STRESS IDW progress: checked=158000 mapped=158000 fallback=0
STRESS IDW progress: checked=158500 mapped=158500 fallback=0
STRESS IDW progress: checked=159000 mapped=159000 fallback=0
STRESS IDW progress: checked=159500 mapped=159500 fallback=0
STRESS IDW progress: checked=160000 mapped=160000 fallback=0
STRESS IDW progress: checked=160500 mapped=160500 fallback=0
STRESS IDW progress: checked=161000 mapped=161000 fallback=0
STRESS IDW progress: checked=161500 mapped=161500 fallback=0
STRESS IDW progress: checked=162000 mapped=162000 fallback=0
STRESS IDW progress: checked=162500 mapped=162500 fallback=0
STRESS IDW progress: checked=163000 mapped=163000 fallback=0
STRESS IDW progress: checked=163500 mapped=163500 fallback=0
STRESS IDW progress: checked=164000 mapped=164000 fallback=0
STRESS IDW progress: checked=164500 mapped=164500 fallback=0
STRESS IDW progress: checked=165000 mapped=165000 fallback=0
STRESS IDW progress: checked=165500 mapped=165500 fallback=0
STRESS IDW progress: checked=166000 mapped=166000 fallback=0
STRESS IDW progress: checked=166500 mapped=166500 fallback=0
STRESS IDW progress: checked=167000 mapped=167000 fallback=0
STRESS IDW progress: checked=167500 mapped=167500 fallback=0
STRESS IDW progress: checked=168000 mapped=168000 fallback=0
STRESS IDW progress: checked=168500 mapped=168500 fallback=0
STRESS IDW progress: checked=169000 mapped=169000 fallback=0
STRESS IDW progress: checked=169500 mapped=169500 fallback=0
STRESS IDW progress: checked=170000 mapped=170000 fallback=0
STRESS IDW progress: checked=170500 mapped=170500 fallback=0
STRESS IDW progress: checked=171000 mapped=171000 fallback=0
STRESS IDW progress: checked=171500 mapped=171500 fallback=0
STRESS IDW progress: checked=172000 mapped=172000 fallback=0
STRESS IDW progress: checked=172500 mapped=172500 fallback=0
STRESS IDW progress: checked=173000 mapped=173000 fallback=0
STRESS IDW progress: checked=173500 mapped=173500 fallback=0
STRESS IDW progress: checked=174000 mapped=174000 fallback=0
STRESS IDW progress: checked=174500 mapped=174500 fallback=0
STRESS IDW progress: checked=175000 mapped=175000 fallback=0
STRESS IDW progress: checked=175500 mapped=175500 fallback=0
STRESS IDW progress: checked=176000 mapped=176000 fallback=0
STRESS IDW progress: checked=176500 mapped=176500 fallback=0
STRESS IDW progress: checked=177000 mapped=177000 fallback=0
STRESS IDW progress: checked=177500 mapped=177500 fallback=0
STRESS IDW progress: checked=178000 mapped=178000 fallback=0
STRESS IDW progress: checked=178500 mapped=178500 fallback=0
STRESS IDW progress: checked=179000 mapped=179000 fallback=0
STRESS IDW progress: checked=179500 mapped=179500 fallback=0
STRESS IDW progress: checked=180000 mapped=180000 fallback=0
STRESS IDW progress: checked=180500 mapped=180500 fallback=0
STRESS IDW progress: checked=181000 mapped=181000 fallback=0
STRESS IDW progress: checked=181500 mapped=181500 fallback=0
STRESS IDW progress: checked=182000 mapped=182000 fallback=0
STRESS IDW progress: checked=182500 mapped=182500 fallback=0
STRESS IDW progress: checked=183000 mapped=183000 fallback=0
STRESS IDW progress: checked=183500 mapped=183500 fallback=0
STRESS IDW progress: checked=184000 mapped=184000 fallback=0
STRESS IDW progress: checked=184500 mapped=184500 fallback=0
STRESS IDW progress: checked=185000 mapped=185000 fallback=0
STRESS IDW progress: checked=185500 mapped=185500 fallback=0
STRESS IDW progress: checked=186000 mapped=186000 fallback=0
STRESS IDW progress: checked=186500 mapped=186500 fallback=0
STRESS IDW progress: checked=187000 mapped=187000 fallback=0
STRESS IDW progress: checked=187500 mapped=187500 fallback=0
STRESS IDW progress: checked=188000 mapped=188000 fallback=0
STRESS IDW progress: checked=188500 mapped=188500 fallback=0
STRESS IDW progress: checked=189000 mapped=189000 fallback=0
STRESS IDW progress: checked=189500 mapped=189500 fallback=0
STRESS IDW progress: checked=190000 mapped=190000 fallback=0
STRESS IDW progress: checked=190500 mapped=190500 fallback=0
STRESS IDW progress: checked=191000 mapped=191000 fallback=0
STRESS IDW progress: checked=191500 mapped=191500 fallback=0
STRESS IDW progress: checked=192000 mapped=192000 fallback=0
STRESS IDW progress: checked=192500 mapped=192500 fallback=0
STRESS IDW progress: checked=193000 mapped=193000 fallback=0
STRESS IDW progress: checked=193500 mapped=193500 fallback=0
STRESS IDW progress: checked=194000 mapped=194000 fallback=0
STRESS IDW progress: checked=194500 mapped=194500 fallback=0
STRESS IDW progress: checked=195000 mapped=195000 fallback=0
STRESS IDW progress: checked=195500 mapped=195500 fallback=0
STRESS IDW progress: checked=196000 mapped=196000 fallback=0
STRESS IDW progress: checked=196500 mapped=196500 fallback=0
STRESS IDW progress: checked=197000 mapped=197000 fallback=0
STRESS IDW progress: checked=197500 mapped=197500 fallback=0
STRESS IDW progress: checked=198000 mapped=198000 fallback=0
STRESS IDW progress: checked=198500 mapped=198500 fallback=0
STRESS IDW progress: checked=199000 mapped=199000 fallback=0
STRESS IDW progress: checked=199500 mapped=199500 fallback=0
STRESS IDW progress: checked=200000 mapped=200000 fallback=0
STRESS IDW progress: checked=200500 mapped=200500 fallback=0
STRESS IDW progress: checked=201000 mapped=201000 fallback=0
STRESS IDW progress: checked=201500 mapped=201500 fallback=0
STRESS IDW progress: checked=202000 mapped=202000 fallback=0
STRESS IDW progress: checked=202500 mapped=202500 fallback=0
STRESS IDW progress: checked=203000 mapped=203000 fallback=0
STRESS IDW progress: checked=203500 mapped=203500 fallback=0
STRESS IDW progress: checked=204000 mapped=204000 fallback=0
STRESS IDW progress: checked=204500 mapped=204500 fallback=0
STRESS IDW progress: checked=205000 mapped=205000 fallback=0
STRESS IDW progress: checked=205500 mapped=205500 fallback=0
STRESS IDW progress: checked=206000 mapped=206000 fallback=0
STRESS IDW progress: checked=206500 mapped=206500 fallback=0
STRESS IDW progress: checked=207000 mapped=207000 fallback=0
STRESS IDW progress: checked=207500 mapped=207500 fallback=0
STRESS IDW progress: checked=208000 mapped=208000 fallback=0
STRESS IDW progress: checked=208500 mapped=208500 fallback=0
STRESS IDW progress: checked=209000 mapped=209000 fallback=0
STRESS IDW progress: checked=209500 mapped=209500 fallback=0
STRESS IDW progress: checked=210000 mapped=210000 fallback=0
STRESS IDW progress: checked=210500 mapped=210500 fallback=0
STRESS IDW progress: checked=211000 mapped=211000 fallback=0
STRESS IDW progress: checked=211500 mapped=211500 fallback=0
STRESS IDW progress: checked=212000 mapped=212000 fallback=0
STRESS IDW progress: checked=212500 mapped=212500 fallback=0
STRESS IDW progress: checked=213000 mapped=213000 fallback=0
STRESS IDW progress: checked=213500 mapped=213500 fallback=0
STRESS IDW progress: checked=214000 mapped=214000 fallback=0
STRESS IDW progress: checked=214500 mapped=214500 fallback=0
STRESS IDW progress: checked=215000 mapped=215000 fallback=0
STRESS IDW progress: checked=215500 mapped=215500 fallback=0
STRESS IDW progress: checked=216000 mapped=216000 fallback=0
STRESS IDW progress: checked=216500 mapped=216500 fallback=0
STRESS IDW progress: checked=217000 mapped=217000 fallback=0
STRESS IDW progress: checked=217500 mapped=217500 fallback=0
STRESS IDW progress: checked=218000 mapped=218000 fallback=0
STRESS IDW progress: checked=218500 mapped=218500 fallback=0
STRESS IDW progress: checked=219000 mapped=219000 fallback=0
STRESS IDW progress: checked=219500 mapped=219500 fallback=0
STRESS IDW progress: checked=220000 mapped=220000 fallback=0
STRESS IDW progress: checked=220500 mapped=220500 fallback=0
STRESS IDW progress: checked=221000 mapped=221000 fallback=0
STRESS IDW progress: checked=221500 mapped=221500 fallback=0
STRESS IDW progress: checked=222000 mapped=222000 fallback=0
STRESS IDW progress: checked=222500 mapped=222500 fallback=0
STRESS IDW progress: checked=223000 mapped=223000 fallback=0
STRESS IDW progress: checked=223500 mapped=223500 fallback=0
STRESS IDW progress: checked=224000 mapped=224000 fallback=0
STRESS IDW progress: checked=224500 mapped=224500 fallback=0
STRESS IDW progress: checked=225000 mapped=225000 fallback=0
STRESS IDW progress: checked=225500 mapped=225500 fallback=0
STRESS IDW progress: checked=226000 mapped=226000 fallback=0
STRESS IDW progress: checked=226500 mapped=226500 fallback=0
STRESS IDW mapped: 226800  fallback: 0
flac3d>
flac3d>; ============================================================
flac3d>;  CSV
flac3d>; : step_pair(1) phase(2) cycle(3) L_xmin(4) L_xmax(5) R_xmin(6)
flac3d>;       R_xmax(7) ratio_target(8) ratio_local(9) converged(10)
flac3d>;       box_id(11) monitor_x(12) boundary(13) target_coord(14)
flac3d>;       actual_coord(15) gp_id(16) x(17) y(18) z(19) ux(20) uy(21) uz(22)
flac3d>;
flac3d>;  box =  step_pair(mp)  cycle(mc) 
flac3d>; ============================================================
flac3d>[global ndisp = 0]
flac3d>
flac3d>fish define ReadBoundaryDisp
   Def>    local fl = array.create(1)
   Def>    local st = file.open(disp_file, 0, 1)
   Def>    if st # 0 then
   Def>        io.out('[WARN] cannot open disp file: ' + disp_file)
   Def>        ndisp = 0
   Def>        exit
   Def>    endif
   Def>    ; ---- pass 1:  box  max step_pair(mp)  max cycle(mc) ----
   Def>    st = file.read(fl, 1)          ; header
   Def>    local mp = -1.0
   Def>    local mc = -1.0
   Def>    st = file.read(fl, 1)
   Def>    loop while st = 0
   Def>        local ln = fl(1)
   Def>        if string.token(ln, 11) = box_tag then
   Def>            local sp = float(string.token(ln, 1))
   Def>            local cy = float(string.token(ln, 3))
   Def>            if sp > mp then
   Def>                mp = sp
   Def>                mc = cy
   Def>            else
   Def>                if sp = mp then
   Def>                    if cy > mc then
   Def>                        mc = cy
   Def>                    endif
   Def>                endif
   Def>            endif
   Def>        endif
   Def>        st = file.read(fl, 1)
   Def>    endloop
   Def>    st = file.close
   Def>    global disp_mp = mp
   Def>    global disp_mc = mc
   Def>
   Def>    ; ---- pass 2:  (box, mp, mc)  ----
   Def>    st = file.open(disp_file, 0, 1)
   Def>    st = file.read(fl, 1)
   Def>    local cnt = 0
   Def>    st = file.read(fl, 1)
   Def>    loop while st = 0
   Def>        local ln2 = fl(1)
   Def>        if string.token(ln2, 11) = box_tag then
   Def>            if float(string.token(ln2, 1)) = mp then
   Def>                if float(string.token(ln2, 3)) = mc then
   Def>                    cnt = cnt + 1
   Def>                endif
   Def>            endif
   Def>        endif
   Def>        st = file.read(fl, 1)
   Def>    endloop
   Def>    st = file.close
   Def>    ndisp = cnt
   Def>    if cnt = 0 then
   Def>        io.out('[WARN] no boundary disp rows for ' + box_tag)
   Def>        exit
   Def>    endif
   Def>    global dxdat  = array.create(cnt)
   Def>    global dydat  = array.create(cnt)
   Def>    global dzdat  = array.create(cnt)
   Def>    global duxdat = array.create(cnt)
   Def>    global duydat = array.create(cnt)
   Def>    global duzdat = array.create(cnt)
   Def>
   Def>    ; ---- pass 3:  ----
   Def>    st = file.open(disp_file, 0, 1)
   Def>    st = file.read(fl, 1)
   Def>    local i = 0
   Def>    st = file.read(fl, 1)
   Def>    loop while st = 0
   Def>        local ln3 = fl(1)
   Def>        if string.token(ln3, 11) = box_tag then
   Def>            if float(string.token(ln3, 1)) = mp then
   Def>                if float(string.token(ln3, 3)) = mc then
   Def>                    i = i + 1
   Def>                    dxdat(i)  = float(string.token(ln3, 17))
   Def>                    dydat(i)  = float(string.token(ln3, 18))
   Def>                    dzdat(i)  = float(string.token(ln3, 19))
   Def>                    duxdat(i) = float(string.token(ln3, 20))
   Def>                    duydat(i) = float(string.token(ln3, 21))
   Def>                    duzdat(i) = float(string.token(ln3, 22))
   Def>                endif
   Def>            endif
   Def>        endif
   Def>        st = file.read(fl, 1)
   Def>    endloop
   Def>    st = file.close
   Def>    io.out('boundary disp loaded for ' + box_tag + ': ' + string(i) + ' rows (mp=' + string(mp) + ' mc=' + string(mc) + ')')
   Def>end
flac3d>@ReadBoundaryDisp
boundary disp loaded for sub_2896: 7118 rows (mp=54 mc=2000)
flac3d>
flac3d>; ============================================================
flac3d>;  gridpoint  IDW 
flac3d>;  gp.disp/ gp.extra(1..3)
flac3d>; ============================================================
flac3d>fish define MapDispToBoundary
   Def>    if ndisp = 0 then
   Def>        io.out('[WARN] no boundary disp data; skip displacement mapping')
   Def>        exit
   Def>    endif
   Def>    local sr = 4.0
   Def>    local sr2 = sr * sr
   Def>    local nset = 0
   Def>    loop foreach local g gp.list
   Def>        local gx = gp.pos.x(g)
   Def>        local gy = gp.pos.y(g)
   Def>        local gz = gp.pos.z(g)
   Def>        local onface = 0
   Def>        if math.abs(gx - box_xmin) <= face_tol then
   Def>            onface = 1
   Def>        endif
   Def>        if math.abs(gx - box_xmax) <= face_tol then
   Def>            onface = 1
   Def>        endif
   Def>        if math.abs(gy - box_ymin) <= face_tol then
   Def>            onface = 1
   Def>        endif
   Def>        if math.abs(gy - box_ymax) <= face_tol then
   Def>            onface = 1
   Def>        endif
   Def>        if math.abs(gz - box_zmin) <= face_tol then
   Def>            onface = 1
   Def>        endif
   Def>        if math.abs(gz - box_zmax) <= face_tol then
   Def>            onface = 1
   Def>        endif
   Def>        if onface = 1 then
   Def>            local sw = 0.0
   Def>            local sux = 0.0
   Def>            local suy = 0.0
   Def>            local suz = 0.0
   Def>            local dmin = 1.0e30
   Def>            local inear = 1
   Def>            loop local p (1, ndisp)
   Def>                local ddx = gx - dxdat(p)
   Def>                local ddy = gy - dydat(p)
   Def>                local ddz = gz - dzdat(p)
   Def>                local d2 = ddx * ddx + ddy * ddy + ddz * ddz
   Def>                if d2 < dmin then
   Def>                    dmin = d2
   Def>                    inear = p
   Def>                endif
   Def>                if d2 <= sr2 then
   Def>                    if d2 < 1.0e-10 then
   Def>                        d2 = 1.0e-10
   Def>                    endif
   Def>                    local w = 1.0 / d2
   Def>                    sw  = sw  + w
   Def>                    sux = sux + duxdat(p) * w
   Def>                    suy = suy + duydat(p) * w
   Def>                    suz = suz + duzdat(p) * w
   Def>                endif
   Def>            endloop
   Def>            local ux = 0.0
   Def>            local uy = 0.0
   Def>            local uz = 0.0
   Def>            if sw > 0.0 then
   Def>                ux = sux / sw
   Def>                uy = suy / sw
   Def>                uz = suz / sw
   Def>            else
   Def>                ux = duxdat(inear)
   Def>                uy = duydat(inear)
   Def>                uz = duzdat(inear)
   Def>            endif
   Def>            gp.disp.x(g) = ux
   Def>            gp.disp.y(g) = uy
   Def>            gp.disp.z(g) = uz
   Def>            gp.extra(g, 1) = ux
   Def>            gp.extra(g, 2) = uy
   Def>            gp.extra(g, 3) = uz
   Def>            nset = nset + 1
   Def>        endif
   Def>    endloop
   Def>    io.out('boundary gp displacement set: ' + string(nset))
   Def>end
flac3d>@MapDispToBoundary
boundary gp displacement set: 23738
flac3d>
flac3d>; ============================================================
flac3d>;  (hold) = 
flac3d>; ============================================================
flac3d>zone gridpoint fix velocity range position-x 2845.95 2846.05
--- Fix velocity         specified in 2365 gridpoints.
flac3d>zone gridpoint fix velocity range position-x 2945.95 2946.05
--- Fix velocity         specified in 2365 gridpoints.
flac3d>zone gridpoint fix velocity range position-y 4774.95 4775.05
--- Fix velocity         specified in 5555 gridpoints.
flac3d>zone gridpoint fix velocity range position-y 4824.95 4825.05
--- Fix velocity         specified in 5555 gridpoints.
flac3d>zone gridpoint fix velocity range position-z 191.95  192.05
--- Fix velocity         specified in 4343 gridpoints.
flac3d>zone gridpoint fix velocity range position-z 241.95  242.05
--- Fix velocity         specified in 4343 gridpoints.
flac3d>
flac3d>; ============================================================
flac3d>; 
flac3d>; ============================================================
flac3d>model save 'D:/FLAC_AI/3D_small/0531/2896/sub_2896_initial_state'
--- Model saved to file D:/FLAC_AI/3D_small/0531/2896/sub_2896_initial_state.f3sav.
flac3d>program echo-line '=== read_far_boundary_sub_2896.f3dat complete ==='
=== read_far_boundary_sub_2896.f3dat complete === 
flac3d>program quit
